Archive member included to satisfy reference by file (symbol)

../lib-c/lib_gd32/libc.a(printf.o)
                              build_gd32/firmware/main.o (printf)
/Users/arjanvanvught/Library/xPacks/@xpack-dev-tools/arm-none-eabi-gcc/11.3.1-1.1.2/.content/bin/../lib/gcc/arm-none-eabi/11.3.1/thumb/v7e-m+fp/hard/libgcc.a(_arm_truncdfsf2.o)
                              ../lib-c/lib_gd32/libc.a(printf.o) (__aeabi_d2f)
/Users/arjanvanvught/Library/xPacks/@xpack-dev-tools/arm-none-eabi-gcc/11.3.1-1.1.2/.content/bin/../lib/gcc/arm-none-eabi/11.3.1/thumb/v7e-m+fp/hard/libgcc.a(_aeabi_uldivmod.o)
                              ../lib-c/lib_gd32/libc.a(printf.o) (__aeabi_uldivmod)
/Users/arjanvanvught/Library/xPacks/@xpack-dev-tools/arm-none-eabi-gcc/11.3.1-1.1.2/.content/bin/../lib/gcc/arm-none-eabi/11.3.1/thumb/v7e-m+fp/hard/libgcc.a(_udivmoddi4.o)
                              /Users/arjanvanvught/Library/xPacks/@xpack-dev-tools/arm-none-eabi-gcc/11.3.1-1.1.2/.content/bin/../lib/gcc/arm-none-eabi/11.3.1/thumb/v7e-m+fp/hard/libgcc.a(_aeabi_uldivmod.o) (__udivmoddi4)
/Users/arjanvanvught/Library/xPacks/@xpack-dev-tools/arm-none-eabi-gcc/11.3.1-1.1.2/.content/bin/../lib/gcc/arm-none-eabi/11.3.1/thumb/v7e-m+fp/hard/libgcc.a(_dvmd_tls.o)
                              /Users/arjanvanvught/Library/xPacks/@xpack-dev-tools/arm-none-eabi-gcc/11.3.1-1.1.2/.content/bin/../lib/gcc/arm-none-eabi/11.3.1/thumb/v7e-m+fp/hard/libgcc.a(_aeabi_uldivmod.o) (__aeabi_ldiv0)
../lib-widget/lib_gd32/libwidget.a(widget.o)
                              build_gd32/firmware/main.o (Widget::Widget())
../lib-widget/lib_gd32/libwidget.a(widgetconfiguration.o)
                              ../lib-widget/lib_gd32/libwidget.a(widget.o) (WidgetConfiguration::s_nRefreshRate)
../lib-widget/lib_gd32/libwidget.a(widgetmonitor.o)
                              ../lib-widget/lib_gd32/libwidget.a(widget.o) (WidgetMonitor::Line(int, char const*, ...))
../lib-widget/lib_gd32/libwidget.a(widgetparams.o)
                              build_gd32/firmware/main.o (WidgetParams::WidgetParams(WidgetParamsStore*))
../lib-widget/lib_gd32/libwidget.a(widgetparamsconst.o)
                              ../lib-widget/lib_gd32/libwidget.a(widgetparams.o) (WidgetParamsConst::DMX_SEND_TO_HOST_THROTTLE)
../lib-widget/lib_gd32/libwidget.a(widgetparamsdump.o)
                              build_gd32/firmware/main.o (WidgetParams::Dump())
../lib-widget/lib_gd32/libwidget.a(widgetsniffer.o)
                              build_gd32/firmware/main.o (Widget::SnifferDmx())
../lib-widget/lib_gd32/libwidget.a(widgetusb.o)
                              ../lib-widget/lib_gd32/libwidget.a(widget.o) (Widget::SendHeader(unsigned char, unsigned int))
../lib-widget/lib_gd32/libwidget.a(widgetconfiguration.o)
                              ../lib-widget/lib_gd32/libwidget.a(widget.o) (WidgetConfiguration::Store(TWidgetConfiguration const*))
../lib-widget/lib_gd32/libwidget.a(widgetmonitor.o)
                              ../lib-widget/lib_gd32/libwidget.a(widget.o) (WidgetMonitor::RdmData(int, unsigned short, unsigned char const*, bool))
../lib-dmx/lib_gd32/libdmx.a(rdm.o)
                              ../lib-widget/lib_gd32/libwidget.a(widget.o) (Rdm::Receive(unsigned int))
../lib-dmx/lib_gd32/libdmx.a(dmx.o)
                              ../lib-widget/lib_gd32/libwidget.a(widget.o) (Dmx::ClearData(unsigned int))
../lib-usb/lib_gd32/libusb.a(usb.o)
                              ../lib-widget/lib_gd32/libwidget.a(widget.o) (usb_read_byte)
../lib-usb/lib_gd32/libusb.a(ft245rl.o)
                              ../lib-widget/lib_gd32/libwidget.a(widget.o) (FT245RL_init)
../lib-rdm/lib_gd32/librdm.a(rdmconst.o)
                              ../lib-widget/lib_gd32/libwidget.a(widget.o) (RDMConst::MANUFACTURER_ID)
../lib-rdm/lib_gd32/librdm.a(rdmdevice.o)
                              ../lib-widget/lib_gd32/libwidget.a(widget.o) (RDMDevice::RDMDevice())
../lib-rdm/lib_gd32/librdm.a(rdmdeviceparams.o)
                              build_gd32/firmware/main.o (RDMDeviceParams::RDMDeviceParams(RDMDeviceParamsStore*))
../lib-rdm/lib_gd32/librdm.a(rdmdeviceparamsconst.o)
                              ../lib-rdm/lib_gd32/librdm.a(rdmdeviceparams.o) (RDMDeviceParamsConst::PRODUCT_DETAIL)
../lib-network/lib_gd32/libnetwork.a(network.o)
                              build_gd32/firmware/main.o (Network::Network())
../lib-configstore/lib_gd32/libconfigstore.a(configstore.o)
                              build_gd32/firmware/main.o (ConfigStore::ConfigStore())
../lib-configstore/lib_gd32/libconfigstore.a(storedevice.o)
                              ../lib-configstore/lib_gd32/libconfigstore.a(configstore.o) (StoreDevice::StoreDevice())
../lib-configstore/lib_gd32/libconfigstore.a(storerdmdevice.o)
                              build_gd32/firmware/main.o (StoreRDMDevice::StoreRDMDevice())
../lib-configstore/lib_gd32/libconfigstore.a(storewidget.o)
[...]
Memory Configuration

Name             Origin             Length             Attributes
FLASH            0x0000000008000000 0x0000000000040000 xr
RAM              0x0000000020000000 0x000000000000c000 xrw
*default*        0x0000000000000000 0xffffffffffffffff

Linker script and memory map

LOAD build_gd32/startup_gd32f30x_hd.o
LOAD build_gd32/firmware/main.o
                0x0000000000001000                __heap_size = DEFINED (__heap_size)?__heap_size:0x1000
                0x0000000000001000                __stack_size = DEFINED (__stack_size)?__stack_size:0x1000

.vectors        0x0000000008000000      0x130
                0x0000000008000000                . = ALIGN (0x4)
 *(.vectors)
 .vectors       0x0000000008000000      0x130 build_gd32/startup_gd32f30x_hd.o
                0x0000000008000000                __gVectors
                0x0000000008000130                . = ALIGN (0x4)
                0x0000000008000130                __Vectors_End = .
                0x0000000008000130                __Vectors_Size = (__Vectors_End - __gVectors)

.text           0x0000000008000130     0x49f0
                0x0000000008000130                . = ALIGN (0x4)
 *(.text.unlikely*)
 .text.unlikely.console_init
                0x0000000008000130       0x20 ../lib-hal/lib_gd32/libhal.a(console_uart0.o)
                0x0000000008000130                console_init
 *(.text.hot*)
 *(.text)
 .text          0x0000000008000150       0x58 build_gd32/startup_gd32f30x_hd.o
                0x0000000008000164                Reset_Handler
 .text          0x00000000080001a8       0xa0 /Users/arjanvanvught/Library/xPacks/@xpack-dev-tools/arm-none-eabi-gcc/11.3.1-1.1.2/.content/bin/../lib/gcc/arm-none-eabi/11.3.1/thumb/v7e-m+fp/hard/libgcc.a(_arm_truncdfsf2.o)
                0x00000000080001a8                __aeabi_d2f
                0x00000000080001a8                __truncdfsf2
 .text          0x0000000008000248       0x30 /Users/arjanvanvught/Library/xPacks/@xpack-dev-tools/arm-none-eabi-gcc/11.3.1-1.1.2/.content/bin/../lib/gcc/arm-none-eabi/11.3.1/thumb/v7e-m+fp/hard/libgcc.a(_aeabi_uldivmod.o)
                0x0000000008000248                __aeabi_uldivmod
 .text          0x0000000008000278        0x4 /Users/arjanvanvught/Library/xPacks/@xpack-dev-tools/arm-none-eabi-gcc/11.3.1-1.1.2/.content/bin/../lib/gcc/arm-none-eabi/11.3.1/thumb/v7e-m+fp/hard/libgcc.a(_dvmd_tls.o)
                0x0000000008000278                __aeabi_ldiv0
                0x0000000008000278                __aeabi_idiv0
 *(.text*)
 .text.Default_Handler
                0x000000000800027c        0x2 build_gd32/startup_gd32f30x_hd.o
                0x000000000800027c                DMA0_Channel4_IRQHandler
                0x000000000800027c                EXTI2_IRQHandler
                0x000000000800027c                TIMER5_IRQHandler
                0x000000000800027c                DebugMon_Handler
                0x000000000800027c                LVD_IRQHandler
                0x000000000800027c                TIMER0_BRK_IRQHandler
                0x000000000800027c                HardFault_Handler
                0x000000000800027c                ADC0_1_IRQHandler
                0x000000000800027c                TIMER0_UP_IRQHandler
                0x000000000800027c                SDIO_IRQHandler
                0x000000000800027c                PendSV_Handler
                0x000000000800027c                NMI_Handler
                0x000000000800027c                EXTI3_IRQHandler
                0x000000000800027c                DMA0_Channel6_IRQHandler
                0x000000000800027c                I2C0_EV_IRQHandler
                0x000000000800027c                EXTI0_IRQHandler
                0x000000000800027c                UsageFault_Handler
                0x000000000800027c                TIMER4_IRQHandler
                0x000000000800027c                SPI1_IRQHandler
                0x000000000800027c                DMA0_Channel0_IRQHandler
                0x000000000800027c                TAMPER_IRQHandler
                0x000000000800027c                DMA1_Channel0_IRQHandler
                0x000000000800027c                DMA0_Channel3_IRQHandler
                0x000000000800027c                I2C0_ER_IRQHandler
                0x000000000800027c                RTC_IRQHandler
                0x000000000800027c                TIMER7_UP_IRQHandler
                0x000000000800027c                DMA0_Channel2_IRQHandler
                0x000000000800027c                TIMER7_TRG_CMT_IRQHandler
                0x000000000800027c                TIMER0_TRG_CMT_IRQHandler
                0x000000000800027c                I2C1_EV_IRQHandler
                0x000000000800027c                UART4_IRQHandler
                0x000000000800027c                EXTI10_15_IRQHandler
                0x000000000800027c                DMA1_Channel1_IRQHandler
                0x000000000800027c                Default_Handler
                0x000000000800027c                TIMER7_Channel_IRQHandler
                0x000000000800027c                WWDGT_IRQHandler
                0x000000000800027c                EXMC_IRQHandler
                0x000000000800027c                ADC2_IRQHandler
                0x000000000800027c                SPI2_IRQHandler
                0x000000000800027c                MemManage_Handler
                0x000000000800027c                USBD_WKUP_IRQHandler
                0x000000000800027c                SVC_Handler
                0x000000000800027c                RCU_CTC_IRQHandler
                0x000000000800027c                TIMER7_BRK_IRQHandler
                0x000000000800027c                EXTI4_IRQHandler
                0x000000000800027c                USBD_HP_CAN0_TX_IRQHandler
                0x000000000800027c                CAN0_RX1_IRQHandler
                0x000000000800027c                DMA0_Channel5_IRQHandler
                0x000000000800027c                EXTI5_9_IRQHandler
                0x000000000800027c                DMA0_Channel1_IRQHandler
                0x000000000800027c                TIMER0_Channel_IRQHandler
                0x000000000800027c                EXTI1_IRQHandler
                0x000000000800027c                SPI0_IRQHandler
                0x000000000800027c                DMA1_Channel3_4_IRQHandler
                0x000000000800027c                CAN0_EWMC_IRQHandler
                0x000000000800027c                DMA1_Channel2_IRQHandler
                0x000000000800027c                USBD_LP_CAN0_RX0_IRQHandler
                0x000000000800027c                BusFault_Handler
                0x000000000800027c                USART1_IRQHandler
                0x000000000800027c                UART3_IRQHandler
                0x000000000800027c                I2C1_ER_IRQHandler
                0x000000000800027c                FMC_IRQHandler
                0x000000000800027c                RTC_Alarm_IRQHandler
 .text._ZN9RDMDevice8SetLabelEPK18TRDMDeviceInfoData
                0x000000000800027e       0x52 build_gd32/firmware/main.o
                0x000000000800027e                RDMDevice::SetLabel(TRDMDeviceInfoData const*)
 .text.startup.main
                0x00000000080002d0      0x1dc build_gd32/firmware/main.o
                0x00000000080002d0                main
 .text._itostr  0x00000000080004ac       0x74 ../lib-c/lib_gd32/libc.a(printf.o)
 .text._xputch  0x0000000008000520       0x30 ../lib-c/lib_gd32/libc.a(printf.o)
 .text._format_int
                0x0000000008000550       0xd4 ../lib-c/lib_gd32/libc.a(printf.o)
 .text._format_hex
                0x0000000008000624       0xba ../lib-c/lib_gd32/libc.a(printf.o)
 *fill*         0x00000000080006de        0x2 
 .text._vprintf
                0x00000000080006e0      0x3b8 ../lib-c/lib_gd32/libc.a(printf.o)
 .text.printf   0x0000000008000a98       0x1e ../lib-c/lib_gd32/libc.a(printf.o)
                0x0000000008000a98                printf
 *fill*         0x0000000008000ab6        0x2 
 .text.__udivmoddi4
                0x0000000008000ab8      0x2c8 /Users/arjanvanvught/Library/xPacks/@xpack-dev-tools/arm-none-eabi-gcc/11.3.1-1.1.2/.content/bin/../lib/gcc/arm-none-eabi/11.3.1/thumb/v7e-m+fp/hard/libgcc.a(_udivmoddi4.o)
                0x0000000008000ab8                __udivmoddi4
 .text._ZN6WidgetC2Ev
                0x0000000008000d80       0x38 ../lib-widget/lib_gd32/libwidget.a(widget.o)
                0x0000000008000d80                Widget::Widget()
                0x0000000008000d80                Widget::Widget()
 .text._ZN6Widget14GetParamsReplyEv
                0x0000000008000db8       0x64 ../lib-widget/lib_gd32/libwidget.a(widget.o)
                0x0000000008000db8                Widget::GetParamsReply()
 .text._ZN6Widget9SetParamsEv
                0x0000000008000e1c       0x58 ../lib-widget/lib_gd32/libwidget.a(widget.o)
                0x0000000008000e1c                Widget::SetParams()
 .text._ZN6Widget17ReceivedDmxPacketEv
                0x0000000008000e74       0xa0 ../lib-widget/lib_gd32/libwidget.a(widget.o)
                0x0000000008000e74                Widget::ReceivedDmxPacket()
 .text._ZN6Widget30SendDmxPacketRequestOutputOnlyEt
                0x0000000008000f14       0x4c ../lib-widget/lib_gd32/libwidget.a(widget.o)
                0x0000000008000f14                Widget::SendDmxPacketRequestOutputOnly(unsigned short)
 .text._ZN6Widget20SendRdmPacketRequestEt
                0x0000000008000f60       0x54 ../lib-widget/lib_gd32/libwidget.a(widget.o)
                0x0000000008000f60                Widget::SendRdmPacketRequest(unsigned short)
 .text._ZN6Widget18ReceiveDmxOnChangeEv
                0x0000000008000fb4       0x50 ../lib-widget/lib_gd32/libwidget.a(widget.o)
                0x0000000008000fb4                Widget::ReceiveDmxOnChange()
 .text._ZN6Widget30ReceivedDmxChangeOfStatePacketEv
                0x0000000008001004       0x4c ../lib-widget/lib_gd32/libwidget.a(widget.o)
                0x0000000008001004                Widget::ReceivedDmxChangeOfStatePacket()
 .text._ZN6Widget10GetSnReplyEv
                0x0000000008001050       0x4c ../lib-widget/lib_gd32/libwidget.a(widget.o)
                0x0000000008001050                Widget::GetSnReply()
 .text._ZN6Widget23SendRdmDiscoveryRequestEt
                0x000000000800109c       0x48 ../lib-widget/lib_gd32/libwidget.a(widget.o)
                0x000000000800109c                Widget::SendRdmDiscoveryRequest(unsigned short)
 .text._ZN6Widget17RdmTimeOutMessageEv
                0x00000000080010e4       0x3c ../lib-widget/lib_gd32/libwidget.a(widget.o)
                0x00000000080010e4                Widget::RdmTimeOutMessage()
 .text._ZN6Widget17ReceivedRdmPacketEv
                0x0000000008001120       0xec ../lib-widget/lib_gd32/libwidget.a(widget.o)
                0x0000000008001120                Widget::ReceivedRdmPacket()
 .text._ZN6Widget10RdmTimeoutEv
                0x000000000800120c       0x30 ../lib-widget/lib_gd32/libwidget.a(widget.o)
                0x000000000800120c                Widget::RdmTimeout()
 .text._ZN6Widget20GetManufacturerReplyEv
                0x000000000800123c       0x6c ../lib-widget/lib_gd32/libwidget.a(widget.o)
                0x000000000800123c                Widget::GetManufacturerReply()
 .text._ZN6Widget12GetNameReplyEv
                0x00000000080012a8       0x6c ../lib-widget/lib_gd32/libwidget.a(widget.o)
                0x00000000080012a8                Widget::GetNameReply()
 .text._ZN6Widget19ReceiveDataFromHostEv
                0x0000000008001314      0x10c ../lib-widget/lib_gd32/libwidget.a(widget.o)
                0x0000000008001314                Widget::ReceiveDataFromHost()
 .text._ZN19WidgetConfiguration14SetRefreshRateEh
                0x0000000008001420       0x24 ../lib-widget/lib_gd32/libwidget.a(widgetconfiguration.o)
                0x0000000008001420                WidgetConfiguration::SetRefreshRate(unsigned char)
 .text._ZN19WidgetConfiguration12SetBreakTimeEh
                0x0000000008001444       0x30 ../lib-widget/lib_gd32/libwidget.a(widgetconfiguration.o)
                0x0000000008001444                WidgetConfiguration::SetBreakTime(unsigned char)
 .text._ZN19WidgetConfiguration10SetMabTimeEh
                0x0000000008001474       0x30 ../lib-widget/lib_gd32/libwidget.a(widgetconfiguration.o)
                0x0000000008001474                WidgetConfiguration::SetMabTime(unsigned char)
 .text._ZN19WidgetConfiguration7SetModeEN6widget4ModeE
                0x00000000080014a4       0x20 ../lib-widget/lib_gd32/libwidget.a(widgetconfiguration.o)
                0x00000000080014a4                WidgetConfiguration::SetMode(widget::Mode)
 .text._ZN19WidgetConfiguration11SetThrottleEh
                0x00000000080014c4       0x18 ../lib-widget/lib_gd32/libwidget.a(widgetconfiguration.o)
                0x00000000080014c4                WidgetConfiguration::SetThrottle(unsigned char)
 .text._ZN13WidgetMonitor4LineEiPKcz
                0x00000000080014dc        0x6 ../lib-widget/lib_gd32/libwidget.a(widgetmonitor.o)
                0x00000000080014dc                WidgetMonitor::Line(int, char const*, ...)
 *fill*         0x00000000080014e2        0x2 
 .text._ZN12WidgetParamsC2EP17WidgetParamsStore
                0x00000000080014e4       0x10 ../lib-widget/lib_gd32/libwidget.a(widgetparams.o)
                0x00000000080014e4                WidgetParams::WidgetParams(WidgetParamsStore*)
                0x00000000080014e4                WidgetParams::WidgetParams(WidgetParamsStore*)
 .text._ZN12WidgetParams4LoadEv
                0x00000000080014f4       0x34 ../lib-widget/lib_gd32/libwidget.a(widgetparams.o)
                0x00000000080014f4                WidgetParams::Load()
 .text._ZN12WidgetParams16callbackFunctionEPKc
                0x0000000008001528       0xc0 ../lib-widget/lib_gd32/libwidget.a(widgetparams.o)
                0x0000000008001528                WidgetParams::callbackFunction(char const*)
 .text._ZN12WidgetParams22staticCallbackFunctionEPvPKc
                0x00000000080015e8        0x4 ../lib-widget/lib_gd32/libwidget.a(widgetparams.o)
                0x00000000080015e8                WidgetParams::staticCallbackFunction(void*, char const*)
 .text._ZN12WidgetParams3SetEv
                0x00000000080015ec       0x46 ../lib-widget/lib_gd32/libwidget.a(widgetparams.o)
                0x00000000080015ec                WidgetParams::Set()
 .text._ZN12WidgetParams4DumpEv
                0x0000000008001632        0x2 ../lib-widget/lib_gd32/libwidget.a(widgetparamsdump.o)
                0x0000000008001632                WidgetParams::Dump()
 .text._ZN6Widget14UsbSendPackageEPKhtt
                0x0000000008001634       0x8e ../lib-widget/lib_gd32/libwidget.a(widgetsniffer.o)
                0x0000000008001634                Widget::UsbSendPackage(unsigned char const*, unsigned short, unsigned short)
 *fill*         0x00000000080016c2        0x2 
 .text._ZN6Widget10UsbCanSendEv
                0x00000000080016c4       0x3c ../lib-widget/lib_gd32/libwidget.a(widgetsniffer.o)
                0x00000000080016c4                Widget::UsbCanSend()
 .text._ZN6Widget10SnifferDmxEv
                0x0000000008001700       0x4c ../lib-widget/lib_gd32/libwidget.a(widgetsniffer.o)
                0x0000000008001700                Widget::SnifferDmx()
 .text._ZN6Widget10SnifferRdmEv
                0x000000000800174c       0xac ../lib-widget/lib_gd32/libwidget.a(widgetsniffer.o)
                0x000000000800174c                Widget::SnifferRdm()
 .text._ZN6Widget25SnifferFillTransmitBufferEv
                0x00000000080017f8       0x28 ../lib-widget/lib_gd32/libwidget.a(widgetsniffer.o)
                0x00000000080017f8                Widget::SnifferFillTransmitBuffer()
 .text._ZN6Widget10SendHeaderEhj
                0x0000000008001820       0x24 ../lib-widget/lib_gd32/libwidget.a(widgetusb.o)
                0x0000000008001820                Widget::SendHeader(unsigned char, unsigned int)
 .text._ZN6Widget8SendDataEPKhj
                0x0000000008001844       0x16 ../lib-widget/lib_gd32/libwidget.a(widgetusb.o)
                0x0000000008001844                Widget::SendData(unsigned char const*, unsigned int)
 .text._ZN6Widget10SendFooterEv
                0x000000000800185a        0x6 ../lib-widget/lib_gd32/libwidget.a(widgetusb.o)
                0x000000000800185a                Widget::SendFooter()
 .text._ZN6Widget11SendMessageEhPKhj
                0x0000000008001860       0x24 ../lib-widget/lib_gd32/libwidget.a(widgetusb.o)
                0x0000000008001860                Widget::SendMessage(unsigned char, unsigned char const*, unsigned int)
 .text._ZN11StoreWidget15UpdateBreakTimeEh
                0x0000000008001884       0x34 ../lib-widget/lib_gd32/libwidget.a(widgetconfiguration.o)
                0x0000000008001884                StoreWidget::UpdateBreakTime(unsigned char)
                0x00000000080018b0                non-virtual thunk to StoreWidget::UpdateBreakTime(unsigned char)
 .text._ZN11StoreWidget13UpdateMabTimeEh
                0x00000000080018b8       0x34 ../lib-widget/lib_gd32/libwidget.a(widgetconfiguration.o)
                0x00000000080018b8                StoreWidget::UpdateMabTime(unsigned char)
                0x00000000080018e4                non-virtual thunk to StoreWidget::UpdateMabTime(unsigned char)
 .text._ZN11StoreWidget17UpdateRefreshRateEh
                0x00000000080018ec       0x34 ../lib-widget/lib_gd32/libwidget.a(widgetconfiguration.o)
                0x00000000080018ec                StoreWidget::UpdateRefreshRate(unsigned char)
                0x0000000008001918                non-virtual thunk to StoreWidget::UpdateRefreshRate(unsigned char)
 .text._ZN19WidgetConfiguration5StoreEPK20TWidgetConfiguration
                0x0000000008001920       0xb4 ../lib-widget/lib_gd32/libwidget.a(widgetconfiguration.o)
                0x0000000008001920                WidgetConfiguration::Store(TWidgetConfiguration const*)
 .text._ZN13WidgetMonitor7RdmDataEitPKhb
                0x00000000080019d4        0x2 ../lib-widget/lib_gd32/libwidget.a(widgetmonitor.o)
                0x00000000080019d4                WidgetMonitor::RdmData(int, unsigned short, unsigned char const*, bool)
 *fill*         0x00000000080019d6        0x2 
 .text._ZN3Rdm7ReceiveEj
                0x00000000080019d8       0x10 ../lib-dmx/lib_gd32/libdmx.a(rdm.o)
                0x00000000080019d8                Rdm::Receive(unsigned int)
 .text._ZN3Rdm7SendRawEjPKhj
                0x00000000080019e8       0x40 ../lib-dmx/lib_gd32/libdmx.a(rdm.o)
                0x00000000080019e8                Rdm::SendRaw(unsigned int, unsigned char const*, unsigned int)
 .text.USART2_IRQHandler
                0x0000000008001a28      0x1f4 ../lib-dmx/lib_gd32/libdmx.a(dmx.o)
                0x0000000008001a28                USART2_IRQHandler
 .text.TIMER1_IRQHandler
                0x0000000008001c1c       0xb0 ../lib-dmx/lib_gd32/libdmx.a(dmx.o)
                0x0000000008001c1c                TIMER1_IRQHandler
 .text.TIMER2_IRQHandler
                0x0000000008001ccc       0x68 ../lib-dmx/lib_gd32/libdmx.a(dmx.o)
                0x0000000008001ccc                TIMER2_IRQHandler
 .text.TIMER3_IRQHandler
                0x0000000008001d34       0x14 ../lib-dmx/lib_gd32/libdmx.a(dmx.o)
                0x0000000008001d34                TIMER3_IRQHandler
 .text.TIMER6_IRQHandler
                0x0000000008001d48       0x20 ../lib-dmx/lib_gd32/libdmx.a(dmx.o)
                0x0000000008001d48                TIMER6_IRQHandler
 .text._ZN3Dmx9ClearDataEj
                0x0000000008001d68       0x30 ../lib-dmx/lib_gd32/libdmx.a(dmx.o)
                0x0000000008001d68                Dmx::ClearData(unsigned int)
 .text._ZN3Dmx9StartDataEjj
                0x0000000008001d98      0x14c ../lib-dmx/lib_gd32/libdmx.a(dmx.o)
                0x0000000008001d98                Dmx::StartData(unsigned int, unsigned int)
 .text._ZN3Dmx8StopDataEjj
                0x0000000008001ee4       0x98 ../lib-dmx/lib_gd32/libdmx.a(dmx.o)
                0x0000000008001ee4                Dmx::StopData(unsigned int, unsigned int)
 .text._ZN3Dmx16SetPortDirectionEjN3dmx13PortDirectionEb
                0x0000000008001f7c       0x5c ../lib-dmx/lib_gd32/libdmx.a(dmx.o)
                0x0000000008001f7c                Dmx::SetPortDirection(unsigned int, dmx::PortDirection, bool)
 .text._ZN3DmxC2Ev
                0x0000000008001fd8      0x1b8 ../lib-dmx/lib_gd32/libdmx.a(dmx.o)
                0x0000000008001fd8                Dmx::Dmx()
                0x0000000008001fd8                Dmx::Dmx()
 .text._ZN3Dmx16SetDmxPeriodTimeEj
                0x0000000008002190       0x60 ../lib-dmx/lib_gd32/libdmx.a(dmx.o)
                0x0000000008002190                Dmx::SetDmxPeriodTime(unsigned int)
 .text._ZN3Dmx15SetDmxBreakTimeEj
                0x00000000080021f0       0x14 ../lib-dmx/lib_gd32/libdmx.a(dmx.o)
                0x00000000080021f0                Dmx::SetDmxBreakTime(unsigned int)
 .text._ZN3Dmx13SetDmxMabTimeEj
                0x0000000008002204       0x14 ../lib-dmx/lib_gd32/libdmx.a(dmx.o)
                0x0000000008002204                Dmx::SetDmxMabTime(unsigned int)
 .text._ZN3Dmx11SetSendDataEjPKhj
                0x0000000008002218       0x50 ../lib-dmx/lib_gd32/libdmx.a(dmx.o)
                0x0000000008002218                Dmx::SetSendData(unsigned int, unsigned char const*, unsigned int)
 .text._ZN3Dmx15GetDmxAvailableEj
                0x0000000008002268       0x28 ../lib-dmx/lib_gd32/libdmx.a(dmx.o)
                0x0000000008002268                Dmx::GetDmxAvailable(unsigned int)
 .text._ZN3Dmx13GetDmxChangedEj
                0x0000000008002290       0x3c ../lib-dmx/lib_gd32/libdmx.a(dmx.o)
                0x0000000008002290                Dmx::GetDmxChanged(unsigned int)
 .text._ZN3Dmx10RdmSendRawEjPKhj
                0x00000000080022cc       0x8c ../lib-dmx/lib_gd32/libdmx.a(dmx.o)
                0x00000000080022cc                Dmx::RdmSendRaw(unsigned int, unsigned char const*, unsigned int)
 .text._ZN3Dmx10RdmReceiveEj
                0x0000000008002358       0x24 ../lib-dmx/lib_gd32/libdmx.a(dmx.o)
                0x0000000008002358                Dmx::RdmReceive(unsigned int)
 .text.usb_read_byte
                0x000000000800237c       0x12 ../lib-usb/lib_gd32/libusb.a(usb.o)
                0x000000000800237c                usb_read_byte
 .text.usb_send_byte
                0x000000000800238e       0x16 ../lib-usb/lib_gd32/libusb.a(usb.o)
                0x000000000800238e                usb_send_byte
 .text.data_gpio_fsel_input
                0x00000000080023a4       0x28 ../lib-usb/lib_gd32/libusb.a(ft245rl.o)
 .text.FT245RL_init
                0x00000000080023cc       0x98 ../lib-usb/lib_gd32/libusb.a(ft245rl.o)
                0x00000000080023cc                FT245RL_init
 .text.FT245RL_write_data
                0x0000000008002464       0x8c ../lib-usb/lib_gd32/libusb.a(ft245rl.o)
                0x0000000008002464                FT245RL_write_data
 .text.FT245RL_read_data
                0x00000000080024f0       0x74 ../lib-usb/lib_gd32/libusb.a(ft245rl.o)
                0x00000000080024f0                FT245RL_read_data
 .text.FT245RL_data_available
                0x0000000008002564       0x18 ../lib-usb/lib_gd32/libusb.a(ft245rl.o)
                0x0000000008002564                FT245RL_data_available
 .text.FT245RL_can_write
                0x000000000800257c       0x18 ../lib-usb/lib_gd32/libusb.a(ft245rl.o)
                0x000000000800257c                FT245RL_can_write
 .text._ZN9RDMDeviceC2Ev
                0x0000000008002594       0xe8 ../lib-rdm/lib_gd32/librdm.a(rdmdevice.o)
                0x0000000008002594                RDMDevice::RDMDevice()
                0x0000000008002594                RDMDevice::RDMDevice()
 .text.memcpy.isra.0
                0x000000000800267c        0x4 ../lib-rdm/lib_gd32/librdm.a(rdmdeviceparams.o)
 .text._ZN15RDMDeviceParamsC2EP20RDMDeviceParamsStore
                0x0000000008002680       0x24 ../lib-rdm/lib_gd32/librdm.a(rdmdeviceparams.o)
                0x0000000008002680                RDMDeviceParams::RDMDeviceParams(RDMDeviceParamsStore*)
                0x0000000008002680                RDMDeviceParams::RDMDeviceParams(RDMDeviceParamsStore*)
 .text._ZN15RDMDeviceParams4LoadEv
                0x00000000080026a4       0x16 ../lib-rdm/lib_gd32/librdm.a(rdmdeviceparams.o)
                0x00000000080026a4                RDMDeviceParams::Load()
 .text._ZN15RDMDeviceParams3SetEP9RDMDevice
                0x00000000080026ba       0x6e ../lib-rdm/lib_gd32/librdm.a(rdmdeviceparams.o)
                0x00000000080026ba                RDMDeviceParams::Set(RDMDevice*)
 .text._ZN15RDMDeviceParams4DumpEv
                0x0000000008002728        0x2 ../lib-rdm/lib_gd32/librdm.a(rdmdeviceparams.o)
                0x0000000008002728                RDMDeviceParams::Dump()
 *fill*         0x000000000800272a        0x2 
 .text._ZN7NetworkC2Ev
                0x000000000800272c       0x20 ../lib-network/lib_gd32/libnetwork.a(network.o)
                0x000000000800272c                Network::Network()
                0x000000000800272c                Network::Network()
 .text._ZN7Network16MacAddressCopyToEPh
                0x000000000800274c        0x6 ../lib-network/lib_gd32/libnetwork.a(network.o)
                0x000000000800274c                Network::MacAddressCopyTo(unsigned char*)
 *fill*         0x0000000008002752        0x2 
 .text._ZN11ConfigStore14GetStoreOffsetEN11configstore5StoreE
                0x0000000008002754       0x1c ../lib-configstore/lib_gd32/libconfigstore.a(configstore.o)
                0x0000000008002754                ConfigStore::GetStoreOffset(configstore::Store)
 .text._ZN11ConfigStore4InitEv
                0x0000000008002770      0x124 ../lib-configstore/lib_gd32/libconfigstore.a(configstore.o)
                0x0000000008002770                ConfigStore::Init()
 .text._ZN11ConfigStoreC2Ev
                0x0000000008002894       0x48 ../lib-configstore/lib_gd32/libconfigstore.a(configstore.o)
                0x0000000008002894                ConfigStore::ConfigStore()
                0x0000000008002894                ConfigStore::ConfigStore()
 .text._ZN11ConfigStore6UpdateEN11configstore5StoreEjPKvjjj
                0x00000000080028dc       0x80 ../lib-configstore/lib_gd32/libconfigstore.a(configstore.o)
                0x00000000080028dc                ConfigStore::Update(configstore::Store, unsigned int, void const*, unsigned int, unsigned int, unsigned int)
 .text._ZN11ConfigStore4CopyEN11configstore5StoreEPvjjb
                0x000000000800295c       0x64 ../lib-configstore/lib_gd32/libconfigstore.a(configstore.o)
                0x000000000800295c                ConfigStore::Copy(configstore::Store, void*, unsigned int, unsigned int, bool)
 .text._ZN11ConfigStore5FlashEv
                0x00000000080029c0       0xac ../lib-configstore/lib_gd32/libconfigstore.a(configstore.o)
                0x00000000080029c0                ConfigStore::Flash()
 .text._ZN11StoreDeviceC2Ev
                0x0000000008002a6c       0x10 ../lib-configstore/lib_gd32/libconfigstore.a(storedevice.o)
                0x0000000008002a6c                StoreDevice::StoreDevice()
                0x0000000008002a6c                StoreDevice::StoreDevice()
 .text._ZNK11StoreDevice7GetSizeEv
                0x0000000008002a7c        0x4 ../lib-configstore/lib_gd32/libconfigstore.a(storedevice.o)
                0x0000000008002a7c                StoreDevice::GetSize() const
 .text._ZNK11StoreDevice13GetSectorSizeEv
                0x0000000008002a80        0x4 ../lib-configstore/lib_gd32/libconfigstore.a(storedevice.o)
                0x0000000008002a80                StoreDevice::GetSectorSize() const
 .text._ZN11StoreDevice4ReadEjjPhRN11storedevice6resultE
                0x0000000008002a84       0x14 ../lib-configstore/lib_gd32/libconfigstore.a(storedevice.o)
                0x0000000008002a84                StoreDevice::Read(unsigned int, unsigned int, unsigned char*, storedevice::result&)
 .text._ZN11StoreDevice5EraseEjjRN11storedevice6resultE
                0x0000000008002a98       0x12 ../lib-configstore/lib_gd32/libconfigstore.a(storedevice.o)
                0x0000000008002a98                StoreDevice::Erase(unsigned int, unsigned int, storedevice::result&)
 .text._ZN11StoreDevice5WriteEjjPKhRN11storedevice6resultE
                0x0000000008002aaa       0x14 ../lib-configstore/lib_gd32/libconfigstore.a(storedevice.o)
                0x0000000008002aaa                StoreDevice::Write(unsigned int, unsigned int, unsigned char const*, storedevice::result&)
 .text._ZN14StoreRDMDeviceD2Ev
                0x0000000008002abe        0x6 ../lib-configstore/lib_gd32/libconfigstore.a(storerdmdevice.o)
                0x0000000008002abe                StoreRDMDevice::~StoreRDMDevice()
                0x0000000008002abe                StoreRDMDevice::~StoreRDMDevice()
                0x0000000008002ac0                non-virtual thunk to StoreRDMDevice::~StoreRDMDevice()
 .text._ZN14StoreRDMDevice6UpdateEPK16TRDMDeviceParams
                0x0000000008002ac4       0x24 ../lib-configstore/lib_gd32/libconfigstore.a(storerdmdevice.o)
                0x0000000008002ac4                StoreRDMDevice::Update(TRDMDeviceParams const*)
 .text._ZN14StoreRDMDevice9SaveLabelEPKch
                0x0000000008002ae8       0x44 ../lib-configstore/lib_gd32/libconfigstore.a(storerdmdevice.o)
                0x0000000008002ae8                StoreRDMDevice::SaveLabel(char const*, unsigned char)
                0x0000000008002b24                non-virtual thunk to StoreRDMDevice::SaveLabel(char const*, unsigned char)
 .text._ZN14StoreRDMDeviceD0Ev
                0x0000000008002b2c       0x12 ../lib-configstore/lib_gd32/libconfigstore.a(storerdmdevice.o)
                0x0000000008002b2c                StoreRDMDevice::~StoreRDMDevice()
                0x0000000008002b38                non-virtual thunk to StoreRDMDevice::~StoreRDMDevice()
 *fill*         0x0000000008002b3e        0x2 
 .text._ZN14StoreRDMDevice4CopyEP16TRDMDeviceParams
                0x0000000008002b40       0x24 ../lib-configstore/lib_gd32/libconfigstore.a(storerdmdevice.o)
                0x0000000008002b40                StoreRDMDevice::Copy(TRDMDeviceParams*)
 .text._ZN14StoreRDMDeviceC2Ev
                0x0000000008002b64       0x18 ../lib-configstore/lib_gd32/libconfigstore.a(storerdmdevice.o)
                0x0000000008002b64                StoreRDMDevice::StoreRDMDevice()
                0x0000000008002b64                StoreRDMDevice::StoreRDMDevice()
 .text._ZN11StoreWidgetD2Ev
                0x0000000008002b7c        0x6 ../lib-configstore/lib_gd32/libconfigstore.a(storewidget.o)
                0x0000000008002b7c                StoreWidget::~StoreWidget()
                0x0000000008002b7c                StoreWidget::~StoreWidget()
                0x0000000008002b7e                non-virtual thunk to StoreWidget::~StoreWidget()
 *fill*         0x0000000008002b82        0x2 
 .text._ZN11StoreWidget6UpdateEPK13TWidgetParams
                0x0000000008002b84       0x24 ../lib-configstore/lib_gd32/libconfigstore.a(storewidget.o)
                0x0000000008002b84                StoreWidget::Update(TWidgetParams const*)
 .text._ZN11StoreWidgetD0Ev
                0x0000000008002ba8       0x12 ../lib-configstore/lib_gd32/libconfigstore.a(storewidget.o)
                0x0000000008002ba8                StoreWidget::~StoreWidget()
                0x0000000008002bb4                non-virtual thunk to StoreWidget::~StoreWidget()
 *fill*         0x0000000008002bba        0x2 
 .text._ZN11StoreWidget4CopyEP13TWidgetParams
                0x0000000008002bbc       0x24 ../lib-configstore/lib_gd32/libconfigstore.a(storewidget.o)
                0x0000000008002bbc                StoreWidget::Copy(TWidgetParams*)
 .text._ZN11StoreWidgetC2Ev
                0x0000000008002be0       0x18 ../lib-configstore/lib_gd32/libconfigstore.a(storewidget.o)
                0x0000000008002be0                StoreWidget::StoreWidget()
                0x0000000008002be0                StoreWidget::StoreWidget()
 .text._ZN9FlashCodeC2Ev
                0x0000000008002bf8       0x38 ../lib-flashcode/lib_gd32/libflashcode.a(flashcode.o)
                0x0000000008002bf8                FlashCode::FlashCode()
                0x0000000008002bf8                FlashCode::FlashCode()
 .text._ZNK9FlashCode7GetSizeEv
                0x0000000008002c30       0x10 ../lib-flashcode/lib_gd32/libflashcode.a(flashcode.o)
                0x0000000008002c30                FlashCode::GetSize() const
 .text._ZNK9FlashCode13GetSectorSizeEv
                0x0000000008002c40        0x6 ../lib-flashcode/lib_gd32/libflashcode.a(flashcode.o)
                0x0000000008002c40                FlashCode::GetSectorSize() const
 .text._ZN9FlashCode4ReadEjjPhRN9flashcode6resultE
                0x0000000008002c46       0x1e ../lib-flashcode/lib_gd32/libflashcode.a(flashcode.o)
                0x0000000008002c46                FlashCode::Read(unsigned int, unsigned int, unsigned char*, flashcode::result&)
 .text._ZN9FlashCode5EraseEjjRN9flashcode6resultE
                0x0000000008002c64      0x140 ../lib-flashcode/lib_gd32/libflashcode.a(flashcode.o)
                0x0000000008002c64                FlashCode::Erase(unsigned int, unsigned int, flashcode::result&)
 .text._ZN9FlashCode5WriteEjjPKhRN9flashcode6resultE
                0x0000000008002da4      0x14c ../lib-flashcode/lib_gd32/libflashcode.a(flashcode.o)
                0x0000000008002da4                FlashCode::Write(unsigned int, unsigned int, unsigned char const*, flashcode::result&)
 .text._ZN14ReadConfigFileC2EPFvPvPKcES0_
                0x0000000008002ef0        0x6 ../lib-properties/lib_gd32/libproperties.a(readconfigfile.o)
                0x0000000008002ef0                ReadConfigFile::ReadConfigFile(void (*)(void*, char const*), void*)
                0x0000000008002ef0                ReadConfigFile::ReadConfigFile(void (*)(void*, char const*), void*)
 .text._ZN14ReadConfigFileD2Ev
                0x0000000008002ef6        0x2 ../lib-properties/lib_gd32/libproperties.a(readconfigfile.o)
                0x0000000008002ef6                ReadConfigFile::~ReadConfigFile()
                0x0000000008002ef6                ReadConfigFile::~ReadConfigFile()
 .text._ZN5Sscan5Uint8EPKcS1_Rh
                0x0000000008002ef8       0x3c ../lib-properties/lib_gd32/libproperties.a(sscanuint8.o)
                0x0000000008002ef8                Sscan::Uint8(char const*, char const*, unsigned char&)
 .text._ZN5Sscan9checkNameEPKcS1_
                0x0000000008002f34       0x2a ../lib-properties/lib_gd32/libproperties.a(sscan.o)
                0x0000000008002f34                Sscan::checkName(char const*, char const*)
 *fill*         0x0000000008002f5e        0x2 
 .text._ZN7Display9PrintInfoEv.isra.0
                0x0000000008002f60       0x14 ../lib-display/lib_gd32/libdisplay.a(display.o)
 .text._ZN7HAL_I2C13WriteRegisterEht
                0x0000000008002f74       0x2a ../lib-display/lib_gd32/libdisplay.a(display.o)
                0x0000000008002f74                HAL_I2C::WriteRegister(unsigned char, unsigned short)
 .text._ZN7HAL_I2C12IsConnected_Ehj
                0x0000000008002f9e       0x3c ../lib-display/lib_gd32/libdisplay.a(display.o)
                0x0000000008002f9e                HAL_I2C::IsConnected_(unsigned char, unsigned int)
 .text._ZN7Display14Detect7SegmentEv
                0x0000000008002fda       0x32 ../lib-display/lib_gd32/libdisplay.a(display.o)
                0x0000000008002fda                Display::Detect7Segment()
 .text._ZN7Display6DetectEN7display4TypeE
                0x000000000800300c       0x58 ../lib-display/lib_gd32/libdisplay.a(display.o)
                0x000000000800300c                Display::Detect(display::Type)
 .text._ZN7DisplayC2Ev
                0x0000000008003064       0x54 ../lib-display/lib_gd32/libdisplay.a(display.o)
                0x0000000008003064                Display::Display()
                0x0000000008003064                Display::Display()
 .text._ZN7Ssd1306D2Ev
                0x00000000080030b8        0x2 ../lib-display/lib_gd32/libdisplay.a(ssd1306.o)
                0x00000000080030b8                Ssd1306::~Ssd1306()
                0x00000000080030b8                Ssd1306::~Ssd1306()
 .text._ZN7Ssd13069SetCursorEj
                0x00000000080030ba        0x2 ../lib-display/lib_gd32/libdisplay.a(ssd1306.o)
                0x00000000080030ba                Ssd1306::SetCursor(unsigned int)
 .text._ZN7Ssd13069PrintInfoEv
                0x00000000080030bc       0x28 ../lib-display/lib_gd32/libdisplay.a(ssd1306.o)
                0x00000000080030bc                Ssd1306::PrintInfo()
 .text._ZN7Ssd1306D0Ev
                0x00000000080030e4        0xc ../lib-display/lib_gd32/libdisplay.a(ssd1306.o)
                0x00000000080030e4                Ssd1306::~Ssd1306()
 .text._ZN7HAL_I2C5SetupEv
                0x00000000080030f0       0x14 ../lib-display/lib_gd32/libdisplay.a(ssd1306.o)
                0x00000000080030f0                HAL_I2C::Setup()
 .text._ZN7Ssd13067PutCharEi
                0x0000000008003104       0x2c ../lib-display/lib_gd32/libdisplay.a(ssd1306.o)
                0x0000000008003104                Ssd1306::PutChar(int)
 .text._ZN7Ssd13069PutStringEPKc
                0x0000000008003130       0x16 ../lib-display/lib_gd32/libdisplay.a(ssd1306.o)
                0x0000000008003130                Ssd1306::PutString(char const*)
 .text._ZN7Ssd13064TextEPKcj
                0x0000000008003146       0x22 ../lib-display/lib_gd32/libdisplay.a(ssd1306.o)
                0x0000000008003146                Ssd1306::Text(char const*, unsigned int)
 .text._ZN7Ssd130611InitMembersEv
                0x0000000008003168       0x22 ../lib-display/lib_gd32/libdisplay.a(ssd1306.o)
                0x0000000008003168                Ssd1306::InitMembers()
 *fill*         0x000000000800318a        0x2 
 .text._ZN7Ssd1306C2E10TOledPanel
                0x000000000800318c       0x30 ../lib-display/lib_gd32/libdisplay.a(ssd1306.o)
                0x000000000800318c                Ssd1306::Ssd1306(TOledPanel)
                0x000000000800318c                Ssd1306::Ssd1306(TOledPanel)
 .text._ZN7Ssd130611SendCommandEh
                0x00000000080031bc       0x20 ../lib-display/lib_gd32/libdisplay.a(ssd1306.o)
                0x00000000080031bc                Ssd1306::SendCommand(unsigned char)
 .text._ZN7Ssd130612SetCursorPosEhh
                0x00000000080031dc       0x48 ../lib-display/lib_gd32/libdisplay.a(ssd1306.o)
                0x00000000080031dc                Ssd1306::SetCursorPos(unsigned char, unsigned char)
 .text._ZN7Ssd13068TextLineEhPKcj
                0x0000000008003224       0x28 ../lib-display/lib_gd32/libdisplay.a(ssd1306.o)
                0x0000000008003224                Ssd1306::TextLine(unsigned char, char const*, unsigned int)
 .text._ZN7Ssd13069ClearLineEh
                0x000000000800324c       0x40 ../lib-display/lib_gd32/libdisplay.a(ssd1306.o)
                0x000000000800324c                Ssd1306::ClearLine(unsigned char)
 .text._ZN7Ssd13068SetSleepEb
                0x000000000800328c        0xc ../lib-display/lib_gd32/libdisplay.a(ssd1306.o)
                0x000000000800328c                Ssd1306::SetSleep(bool)
 .text._ZN7Ssd130611SetContrastEh
                0x0000000008003298       0x1a ../lib-display/lib_gd32/libdisplay.a(ssd1306.o)
                0x0000000008003298                Ssd1306::SetContrast(unsigned char)
 .text._ZN7Ssd130617SetFlipVerticallyEb
                0x00000000080032b2       0x24 ../lib-display/lib_gd32/libdisplay.a(ssd1306.o)
                0x00000000080032b2                Ssd1306::SetFlipVertically(bool)
 *fill*         0x00000000080032d6        0x2 
 .text._ZN7Ssd130611CheckSH1106Ev
                0x00000000080032d8       0xac ../lib-display/lib_gd32/libdisplay.a(ssd1306.o)
                0x00000000080032d8                Ssd1306::CheckSH1106()
 .text._ZN7Ssd13063ClsEv
                0x0000000008003384       0x78 ../lib-display/lib_gd32/libdisplay.a(ssd1306.o)
                0x0000000008003384                Ssd1306::Cls()
 .text._ZN7Ssd13065StartEv
                0x00000000080033fc       0xb4 ../lib-display/lib_gd32/libdisplay.a(ssd1306.o)
                0x00000000080033fc                Ssd1306::Start()
 .text._ZN7display7timeout9gpio_initEv
                0x00000000080034b0        0x2 ../lib-display/lib_gd32/libdisplay.a(display_timeout.o)
                0x00000000080034b0                display::timeout::gpio_init()
 .text.console_putc
                0x00000000080034b2        0x4 ../lib-hal/lib_gd32/libhal.a(console_uart0.o)
                0x00000000080034b2                console_putc
 .text.console_puts
                0x00000000080034b6        0x4 ../lib-hal/lib_gd32/libhal.a(console_uart0.o)
                0x00000000080034b6                console_puts
 *fill*         0x00000000080034ba        0x2 
 .text._ZN8LedBlinkC2Ev
                0x00000000080034bc       0x44 ../lib-hal/lib_gd32/libhal.a(ledblink.o)
                0x00000000080034bc                LedBlink::LedBlink()
                0x00000000080034bc                LedBlink::LedBlink()
 .text._ZN8HardwareC2Ev
                0x0000000008003500       0xa0 ../lib-hal/lib_gd32/libhal.a(hardware.o)
                0x0000000008003500                Hardware::Hardware()
                0x0000000008003500                Hardware::Hardware()
 .text._ZdlPv   0x00000000080035a0        0x4 ../lib-c++/lib_gd32/libc++.a(delete.o)
                0x00000000080035a0                operator delete(void*)
 .text._Znwj    0x00000000080035a4        0x4 ../lib-c++/lib_gd32/libc++.a(new.o)
                0x00000000080035a4                operator new(unsigned int)
 .text.malloc   0x00000000080035a8       0x94 ../lib-c/lib_gd32/libc.a(malloc.o)
                0x00000000080035a8                malloc
 .text.free     0x000000000800363c       0x4c ../lib-c/lib_gd32/libc.a(malloc.o)
                0x000000000800363c                free
 .text.memcpy   0x0000000008003688       0x16 ../lib-c/lib_gd32/libc.a(memcpy.o)
                0x0000000008003688                memcpy
 .text.memset   0x000000000800369e       0x42 ../lib-c/lib_gd32/libc.a(memset.o)
                0x000000000800369e                memset
 .text.puts     0x00000000080036e0       0x10 ../lib-c/lib_gd32/libc.a(puts.o)
                0x00000000080036e0                puts
 .text.isleapyear
                0x00000000080036f0       0x2c ../lib-c/lib_gd32/libc.a(time.o)
 .text.getdaysofmonth
                0x000000000800371c       0x20 ../lib-c/lib_gd32/libc.a(time.o)
 .text.mktime   0x000000000800373c       0x98 ../lib-c/lib_gd32/libc.a(time.o)
                0x000000000800373c                mktime
 .text.settimeofday
                0x00000000080037d4       0x30 ../lib-c/lib_gd32/libc.a(time.o)
                0x00000000080037d4                settimeofday
 .text.uart0_init
                0x0000000008003804       0x20 ../lib-gd32/lib_gd32/libgd32.a(gd32_uart0.o)
                0x0000000008003804                uart0_init
 .text.uart0_putc
                0x0000000008003824       0x40 ../lib-gd32/lib_gd32/libgd32.a(gd32_uart0.o)
                0x0000000008003824                uart0_putc
 .text.uart0_puts
                0x0000000008003864       0x1e ../lib-gd32/lib_gd32/libgd32.a(gd32_uart0.o)
                0x0000000008003864                uart0_puts
 *fill*         0x0000000008003882        0x2 
 .text.systick_config
                0x0000000008003884       0x3c ../lib-gd32/lib_gd32/libgd32.a(systick.o)
                0x0000000008003884                systick_config
 .text.SysTick_Handler
                0x00000000080038c0       0x10 ../lib-gd32/lib_gd32/libgd32.a(systick.o)
                0x00000000080038c0                SysTick_Handler
 .text.SystemInit
                0x00000000080038d0      0x11c ../lib-gd32/lib_gd32/libgd32.a(system_gd32f30x.o)
                0x00000000080038d0                SystemInit
 .text.bkp_write_data
                0x00000000080039ec       0x2c ../lib-gd32/lib_gd32/libgd32.a(gd32f30x_bkp.o)
                0x00000000080039ec                bkp_write_data
 .text.dma_deinit
                0x0000000008003a18       0x38 ../lib-gd32/lib_gd32/libgd32.a(gd32f30x_dma.o)
                0x0000000008003a18                dma_deinit
 .text.dma_init
                0x0000000008003a50       0x74 ../lib-gd32/lib_gd32/libgd32.a(gd32f30x_dma.o)
                0x0000000008003a50                dma_init
 .text.dma_circulation_disable
                0x0000000008003ac4       0x20 ../lib-gd32/lib_gd32/libgd32.a(gd32f30x_dma.o)
                0x0000000008003ac4                dma_circulation_disable
 .text.dma_memory_to_memory_disable
                0x0000000008003ae4       0x20 ../lib-gd32/lib_gd32/libgd32.a(gd32f30x_dma.o)
                0x0000000008003ae4                dma_memory_to_memory_disable
 .text.fmc_bank0_unlock
                0x0000000008003b04       0x1c ../lib-gd32/lib_gd32/libgd32.a(gd32f30x_fmc.o)
                0x0000000008003b04                fmc_bank0_unlock
 .text.fmc_bank1_unlock
                0x0000000008003b20       0x1c ../lib-gd32/lib_gd32/libgd32.a(gd32f30x_fmc.o)
                0x0000000008003b20                fmc_bank1_unlock
 .text.fmc_bank0_lock
                0x0000000008003b3c       0x10 ../lib-gd32/lib_gd32/libgd32.a(gd32f30x_fmc.o)
                0x0000000008003b3c                fmc_bank0_lock
 .text.fmc_bank1_lock
                0x0000000008003b4c       0x10 ../lib-gd32/lib_gd32/libgd32.a(gd32f30x_fmc.o)
                0x0000000008003b4c                fmc_bank1_lock
 .text.fmc_bank0_state_get
                0x0000000008003b5c       0x24 ../lib-gd32/lib_gd32/libgd32.a(gd32f30x_fmc.o)
                0x0000000008003b5c                fmc_bank0_state_get
 .text.fmc_bank1_state_get
                0x0000000008003b80       0x24 ../lib-gd32/lib_gd32/libgd32.a(gd32f30x_fmc.o)
                0x0000000008003b80                fmc_bank1_state_get
 .text.fwdgt_enable
                0x0000000008003ba4       0x10 ../lib-gd32/lib_gd32/libgd32.a(gd32f30x_fwdgt.o)
                0x0000000008003ba4                fwdgt_enable
 .text.fwdgt_counter_reload
                0x0000000008003bb4       0x10 ../lib-gd32/lib_gd32/libgd32.a(gd32f30x_fwdgt.o)
                0x0000000008003bb4                fwdgt_counter_reload
 .text.fwdgt_config
                0x0000000008003bc4       0x54 ../lib-gd32/lib_gd32/libgd32.a(gd32f30x_fwdgt.o)
                0x0000000008003bc4                fwdgt_config
 .text.gpio_init
                0x0000000008003c18       0xb4 ../lib-gd32/lib_gd32/libgd32.a(gd32f30x_gpio.o)
                0x0000000008003c18                gpio_init
 .text.gpio_input_bit_get
                0x0000000008003ccc        0xc ../lib-gd32/lib_gd32/libgd32.a(gd32f30x_gpio.o)
                0x0000000008003ccc                gpio_input_bit_get
 .text.gpio_pin_remap_config
                0x0000000008003cd8       0x60 ../lib-gd32/lib_gd32/libgd32.a(gd32f30x_gpio.o)
                0x0000000008003cd8                gpio_pin_remap_config
 .text.pmu_backup_write_enable
                0x0000000008003d38       0x10 ../lib-gd32/lib_gd32/libgd32.a(gd32f30x_pmu.o)
                0x0000000008003d38                pmu_backup_write_enable
 .text.rcu_periph_clock_enable
                0x0000000008003d48       0x1a ../lib-gd32/lib_gd32/libgd32.a(gd32f30x_rcu.o)
                0x0000000008003d48                rcu_periph_clock_enable
 .text.rcu_periph_clock_disable
                0x0000000008003d62       0x1c ../lib-gd32/lib_gd32/libgd32.a(gd32f30x_rcu.o)
                0x0000000008003d62                rcu_periph_clock_disable
 .text.rcu_periph_reset_enable
                0x0000000008003d7e        0x4 ../lib-gd32/lib_gd32/libgd32.a(gd32f30x_rcu.o)
                0x0000000008003d7e                rcu_periph_reset_enable
 .text.rcu_periph_reset_disable
                0x0000000008003d82        0x4 ../lib-gd32/lib_gd32/libgd32.a(gd32f30x_rcu.o)
                0x0000000008003d82                rcu_periph_reset_disable
 *fill*         0x0000000008003d86        0x2 
 .text.rcu_adc_clock_config
                0x0000000008003d88       0x5c ../lib-gd32/lib_gd32/libgd32.a(gd32f30x_rcu.o)
                0x0000000008003d88                rcu_adc_clock_config
 .text.rcu_clock_freq_get
                0x0000000008003de4       0xec ../lib-gd32/lib_gd32/libgd32.a(gd32f30x_rcu.o)
                0x0000000008003de4                rcu_clock_freq_get
 .text.timer_deinit
                0x0000000008003ed0       0xc4 ../lib-gd32/lib_gd32/libgd32.a(gd32f30x_timer.o)
                0x0000000008003ed0                timer_deinit
 .text.timer_init
                0x0000000008003f94       0x7c ../lib-gd32/lib_gd32/libgd32.a(gd32f30x_timer.o)
                0x0000000008003f94                timer_init
 .text.timer_enable
                0x0000000008004010        0xa ../lib-gd32/lib_gd32/libgd32.a(gd32f30x_timer.o)
                0x0000000008004010                timer_enable
 .text.timer_interrupt_enable
                0x000000000800401a        0x8 ../lib-gd32/lib_gd32/libgd32.a(gd32f30x_timer.o)
                0x000000000800401a                timer_interrupt_enable
 .text.timer_interrupt_flag_clear
                0x0000000008004022        0x6 ../lib-gd32/lib_gd32/libgd32.a(gd32f30x_timer.o)
                0x0000000008004022                timer_interrupt_flag_clear
 .text.timer_flag_clear
                0x0000000008004028        0x6 ../lib-gd32/lib_gd32/libgd32.a(gd32f30x_timer.o)
                0x0000000008004028                timer_flag_clear
 .text.timer_channel_output_mode_config
                0x000000000800402e       0x4c ../lib-gd32/lib_gd32/libgd32.a(gd32f30x_timer.o)
                0x000000000800402e                timer_channel_output_mode_config
 .text.timer_channel_output_pulse_value_config
                0x000000000800407a       0x1c ../lib-gd32/lib_gd32/libgd32.a(gd32f30x_timer.o)
                0x000000000800407a                timer_channel_output_pulse_value_config
 *fill*         0x0000000008004096        0x2 
 .text.usart_deinit
                0x0000000008004098       0x80 ../lib-gd32/lib_gd32/libgd32.a(gd32f30x_usart.o)
                0x0000000008004098                usart_deinit
 .text.usart_baudrate_set
                0x0000000008004118       0x50 ../lib-gd32/lib_gd32/libgd32.a(gd32f30x_usart.o)
                0x0000000008004118                usart_baudrate_set
 .text.usart_parity_config
                0x0000000008004168       0x10 ../lib-gd32/lib_gd32/libgd32.a(gd32f30x_usart.o)
                0x0000000008004168                usart_parity_config
 .text.usart_word_length_set
                0x0000000008004178       0x10 ../lib-gd32/lib_gd32/libgd32.a(gd32f30x_usart.o)
                0x0000000008004178                usart_word_length_set
 .text.usart_stop_bit_set
                0x0000000008004188       0x10 ../lib-gd32/lib_gd32/libgd32.a(gd32f30x_usart.o)
                0x0000000008004188                usart_stop_bit_set
 .text.usart_transmit_config
                0x0000000008004198        0xc ../lib-gd32/lib_gd32/libgd32.a(gd32f30x_usart.o)
                0x0000000008004198                usart_transmit_config
 .text.usart_receive_config
                0x00000000080041a4        0xc ../lib-gd32/lib_gd32/libgd32.a(gd32f30x_usart.o)
                0x00000000080041a4                usart_receive_config
 .text.usart_hardware_flow_rts_config
                0x00000000080041b0        0xc ../lib-gd32/lib_gd32/libgd32.a(gd32f30x_usart.o)
                0x00000000080041b0                usart_hardware_flow_rts_config
 .text.usart_hardware_flow_cts_config
                0x00000000080041bc        0xc ../lib-gd32/lib_gd32/libgd32.a(gd32f30x_usart.o)
                0x00000000080041bc                usart_hardware_flow_cts_config
 .text.usart_dma_transmit_config
                0x00000000080041c8        0xc ../lib-gd32/lib_gd32/libgd32.a(gd32f30x_usart.o)
                0x00000000080041c8                usart_dma_transmit_config
 .text.usart_flag_get
                0x00000000080041d4       0x16 ../lib-gd32/lib_gd32/libgd32.a(gd32f30x_usart.o)
                0x00000000080041d4                usart_flag_get
 .text.usart_flag_clear
                0x00000000080041ea       0x16 ../lib-gd32/lib_gd32/libgd32.a(gd32f30x_usart.o)
                0x00000000080041ea                usart_flag_clear
 .text.usart_interrupt_enable
                0x0000000008004200       0x14 ../lib-gd32/lib_gd32/libgd32.a(gd32f30x_usart.o)
                0x0000000008004200                usart_interrupt_enable
 .text.usart_interrupt_disable
                0x0000000008004214        0x4 ../lib-gd32/lib_gd32/libgd32.a(gd32f30x_usart.o)
                0x0000000008004214                usart_interrupt_disable
 .text.usart_interrupt_flag_clear
                0x0000000008004218       0x16 ../lib-gd32/lib_gd32/libgd32.a(gd32f30x_usart.o)
                0x0000000008004218                usart_interrupt_flag_clear
 *fill*         0x000000000800422e        0x2 
 .text._Z13gd32_adc_initv
                0x0000000008004230       0x90 ../lib-gd32/lib_gd32/libgd32.a(gd32_adc.o)
                0x0000000008004230                gd32_adc_init()
 .text._ZL5_stopv.isra.0
                0x00000000080042c0       0x24 ../lib-gd32/lib_gd32/libgd32.a(gd32_i2c.o)
 .text.gd32_i2c_begin
                0x00000000080042e4       0x68 ../lib-gd32/lib_gd32/libgd32.a(gd32_i2c.o)
                0x00000000080042e4                gd32_i2c_begin
 .text.gd32_i2c_set_baudrate
                0x000000000800434c       0x10 ../lib-gd32/lib_gd32/libgd32.a(gd32_i2c.o)
                0x000000000800434c                gd32_i2c_set_baudrate
 .text.gd32_i2c_set_address
                0x000000000800435c        0xc ../lib-gd32/lib_gd32/libgd32.a(gd32_i2c.o)
                0x000000000800435c                gd32_i2c_set_address
 .text.gd32_i2c_write
                0x0000000008004368       0xcc ../lib-gd32/lib_gd32/libgd32.a(gd32_i2c.o)
                0x0000000008004368                gd32_i2c_write
 .text.gd32_i2c_read
                0x0000000008004434      0x148 ../lib-gd32/lib_gd32/libgd32.a(gd32_i2c.o)
                0x0000000008004434                gd32_i2c_read
 .text.gd32_uart_begin
                0x000000000800457c      0x1b0 ../lib-gd32/lib_gd32/libgd32.a(gd32_uart.o)
                0x000000000800457c                gd32_uart_begin
 .text._Z15mac_address_getPh
                0x000000000800472c       0x24 ../lib-gd32/lib_gd32/libgd32.a(mac_address.o)
                0x000000000800472c                mac_address_get(unsigned char*)
 .text._Z11micros_initv
                0x0000000008004750        0x2 ../lib-gd32/lib_gd32/libgd32.a(micros.o)
                0x0000000008004750                micros_init()
 *fill*         0x0000000008004752        0x2 
 .text._Z11udelay_initv
                0x0000000008004754       0x28 ../lib-gd32/lib_gd32/libgd32.a(udelay.o)
                0x0000000008004754                udelay_init()
 .text._Z6udelayjj
                0x000000000800477c       0x30 ../lib-gd32/lib_gd32/libgd32.a(udelay.o)
                0x000000000800477c                udelay(unsigned int, unsigned int)
 .text.adc_enable
                0x00000000080047ac       0x10 ../lib-gd32/lib_gd32/libgd32.a(gd32f30x_adc.o)
                0x00000000080047ac                adc_enable
 .text.adc_calibration_enable
                0x00000000080047bc       0x22 ../lib-gd32/lib_gd32/libgd32.a(gd32f30x_adc.o)
                0x00000000080047bc                adc_calibration_enable
 *fill*         0x00000000080047de        0x2 
 .text.adc_tempsensor_vrefint_enable
                0x00000000080047e0       0x14 ../lib-gd32/lib_gd32/libgd32.a(gd32f30x_adc.o)
                0x00000000080047e0                adc_tempsensor_vrefint_enable
 .text.adc_mode_config
                0x00000000080047f4       0x20 ../lib-gd32/lib_gd32/libgd32.a(gd32f30x_adc.o)
                0x00000000080047f4                adc_mode_config
 .text.adc_special_function_config
                0x0000000008004814       0x50 ../lib-gd32/lib_gd32/libgd32.a(gd32f30x_adc.o)
                0x0000000008004814                adc_special_function_config
 .text.adc_data_alignment_config
                0x0000000008004864       0x12 ../lib-gd32/lib_gd32/libgd32.a(gd32f30x_adc.o)
                0x0000000008004864                adc_data_alignment_config
 .text.adc_channel_length_config
                0x0000000008004876       0x3a ../lib-gd32/lib_gd32/libgd32.a(gd32f30x_adc.o)
                0x0000000008004876                adc_channel_length_config
 .text.adc_inserted_channel_config
                0x00000000080048b0       0x5c ../lib-gd32/lib_gd32/libgd32.a(gd32f30x_adc.o)
                0x00000000080048b0                adc_inserted_channel_config
 .text.adc_external_trigger_config
                0x000000000800490c       0x36 ../lib-gd32/lib_gd32/libgd32.a(gd32f30x_adc.o)
                0x000000000800490c                adc_external_trigger_config
 .text.adc_external_trigger_source_config
                0x0000000008004942       0x22 ../lib-gd32/lib_gd32/libgd32.a(gd32f30x_adc.o)
                0x0000000008004942                adc_external_trigger_source_config
 .text.adc_software_trigger_enable
                0x0000000008004964       0x1a ../lib-gd32/lib_gd32/libgd32.a(gd32f30x_adc.o)
                0x0000000008004964                adc_software_trigger_enable
 *fill*         0x000000000800497e        0x2 
 .text.i2c_clock_config
                0x0000000008004980      0x108 ../lib-gd32/lib_gd32/libgd32.a(gd32f30x_i2c.o)
                0x0000000008004980                i2c_clock_config
 .text.i2c_ack_config
                0x0000000008004a88       0x12 ../lib-gd32/lib_gd32/libgd32.a(gd32f30x_i2c.o)
                0x0000000008004a88                i2c_ack_config
 .text.i2c_ackpos_config
                0x0000000008004a9a       0x12 ../lib-gd32/lib_gd32/libgd32.a(gd32f30x_i2c.o)
                0x0000000008004a9a                i2c_ackpos_config
 .text.i2c_master_addressing
                0x0000000008004aac       0x10 ../lib-gd32/lib_gd32/libgd32.a(gd32f30x_i2c.o)
                0x0000000008004aac                i2c_master_addressing
 .text.i2c_enable
                0x0000000008004abc        0xa ../lib-gd32/lib_gd32/libgd32.a(gd32f30x_i2c.o)
                0x0000000008004abc                i2c_enable
 .text.i2c_start_on_bus
                0x0000000008004ac6        0xa ../lib-gd32/lib_gd32/libgd32.a(gd32f30x_i2c.o)
                0x0000000008004ac6                i2c_start_on_bus
 .text.i2c_stop_on_bus
                0x0000000008004ad0        0xa ../lib-gd32/lib_gd32/libgd32.a(gd32f30x_i2c.o)
                0x0000000008004ad0                i2c_stop_on_bus
 .text.i2c_data_transmit
                0x0000000008004ada        0x4 ../lib-gd32/lib_gd32/libgd32.a(gd32f30x_i2c.o)
                0x0000000008004ada                i2c_data_transmit
 .text.i2c_data_receive
                0x0000000008004ade        0x6 ../lib-gd32/lib_gd32/libgd32.a(gd32f30x_i2c.o)
                0x0000000008004ade                i2c_data_receive
 .text.i2c_flag_get
                0x0000000008004ae4       0x16 ../lib-gd32/lib_gd32/libgd32.a(gd32f30x_i2c.o)
                0x0000000008004ae4                i2c_flag_get
 .text.i2c_flag_clear
                0x0000000008004afa       0x24 ../lib-gd32/lib_gd32/libgd32.a(gd32f30x_i2c.o)
                0x0000000008004afa                i2c_flag_clear
 *(.glue_7)
 .glue_7        0x0000000008004b1e        0x0 linker stubs
 *(.glue_7t)
 .glue_7t       0x0000000008004b1e        0x0 linker stubs
 *(.eh_frame)
 *(.init)
 *(.fini)
                0x0000000008004b20                . = ALIGN (0x4)
 *fill*         0x0000000008004b1e        0x2 
                0x0000000008004b20                _etext = .

.vfp11_veneer   0x0000000008004b20        0x0
 .vfp11_veneer  0x0000000008004b20        0x0 linker stubs

.v4_bx          0x0000000008004b20        0x0
 .v4_bx         0x0000000008004b20        0x0 linker stubs

.iplt           0x0000000008004b20        0x0
 .iplt          0x0000000008004b20        0x0 build_gd32/startup_gd32f30x_hd.o

.rodata         0x0000000008004b20      0x8d4
                0x0000000008004b20                . = ALIGN (0x4)
 *(.rodata)
 .rodata        0x0000000008004b20       0x18 ../lib-gd32/lib_gd32/libgd32.a(gd32f30x_rcu.o)
 *(.rodata*)
 .rodata.main.str1.1
                0x0000000008004b38       0xd1 build_gd32/firmware/main.o
 .rodata.str1.1
                0x0000000008004c09       0x17 build_gd32/firmware/main.o
 .rodata._ZL11deviceLabel
                0x0000000008004c20        0x8 build_gd32/firmware/main.o
 .rodata._ZL16SOFTWARE_VERSION
                0x0000000008004c28        0x4 build_gd32/firmware/main.o
 .rodata._ZL17widget_mode_names
                0x0000000008004c2c       0x30 build_gd32/firmware/main.o
 .rodata._ZN6Widget14GetParamsReplyEv.str1.1
                0x0000000008004c5c       0x18 ../lib-widget/lib_gd32/libwidget.a(widget.o)
 .rodata._ZN6Widget9SetParamsEv.str1.1
                0x0000000008004c74       0x12 ../lib-widget/lib_gd32/libwidget.a(widget.o)
 .rodata._ZN6Widget17ReceivedDmxPacketEv.str1.1
                0x0000000008004c86       0x2e ../lib-widget/lib_gd32/libwidget.a(widget.o)
 .rodata._ZN6Widget30SendDmxPacketRequestOutputOnlyEt.str1.1
                0x0000000008004cb4       0x24 ../lib-widget/lib_gd32/libwidget.a(widget.o)
 .rodata._ZN6Widget20SendRdmPacketRequestEt.str1.1
                0x0000000008004cd8       0x18 ../lib-widget/lib_gd32/libwidget.a(widget.o)
 .rodata._ZN6Widget18ReceiveDmxOnChangeEv.str1.1
                0x0000000008004cf0       0x16 ../lib-widget/lib_gd32/libwidget.a(widget.o)
 .rodata._ZN6Widget30ReceivedDmxChangeOfStatePacketEv.str1.1
                0x0000000008004d06       0x34 ../lib-widget/lib_gd32/libwidget.a(widget.o)
 .rodata._ZN6Widget23SendRdmDiscoveryRequestEt.str1.1
                0x0000000008004d3a       0x1b ../lib-widget/lib_gd32/libwidget.a(widget.o)
 .rodata._ZN6Widget17RdmTimeOutMessageEv.str1.1
                0x0000000008004d55       0x28 ../lib-widget/lib_gd32/libwidget.a(widget.o)
 .rodata._ZN6Widget17ReceivedRdmPacketEv.str1.1
                0x0000000008004d7d       0x38 ../lib-widget/lib_gd32/libwidget.a(widget.o)
 .rodata._ZN6Widget20GetManufacturerReplyEv.str1.1
                0x0000000008004db5       0x13 ../lib-widget/lib_gd32/libwidget.a(widget.o)
 .rodata._ZN6Widget12GetNameReplyEv.str1.1
                0x0000000008004dc8       0x16 ../lib-widget/lib_gd32/libwidget.a(widget.o)
 .rodata._ZN6Widget19ReceiveDataFromHostEv.str1.1
                0x0000000008004dde        0xc ../lib-widget/lib_gd32/libwidget.a(widget.o)
 .rodata._ZN17WidgetParamsConst11WIDGET_MODEE
                0x0000000008004dea        0xc ../lib-widget/lib_gd32/libwidget.a(widgetparamsconst.o)
                0x0000000008004dea                WidgetParamsConst::WIDGET_MODE
 .rodata._ZN17WidgetParamsConst18DMXUSBPRO_MAB_TIMEE
                0x0000000008004df6       0x13 ../lib-widget/lib_gd32/libwidget.a(widgetparamsconst.o)
                0x0000000008004df6                WidgetParamsConst::DMXUSBPRO_MAB_TIME
 .rodata._ZN17WidgetParamsConst20DMXUSBPRO_BREAK_TIMEE
                0x0000000008004e09       0x15 ../lib-widget/lib_gd32/libwidget.a(widgetparamsconst.o)
                0x0000000008004e09                WidgetParamsConst::DMXUSBPRO_BREAK_TIME
 .rodata._ZN17WidgetParamsConst22DMXUSBPRO_REFRESH_RATEE
                0x0000000008004e1e       0x17 ../lib-widget/lib_gd32/libwidget.a(widgetparamsconst.o)
                0x0000000008004e1e                WidgetParamsConst::DMXUSBPRO_REFRESH_RATE
 .rodata._ZN17WidgetParamsConst25DMX_SEND_TO_HOST_THROTTLEE
                0x0000000008004e35       0x1a ../lib-widget/lib_gd32/libwidget.a(widgetparamsconst.o)
                0x0000000008004e35                WidgetParamsConst::DMX_SEND_TO_HOST_THROTTLE
 .rodata._ZN6Widget10UsbCanSendEv.str1.1
                0x0000000008004e4f       0x1d ../lib-widget/lib_gd32/libwidget.a(widgetsniffer.o)
 .rodata._ZN6Widget10SnifferDmxEv.str1.1
                0x0000000008004e6c       0x1c ../lib-widget/lib_gd32/libwidget.a(widgetsniffer.o)
 .rodata._ZN6Widget10SnifferRdmEv.str1.1
                0x0000000008004e88       0x16 ../lib-widget/lib_gd32/libwidget.a(widgetsniffer.o)
 .rodata._ZN8RDMConst15MANUFACTURER_IDE
                0x0000000008004e9e        0x2 ../lib-rdm/lib_gd32/librdm.a(rdmconst.o)
                0x0000000008004e9e                RDMConst::MANUFACTURER_ID
 .rodata._ZN8RDMConst17MANUFACTURER_NAMEE
                0x0000000008004ea0       0x1c ../lib-rdm/lib_gd32/librdm.a(rdmconst.o)
                0x0000000008004ea0                RDMConst::MANUFACTURER_NAME
 .rodata._ZN9RDMDeviceC2Ev.str1.1
                0x0000000008004ebc       0x15 ../lib-rdm/lib_gd32/librdm.a(rdmdevice.o)
 .rodata._ZL12DEVICE_LABEL
                0x0000000008004ed1       0x16 ../lib-rdm/lib_gd32/librdm.a(rdmdevice.o)
 .rodata._ZN7NetworkC2Ev.str1.1
                0x0000000008004ee7        0x3 ../lib-network/lib_gd32/libnetwork.a(network.o)
 *fill*         0x0000000008004eea        0x2 
 .rodata._ZL11s_aStorSize
                0x0000000008004eec       0x70 ../lib-configstore/lib_gd32/libconfigstore.a(configstore.o)
 .rodata._ZTV14StoreRDMDevice
                0x0000000008004f5c       0x30 ../lib-configstore/lib_gd32/libconfigstore.a(storerdmdevice.o)
                0x0000000008004f5c                vtable for StoreRDMDevice
 .rodata._ZTV11StoreWidget
                0x0000000008004f8c       0x40 ../lib-configstore/lib_gd32/libconfigstore.a(storewidget.o)
                0x0000000008004f8c                vtable for StoreWidget
 .rodata._ZN9FlashCodeC2Ev.str1.1
                0x0000000008004fcc       0x2e ../lib-flashcode/lib_gd32/libflashcode.a(flashcode.o)
                                         0x39 (size before relaxing)
 .rodata._ZN7Display9PrintInfoEv.isra.0.str1.1
                0x0000000008004ffa       0x11 ../lib-display/lib_gd32/libdisplay.a(display.o)
 .rodata._ZN7Ssd13069PrintInfoEv.str1.1
                0x000000000800500b       0x1b ../lib-display/lib_gd32/libdisplay.a(ssd1306.o)
 .rodata._ZN7Ssd130611CheckSH1106Ev.str1.1
                0x0000000008005026        0x6 ../lib-display/lib_gd32/libdisplay.a(ssd1306.o)
 .rodata._ZL12_OledFont8x6
                0x000000000800502c      0x2a0 ../lib-display/lib_gd32/libdisplay.a(ssd1306.o)
 .rodata._ZL16oled_128x32_init
                0x00000000080052cc       0x18 ../lib-display/lib_gd32/libdisplay.a(ssd1306.o)
 .rodata._ZL16oled_128x64_init
                0x00000000080052e4       0x18 ../lib-display/lib_gd32/libdisplay.a(ssd1306.o)
 .rodata._ZTV7Ssd1306
                0x00000000080052fc       0x40 ../lib-display/lib_gd32/libdisplay.a(ssd1306.o)
                0x00000000080052fc                vtable for Ssd1306
 .rodata.console_init.str1.1
                0x000000000800533c        0xc ../lib-hal/lib_gd32/libhal.a(console_uart0.o)
 .rodata.malloc.str1.1
                0x0000000008005348       0x53 ../lib-c/lib_gd32/libc.a(malloc.o)
 .rodata.free.str1.1
                0x000000000800539b       0x26 ../lib-c/lib_gd32/libc.a(malloc.o)
 *fill*         0x00000000080053c1        0x3 
 .rodata.days_of_month
                0x00000000080053c4       0x30 ../lib-c/lib_gd32/libc.a(time.o)
                0x00000000080053f4                . = ALIGN (0x4)

.ARM.extab
 *(.ARM.extab* .gnu.linkonce.armextab.*)

.ARM            0x00000000080053f4        0x8
                0x00000000080053f4                __exidx_start = .
 *(.ARM.exidx*)
 .ARM.exidx.text.__udivmoddi4
                0x00000000080053f4        0x8 /Users/arjanvanvught/Library/xPacks/@xpack-dev-tools/arm-none-eabi-gcc/11.3.1-1.1.2/.content/bin/../lib/gcc/arm-none-eabi/11.3.1/thumb/v7e-m+fp/hard/libgcc.a(_udivmoddi4.o)
                0x00000000080053fc                __exidx_end = .

.rel.dyn        0x00000000080053fc        0x0
 .rel.iplt      0x00000000080053fc        0x0 build_gd32/startup_gd32f30x_hd.o

.ARM.attributes
                0x00000000080053fc       0x35
 *(.ARM.attributes)
 .ARM.attributes
                0x00000000080053fc       0x21 build_gd32/startup_gd32f30x_hd.o
 .ARM.attributes
                0x000000000800541d       0x34 build_gd32/firmware/main.o
 .ARM.attributes
                0x0000000008005451       0x34 ../lib-c/lib_gd32/libc.a(printf.o)
 .ARM.attributes
                0x0000000008005485       0x1e /Users/arjanvanvught/Library/xPacks/@xpack-dev-tools/arm-none-eabi-gcc/11.3.1-1.1.2/.content/bin/../lib/gcc/arm-none-eabi/11.3.1/thumb/v7e-m+fp/hard/libgcc.a(_arm_truncdfsf2.o)
 .ARM.attributes
                0x00000000080054a3       0x1e /Users/arjanvanvught/Library/xPacks/@xpack-dev-tools/arm-none-eabi-gcc/11.3.1-1.1.2/.content/bin/../lib/gcc/arm-none-eabi/11.3.1/thumb/v7e-m+fp/hard/libgcc.a(_aeabi_uldivmod.o)
 .ARM.attributes
                0x00000000080054c1       0x34 /Users/arjanvanvught/Library/xPacks/@xpack-dev-tools/arm-none-eabi-gcc/11.3.1-1.1.2/.content/bin/../lib/gcc/arm-none-eabi/11.3.1/thumb/v7e-m+fp/hard/libgcc.a(_udivmoddi4.o)
 .ARM.attributes
                0x00000000080054f5       0x1e /Users/arjanvanvught/Library/xPacks/@xpack-dev-tools/arm-none-eabi-gcc/11.3.1-1.1.2/.content/bin/../lib/gcc/arm-none-eabi/11.3.1/thumb/v7e-m+fp/hard/libgcc.a(_dvmd_tls.o)
 .ARM.attributes
                0x0000000008005513       0x34 ../lib-widget/lib_gd32/libwidget.a(widget.o)
 .ARM.attributes
                0x0000000008005547       0x34 ../lib-widget/lib_gd32/libwidget.a(widgetconfiguration.o)
 .ARM.attributes
                0x000000000800557b       0x34 ../lib-widget/lib_gd32/libwidget.a(widgetmonitor.o)
 .ARM.attributes
                0x00000000080055af       0x34 ../lib-widget/lib_gd32/libwidget.a(widgetparams.o)
 .ARM.attributes
                0x00000000080055e3       0x34 ../lib-widget/lib_gd32/libwidget.a(widgetparamsconst.o)
 .ARM.attributes
                0x0000000008005617       0x34 ../lib-widget/lib_gd32/libwidget.a(widgetparamsdump.o)
 .ARM.attributes
                0x000000000800564b       0x34 ../lib-widget/lib_gd32/libwidget.a(widgetsniffer.o)
 .ARM.attributes
                0x000000000800567f       0x34 ../lib-widget/lib_gd32/libwidget.a(widgetusb.o)
 .ARM.attributes
                0x00000000080056b3       0x34 ../lib-widget/lib_gd32/libwidget.a(widgetconfiguration.o)
 .ARM.attributes
                0x00000000080056e7       0x34 ../lib-widget/lib_gd32/libwidget.a(widgetmonitor.o)
 .ARM.attributes
                0x000000000800571b       0x34 ../lib-dmx/lib_gd32/libdmx.a(rdm.o)
 .ARM.attributes
                0x000000000800574f       0x34 ../lib-dmx/lib_gd32/libdmx.a(dmx.o)
 .ARM.attributes
                0x0000000008005783       0x34 ../lib-usb/lib_gd32/libusb.a(usb.o)
 .ARM.attributes
                0x00000000080057b7       0x34 ../lib-usb/lib_gd32/libusb.a(ft245rl.o)
 .ARM.attributes
                0x00000000080057eb       0x34 ../lib-rdm/lib_gd32/librdm.a(rdmconst.o)
 .ARM.attributes
                0x000000000800581f       0x34 ../lib-rdm/lib_gd32/librdm.a(rdmdevice.o)
 .ARM.attributes
                0x0000000008005853       0x34 ../lib-rdm/lib_gd32/librdm.a(rdmdeviceparams.o)
 .ARM.attributes
                0x0000000008005887       0x34 ../lib-network/lib_gd32/libnetwork.a(network.o)
 .ARM.attributes
                0x00000000080058bb       0x34 ../lib-configstore/lib_gd32/libconfigstore.a(configstore.o)
 .ARM.attributes
                0x00000000080058ef       0x34 ../lib-configstore/lib_gd32/libconfigstore.a(storedevice.o)
 .ARM.attributes
                0x0000000008005923       0x34 ../lib-configstore/lib_gd32/libconfigstore.a(storerdmdevice.o)
 .ARM.attributes
                0x0000000008005957       0x34 ../lib-configstore/lib_gd32/libconfigstore.a(storewidget.o)
 .ARM.attributes
                0x000000000800598b       0x34 ../lib-flashcode/lib_gd32/libflashcode.a(flashcode.o)
 .ARM.attributes
                0x00000000080059bf       0x34 ../lib-flashcode/lib_gd32/libflashcode.a(flashcode.o)
 .ARM.attributes
                0x00000000080059f3       0x34 ../lib-properties/lib_gd32/libproperties.a(readconfigfile.o)
 .ARM.attributes
                0x0000000008005a27       0x34 ../lib-properties/lib_gd32/libproperties.a(sscanuint8.o)
 .ARM.attributes
                0x0000000008005a5b       0x34 ../lib-properties/lib_gd32/libproperties.a(sscan.o)
 .ARM.attributes
                0x0000000008005a8f       0x34 ../lib-display/lib_gd32/libdisplay.a(display.o)
 .ARM.attributes
                0x0000000008005ac3       0x34 ../lib-display/lib_gd32/libdisplay.a(ssd1306.o)
 .ARM.attributes
                0x0000000008005af7       0x34 ../lib-display/lib_gd32/libdisplay.a(display_timeout.o)
 .ARM.attributes
                0x0000000008005b2b       0x34 ../lib-hal/lib_gd32/libhal.a(console_uart0.o)
 .ARM.attributes
                0x0000000008005b5f       0x34 ../lib-hal/lib_gd32/libhal.a(ledblink.o)
 .ARM.attributes
                0x0000000008005b93       0x34 ../lib-hal/lib_gd32/libhal.a(hardware.o)
 .ARM.attributes
                0x0000000008005bc7       0x34 ../lib-c++/lib_gd32/libc++.a(delete.o)
 .ARM.attributes
                0x0000000008005bfb       0x34 ../lib-c++/lib_gd32/libc++.a(new.o)
 .ARM.attributes
                0x0000000008005c2f       0x34 ../lib-c/lib_gd32/libc.a(malloc.o)
 .ARM.attributes
                0x0000000008005c63       0x34 ../lib-c/lib_gd32/libc.a(memcpy.o)
 .ARM.attributes
                0x0000000008005c97       0x34 ../lib-c/lib_gd32/libc.a(memset.o)
 .ARM.attributes
                0x0000000008005ccb       0x34 ../lib-c/lib_gd32/libc.a(puts.o)
 .ARM.attributes
                0x0000000008005cff       0x34 ../lib-c/lib_gd32/libc.a(time.o)
 .ARM.attributes
                0x0000000008005d33       0x34 ../lib-c/lib_gd32/libc.a(time.o)
 .ARM.attributes
                0x0000000008005d67       0x34 ../lib-gd32/lib_gd32/libgd32.a(gd32_uart0.o)
 .ARM.attributes
                0x0000000008005d9b       0x34 ../lib-gd32/lib_gd32/libgd32.a(systick.o)
 .ARM.attributes
                0x0000000008005dcf       0x34 ../lib-gd32/lib_gd32/libgd32.a(system_gd32f30x.o)
 .ARM.attributes
                0x0000000008005e03       0x34 ../lib-gd32/lib_gd32/libgd32.a(gd32f30x_bkp.o)
 .ARM.attributes
                0x0000000008005e37       0x34 ../lib-gd32/lib_gd32/libgd32.a(gd32f30x_dma.o)
 .ARM.attributes
                0x0000000008005e6b       0x34 ../lib-gd32/lib_gd32/libgd32.a(gd32f30x_fmc.o)
 .ARM.attributes
                0x0000000008005e9f       0x34 ../lib-gd32/lib_gd32/libgd32.a(gd32f30x_fwdgt.o)
 .ARM.attributes
                0x0000000008005ed3       0x34 ../lib-gd32/lib_gd32/libgd32.a(gd32f30x_gpio.o)
 .ARM.attributes
                0x0000000008005f07       0x34 ../lib-gd32/lib_gd32/libgd32.a(gd32f30x_pmu.o)
 .ARM.attributes
                0x0000000008005f3b       0x34 ../lib-gd32/lib_gd32/libgd32.a(gd32f30x_rcu.o)
 .ARM.attributes
                0x0000000008005f6f       0x34 ../lib-gd32/lib_gd32/libgd32.a(gd32f30x_timer.o)
 .ARM.attributes
                0x0000000008005fa3       0x34 ../lib-gd32/lib_gd32/libgd32.a(gd32f30x_usart.o)
 .ARM.attributes
                0x0000000008005fd7       0x34 ../lib-gd32/lib_gd32/libgd32.a(gd32_adc.o)
 .ARM.attributes
                0x000000000800600b       0x34 ../lib-gd32/lib_gd32/libgd32.a(gd32_i2c.o)
 .ARM.attributes
                0x000000000800603f       0x34 ../lib-gd32/lib_gd32/libgd32.a(gd32_uart.o)
 .ARM.attributes
                0x0000000008006073       0x34 ../lib-gd32/lib_gd32/libgd32.a(mac_address.o)
 .ARM.attributes
                0x00000000080060a7       0x34 ../lib-gd32/lib_gd32/libgd32.a(micros.o)
 .ARM.attributes
                0x00000000080060db       0x34 ../lib-gd32/lib_gd32/libgd32.a(udelay.o)
 .ARM.attributes
                0x000000000800610f       0x34 ../lib-gd32/lib_gd32/libgd32.a(gd32f30x_adc.o)
 .ARM.attributes
                0x0000000008006143       0x34 ../lib-gd32/lib_gd32/libgd32.a(gd32f30x_i2c.o)

.preinit_array  0x00000000080053fc        0x0
                [!provide]                        PROVIDE (__preinit_array_start = .)
 *(.preinit_array*)
                [!provide]                        PROVIDE (__preinit_array_end = .)

.init_array     0x00000000080053fc        0x0
                [!provide]                        PROVIDE (__init_array_start = .)
 *(SORT_BY_NAME(.init_array.*))
 *(.init_array*)
                [!provide]                        PROVIDE (__init_array_end = .)

.fini_array     0x00000000080053fc        0x0
                [!provide]                        PROVIDE (__fini_array_start = .)
 *(.fini_array*)
 *(SORT_BY_NAME(.fini_array.*))
                [!provide]                        PROVIDE (__fini_array_end = .)
                0x00000000080053fc                _sidata = LOADADDR (.data)

.data           0x0000000020000000       0xec load address 0x00000000080053fc
                0x0000000020000000                . = ALIGN (0x4)
                0x0000000020000000                _sdata = .
 *(.data)
 *(.data*)
 .data._ZN19WidgetConfiguration10s_nMabTimeE
                0x0000000020000000        0x1 ../lib-widget/lib_gd32/libwidget.a(widgetconfiguration.o)
                0x0000000020000000                WidgetConfiguration::s_nMabTime
 .data._ZN19WidgetConfiguration12s_nBreakTimeE
                0x0000000020000001        0x1 ../lib-widget/lib_gd32/libwidget.a(widgetconfiguration.o)
                0x0000000020000001                WidgetConfiguration::s_nBreakTime
 .data._ZN19WidgetConfiguration14s_nFirmwareLsbE
                0x0000000020000002        0x1 ../lib-widget/lib_gd32/libwidget.a(widgetconfiguration.o)
                0x0000000020000002                WidgetConfiguration::s_nFirmwareLsb
 .data._ZN19WidgetConfiguration14s_nFirmwareMsbE
                0x0000000020000003        0x1 ../lib-widget/lib_gd32/libwidget.a(widgetconfiguration.o)
                0x0000000020000003                WidgetConfiguration::s_nFirmwareMsb
 .data._ZN19WidgetConfiguration14s_nRefreshRateE
                0x0000000020000004        0x1 ../lib-widget/lib_gd32/libwidget.a(widgetconfiguration.o)
                0x0000000020000004                WidgetConfiguration::s_nRefreshRate
 .data._ZN19WidgetConfiguration15s_aDeviceTypeIdE
                0x0000000020000005        0x2 ../lib-widget/lib_gd32/libwidget.a(widgetconfiguration.o)
                0x0000000020000005                WidgetConfiguration::s_aDeviceTypeId
 *fill*         0x0000000020000007        0x1 
 .data._ZL20s_nDmxTransmitPeriod
                0x0000000020000008        0x4 ../lib-dmx/lib_gd32/libdmx.a(dmx.o)
 .data._ZL21s_nDmxTransmitMabTime
                0x000000002000000c        0x4 ../lib-dmx/lib_gd32/libdmx.a(dmx.o)
 .data._ZL23s_nDmxTransmitBreakTime
                0x0000000020000010        0x4 ../lib-dmx/lib_gd32/libdmx.a(dmx.o)
 .data.next_block
                0x0000000020000014        0x4 ../lib-c/lib_gd32/libc.a(malloc.o)
 .data.s_block_bucket
                0x0000000020000018       0xd0 ../lib-c/lib_gd32/libc.a(malloc.o)
 .data.SystemCoreClock
                0x00000000200000e8        0x4 ../lib-gd32/lib_gd32/libgd32.a(system_gd32f30x.o)
                0x00000000200000e8                SystemCoreClock
                0x00000000200000ec                . = ALIGN (0x4)
                0x00000000200000ec                _edata = .

.igot.plt       0x00000000200000ec        0x0 load address 0x00000000080054e8
 .igot.plt      0x00000000200000ec        0x0 build_gd32/startup_gd32f30x_hd.o
                0x00000000200000ec                . = ALIGN (0x4)

.bss            0x00000000200000f0     0x1734 load address 0x00000000080054e8
                0x00000000200000f0                _sbss = .
                0x00000000200000f0                __bss_start__ = _sbss
 *(.bss)
 *(.bss*)
 .bss.outptr    0x00000000200000f0        0x4 ../lib-c/lib_gd32/libc.a(printf.o)
 .bss._ZN6Widget7s_pThisE
                0x00000000200000f4        0x4 ../lib-widget/lib_gd32/libwidget.a(widget.o)
                0x00000000200000f4                Widget::s_pThis
 .bss._ZL10s_RxBuffer
                0x00000000200000f8      0x210 ../lib-dmx/lib_gd32/libdmx.a(dmx.o)
 .bss._ZL10s_TxBuffer
                0x0000000020000308      0x204 ../lib-dmx/lib_gd32/libdmx.a(dmx.o)
 .bss._ZL12sv_PortState
                0x000000002000050c        0x4 ../lib-dmx/lib_gd32/libdmx.a(dmx.o)
 .bss._ZL15s_RxDmxPrevious
                0x0000000020000510      0x202 ../lib-dmx/lib_gd32/libdmx.a(dmx.o)
 *fill*         0x0000000020000712        0x2 
 .bss._ZL16sv_nRxDmxPackets
                0x0000000020000714       0x10 ../lib-dmx/lib_gd32/libdmx.a(dmx.o)
 .bss._ZL16sv_nUartsSending
                0x0000000020000724        0x2 ../lib-dmx/lib_gd32/libdmx.a(dmx.o)
 *fill*         0x0000000020000726        0x2 
 .bss._ZN3Dmx7s_pThisE
                0x0000000020000728        0x4 ../lib-dmx/lib_gd32/libdmx.a(dmx.o)
                0x0000000020000728                Dmx::s_pThis
 .bss.gv_RdmDataReceiveEnd
                0x000000002000072c        0x4 ../lib-dmx/lib_gd32/libdmx.a(dmx.o)
                0x000000002000072c                gv_RdmDataReceiveEnd
 .bss._ZN7Network7s_pThisE
                0x0000000020000730        0x4 ../lib-network/lib_gd32/libnetwork.a(network.o)
                0x0000000020000730                Network::s_pThis
 .bss._ZN11ConfigStore13s_nWaitMillisE
                0x0000000020000734        0x4 ../lib-configstore/lib_gd32/libconfigstore.a(configstore.o)
                0x0000000020000734                ConfigStore::s_nWaitMillis
 .bss._ZN11ConfigStore14s_SpiFlashDataE
                0x0000000020000738     0x1000 ../lib-configstore/lib_gd32/libconfigstore.a(configstore.o)
                0x0000000020000738                ConfigStore::s_SpiFlashData
 .bss._ZN11ConfigStore15s_nStartAddressE
                0x0000000020001738        0x4 ../lib-configstore/lib_gd32/libconfigstore.a(configstore.o)
                0x0000000020001738                ConfigStore::s_nStartAddress
 .bss._ZN11ConfigStore16s_bHaveFlashChipE
                0x000000002000173c        0x1 ../lib-configstore/lib_gd32/libconfigstore.a(configstore.o)
                0x000000002000173c                ConfigStore::s_bHaveFlashChip
 *fill*         0x000000002000173d        0x3 
 .bss._ZN11ConfigStore20s_nSpiFlashStoreSizeE
                0x0000000020001740        0x4 ../lib-configstore/lib_gd32/libconfigstore.a(configstore.o)
                0x0000000020001740                ConfigStore::s_nSpiFlashStoreSize
 .bss._ZN11ConfigStore7s_StateE
                0x0000000020001744        0x4 ../lib-configstore/lib_gd32/libconfigstore.a(configstore.o)
                0x0000000020001744                ConfigStore::s_State
 .bss._ZN11ConfigStore7s_pThisE
                0x0000000020001748        0x4 ../lib-configstore/lib_gd32/libconfigstore.a(configstore.o)
                0x0000000020001748                ConfigStore::s_pThis
 .bss._ZN11ConfigStore8s_bIsNewE
                0x000000002000174c        0x1 ../lib-configstore/lib_gd32/libconfigstore.a(configstore.o)
                0x000000002000174c                ConfigStore::s_bIsNew
 *fill*         0x000000002000174d        0x3 
 .bss._ZN14StoreRDMDevice7s_pThisE
                0x0000000020001750        0x4 ../lib-configstore/lib_gd32/libconfigstore.a(storerdmdevice.o)
                0x0000000020001750                StoreRDMDevice::s_pThis
 .bss._ZN11StoreWidget7s_pThisE
                0x0000000020001754        0x4 ../lib-configstore/lib_gd32/libconfigstore.a(storewidget.o)
                0x0000000020001754                StoreWidget::s_pThis
 .bss._ZN9FlashCode7s_pThisE
                0x0000000020001758        0x4 ../lib-flashcode/lib_gd32/libflashcode.a(flashcode.o)
                0x0000000020001758                FlashCode::s_pThis
 .bss._ZN9flashcodeL10s_nAddressE
                0x000000002000175c        0x4 ../lib-flashcode/lib_gd32/libflashcode.a(flashcode.o)
 .bss._ZN9flashcodeL7s_StateE
                0x0000000020001760        0x4 ../lib-flashcode/lib_gd32/libflashcode.a(flashcode.o)
 .bss._ZN9flashcodeL7s_nPageE
                0x0000000020001764        0x4 ../lib-flashcode/lib_gd32/libflashcode.a(flashcode.o)
 .bss._ZN9flashcodeL7s_pDataE
                0x0000000020001768        0x4 ../lib-flashcode/lib_gd32/libflashcode.a(flashcode.o)
 .bss._ZN9flashcodeL9s_isBank0E
                0x000000002000176c        0x1 ../lib-flashcode/lib_gd32/libflashcode.a(flashcode.o)
 *fill*         0x000000002000176d        0x3 
 .bss._ZN9flashcodeL9s_nLengthE
                0x0000000020001770        0x4 ../lib-flashcode/lib_gd32/libflashcode.a(flashcode.o)
 .bss._ZN7Display7s_pThisE
                0x0000000020001774        0x4 ../lib-display/lib_gd32/libdisplay.a(display.o)
                0x0000000020001774                Display::s_pThis
 .bss._ZL12_ClearBuffer
                0x0000000020001778       0x86 ../lib-display/lib_gd32/libdisplay.a(ssd1306.o)
 *fill*         0x00000000200017fe        0x2 
 .bss._ZN7Ssd13067s_pThisE
                0x0000000020001800        0x4 ../lib-display/lib_gd32/libdisplay.a(ssd1306.o)
                0x0000000020001800                Ssd1306::s_pThis
 .bss._ZN8LedBlink7s_pThisE
                0x0000000020001804        0x4 ../lib-hal/lib_gd32/libhal.a(ledblink.o)
                0x0000000020001804                LedBlink::s_pThis
 .bss._ZN8Hardware7s_pThisE
                0x0000000020001808        0x4 ../lib-hal/lib_gd32/libhal.a(hardware.o)
                0x0000000020001808                Hardware::s_pThis
 *fill*         0x000000002000180c        0x4 
 .bss.s_micros  0x0000000020001810        0x8 ../lib-c/lib_gd32/libc.a(time.o)
 .bss.set_timer
                0x0000000020001818        0x4 ../lib-c/lib_gd32/libc.a(time.o)
 .bss.s_nSysTickMillis
                0x000000002000181c        0x4 ../lib-gd32/lib_gd32/libgd32.a(systick.o)
                0x000000002000181c                s_nSysTickMillis
 .bss._ZL10s_nAddress
                0x0000000020001820        0x1 ../lib-gd32/lib_gd32/libgd32.a(gd32_i2c.o)
 *(COMMON)
                0x0000000020001824                . = ALIGN (0x4)
 *fill*         0x0000000020001821        0x3 
                0x0000000020001824                _ebss = .
                0x0000000020001824                __bss_end__ = _ebss
                0x0000000020001828                . = ALIGN (0x8)
                [!provide]                        PROVIDE (end = _ebss)
                [!provide]                        PROVIDE (_end = _ebss)

.heap           0x000000002000a000     0x1000 load address 0x0000000020001824
                0x000000002000a000                . = ALIGN (0x4)
                0x000000002000a000                heap_low = .
                0x000000002000b000                . = (. + __heap_size)
 *fill*         0x000000002000a000     0x1000 
                0x000000002000b000                heap_top = .
                0x000000002000b000                . = ALIGN (0x4)

.stack          0x000000002000b000     0x1000
                0x000000002000b000                . = ALIGN (0x4)
                [!provide]                        PROVIDE (_heap_end = .)
                0x0000000000001000                . = __stack_size
 *fill*         0x000000002000b000     0x1000 
                0x000000002000c000                PROVIDE (_sp = .)
                0x000000002000c000                . = ALIGN (0x4)

/DISCARD/
 *(*.ARM.attributes)
 *(*.comment)
 *(*.debug*)
START GROUP
LOAD /Users/arjanvanvught/Library/xPacks/@xpack-dev-tools/arm-none-eabi-gcc/11.3.1-1.1.2/.content/bin/../lib/gcc/arm-none-eabi/11.3.1/thumb/v7e-m+fp/hard/libgcc.a
LOAD ../lib-c/lib_gd32/libc.a
END GROUP
LOAD ../lib-widget/lib_gd32/libwidget.a
LOAD ../lib-dmx/lib_gd32/libdmx.a
LOAD ../lib-usb/lib_gd32/libusb.a
LOAD ../lib-rdm/lib_gd32/librdm.a
LOAD ../lib-network/lib_gd32/libnetwork.a
LOAD ../lib-configstore/lib_gd32/libconfigstore.a
LOAD ../lib-flashcode/lib_gd32/libflashcode.a
LOAD ../lib-properties/lib_gd32/libproperties.a
LOAD ../lib-lightset/lib_gd32/liblightset.a
LOAD ../lib-display/lib_gd32/libdisplay.a
LOAD ../lib-hal/lib_gd32/libhal.a
LOAD ../lib-c++/lib_gd32/libc++.a
LOAD ../lib-c/lib_gd32/libc.a
LOAD ../lib-gd32/lib_gd32/libgd32.a
LOAD /Users/arjanvanvught/Library/xPacks/@xpack-dev-tools/arm-none-eabi-gcc/11.3.1-1.1.2/.content/bin/../lib/gcc/arm-none-eabi/11.3.1/thumb/v7e-m+fp/hard/libgcc.a
OUTPUT(build_gd32/main.elf elf32-littlearm)
LOAD linker stubs
