Archive member included to satisfy reference by file (symbol)

../lib-c/lib_gd32/libc.a(printf.o)
                              build_gd32/hardfault_handler.o (printf)
/Users/arjanvanvught/Library/xPacks/@xpack-dev-tools/arm-none-eabi-gcc/12.2.1-1.2.1/.content/bin/../lib/gcc/arm-none-eabi/12.2.1/thumb/v7e-m+fp/hard/libgcc.a(_arm_truncdfsf2.o)
                              ../lib-c/lib_gd32/libc.a(printf.o) (__aeabi_d2f)
../lib-widget/lib_gd32/libwidget.a(widget.o)
                              build_gd32/firmware/main.o (Widget::Widget())
../lib-widget/lib_gd32/libwidget.a(widgetconfiguration.o)
                              ../lib-widget/lib_gd32/libwidget.a(widget.o) (WidgetConfiguration::s_nRefreshRate)
../lib-widget/lib_gd32/libwidget.a(widgetmonitor.o)
                              ../lib-widget/lib_gd32/libwidget.a(widget.o) (WidgetMonitor::Line(int, char const*, ...))
../lib-widget/lib_gd32/libwidget.a(widgetparams.o)
                              build_gd32/firmware/main.o (WidgetParams::WidgetParams())
../lib-widget/lib_gd32/libwidget.a(widgetparamsconst.o)
                              ../lib-widget/lib_gd32/libwidget.a(widgetparams.o) (WidgetParamsConst::DMX_SEND_TO_HOST_THROTTLE)
../lib-widget/lib_gd32/libwidget.a(widgetsniffer.o)
                              build_gd32/firmware/main.o (Widget::SnifferDmx())
../lib-widget/lib_gd32/libwidget.a(widgetusb.o)
                              ../lib-widget/lib_gd32/libwidget.a(widget.o) (Widget::SendHeader(unsigned char, unsigned long))
../lib-widget/lib_gd32/libwidget.a(widgetconfiguration.o)
                              ../lib-widget/lib_gd32/libwidget.a(widget.o) (WidgetConfiguration::Store(TWidgetConfiguration const*))
../lib-widget/lib_gd32/libwidget.a(widgetmonitor.o)
                              ../lib-widget/lib_gd32/libwidget.a(widget.o) (WidgetMonitor::RdmData(int, unsigned short, unsigned char const*, bool))
../lib-usb/lib_gd32/libusb.a(usb.o)
                              ../lib-widget/lib_gd32/libwidget.a(widget.o) (usb_read_byte())
../lib-usb/lib_gd32/libusb.a(ft245rl.o)
                              ../lib-widget/lib_gd32/libwidget.a(widget.o) (FT245RL_init())
../lib-rdm/lib_gd32/librdm.a(rdmconst.o)
                              ../lib-widget/lib_gd32/libwidget.a(widget.o) (RDMConst::MANUFACTURER_ID)
../lib-rdm/lib_gd32/librdm.a(rdmdevice.o)
                              ../lib-widget/lib_gd32/libwidget.a(widget.o) (RDMDevice::RDMDevice())
../lib-rdm/lib_gd32/librdm.a(rdmdeviceparams.o)
                              build_gd32/firmware/main.o (RDMDeviceParams::RDMDeviceParams())
../lib-rdm/lib_gd32/librdm.a(rdmdeviceparamsconst.o)
                              ../lib-rdm/lib_gd32/librdm.a(rdmdeviceparams.o) (RDMDeviceParamsConst::PRODUCT_DETAIL)
../lib-dmx/lib_gd32/libdmx.a(dmx.o)
                              ../lib-widget/lib_gd32/libwidget.a(widget.o) (Dmx::Dmx())
../lib-network/lib_gd32/libnetwork.a(network.o)
                              ../lib-rdm/lib_gd32/librdm.a(rdmdevice.o) (Network::s_pThis)
../lib-configstore/lib_gd32/libconfigstore.a(configstore.o)
                              build_gd32/firmware/main.o (ConfigStore::s_pThis)
../lib-configstore/lib_gd32/libconfigstore.a(storedevice.o)
                              ../lib-configstore/lib_gd32/libconfigstore.a(configstore.o) (StoreDevice::StoreDevice())
../lib-flashcode/lib_gd32/libflashcode.a(flashcode.o)
                              ../lib-configstore/lib_gd32/libconfigstore.a(storedevice.o) (FlashCode::FlashCode())
../lib-flashcode/lib_gd32/libflashcode.a(flashcode.o)
                              ../lib-configstore/lib_gd32/libconfigstore.a(storedevice.o) (FlashCode::GetSize() const)
../lib-properties/lib_gd32/libproperties.a(propertiesbuilder.o)
                              ../lib-rdm/lib_gd32/librdm.a(rdmdeviceparams.o) (PropertiesBuilder::PropertiesBuilder(char const*, char*, unsigned long))
../lib-properties/lib_gd32/libproperties.a(propertiesbuilderaddhex.o)
                              ../lib-rdm/lib_gd32/librdm.a(rdmdeviceparams.o) (PropertiesBuilder::AddHex(char const*, unsigned long, bool, unsigned long))
../lib-properties/lib_gd32/libproperties.a(propertiesconfig.o)
                              ../lib-properties/lib_gd32/libproperties.a(propertiesbuilder.o) (PropertiesConfig::s_Config)
../lib-properties/lib_gd32/libproperties.a(readconfigfile.o)
                              ../lib-widget/lib_gd32/libwidget.a(widgetparams.o) (ReadConfigFile::ReadConfigFile(void (*)(void*, char const*), void*))
../lib-properties/lib_gd32/libproperties.a(sscanchar.o)
                              ../lib-rdm/lib_gd32/librdm.a(rdmdeviceparams.o) (Sscan::Char(char const*, char const*, char*, unsigned long&))
../lib-properties/lib_gd32/libproperties.a(sscanhexuint16.o)
                              ../lib-rdm/lib_gd32/librdm.a(rdmdeviceparams.o) (Sscan::HexUint16(char const*, char const*, unsigned short&))
../lib-properties/lib_gd32/libproperties.a(sscanuint8.o)
[...]
Memory Configuration

Name             Origin             Length             Attributes
FLASH            0x0000000008000000 0x0000000000040000 xr
RAM              0x0000000020000000 0x000000000000c000 xrw
*default*        0x0000000000000000 0xffffffffffffffff

Linker script and memory map

LOAD build_gd32/startup_gd32f30x_hd.o
LOAD build_gd32/hardfault_handler.o
LOAD build_gd32/firmware/main.o
                0x0000000000001000                __heap_size = DEFINED (__heap_size)?__heap_size:0x1000
                0x0000000000001000                __stack_size = DEFINED (__stack_size)?__stack_size:0x1000

.vectors        0x0000000008000000      0x130
                0x0000000008000000                . = ALIGN (0x4)
 *(.vectors)
 .vectors       0x0000000008000000      0x130 build_gd32/startup_gd32f30x_hd.o
                0x0000000008000000                __gVectors
                0x0000000008000130                . = ALIGN (0x4)
                0x0000000008000130                __Vectors_End = .
                0x0000000008000130                __Vectors_Size = (__Vectors_End - __gVectors)

.text           0x0000000008000130     0x4950
                0x0000000008000130                . = ALIGN (0x4)
 *(.text.unlikely*)
 .text.unlikely.console_init
                0x0000000008000130       0x20 ../lib-hal/lib_gd32/libhal.a(console.o)
                0x0000000008000130                console_init
 *(.text.hot*)
 *(.text)
 .text          0x0000000008000150       0xa0 /Users/arjanvanvught/Library/xPacks/@xpack-dev-tools/arm-none-eabi-gcc/12.2.1-1.2.1/.content/bin/../lib/gcc/arm-none-eabi/12.2.1/thumb/v7e-m+fp/hard/libgcc.a(_arm_truncdfsf2.o)
                0x0000000008000150                __aeabi_d2f
                0x0000000008000150                __truncdfsf2
 *(.text*)
 .text.Reset_Handler
                0x00000000080001f0       0x44 build_gd32/startup_gd32f30x_hd.o
                0x00000000080001f0                Reset_Handler
 .text.Default_Handler
                0x0000000008000234        0x2 build_gd32/startup_gd32f30x_hd.o
                0x0000000008000234                DMA0_Channel4_IRQHandler
                0x0000000008000234                EXTI2_IRQHandler
                0x0000000008000234                TIMER5_IRQHandler
                0x0000000008000234                DebugMon_Handler
                0x0000000008000234                LVD_IRQHandler
                0x0000000008000234                TIMER0_BRK_IRQHandler
                0x0000000008000234                ADC0_1_IRQHandler
                0x0000000008000234                TIMER0_UP_IRQHandler
                0x0000000008000234                SDIO_IRQHandler
                0x0000000008000234                PendSV_Handler
                0x0000000008000234                NMI_Handler
                0x0000000008000234                EXTI3_IRQHandler
                0x0000000008000234                DMA0_Channel6_IRQHandler
                0x0000000008000234                I2C0_EV_IRQHandler
                0x0000000008000234                EXTI0_IRQHandler
                0x0000000008000234                UsageFault_Handler
                0x0000000008000234                SPI1_IRQHandler
                0x0000000008000234                DMA0_Channel0_IRQHandler
                0x0000000008000234                TAMPER_IRQHandler
                0x0000000008000234                DMA1_Channel0_IRQHandler
                0x0000000008000234                DMA0_Channel3_IRQHandler
                0x0000000008000234                I2C0_ER_IRQHandler
                0x0000000008000234                RTC_IRQHandler
                0x0000000008000234                TIMER7_UP_IRQHandler
                0x0000000008000234                DMA0_Channel2_IRQHandler
                0x0000000008000234                TIMER7_TRG_CMT_IRQHandler
                0x0000000008000234                TIMER0_TRG_CMT_IRQHandler
                0x0000000008000234                I2C1_EV_IRQHandler
                0x0000000008000234                UART4_IRQHandler
                0x0000000008000234                EXTI10_15_IRQHandler
                0x0000000008000234                DMA1_Channel1_IRQHandler
                0x0000000008000234                Default_Handler
                0x0000000008000234                TIMER7_Channel_IRQHandler
                0x0000000008000234                WWDGT_IRQHandler
                0x0000000008000234                EXMC_IRQHandler
                0x0000000008000234                ADC2_IRQHandler
                0x0000000008000234                SPI2_IRQHandler
                0x0000000008000234                MemManage_Handler
                0x0000000008000234                USBD_WKUP_IRQHandler
                0x0000000008000234                SVC_Handler
                0x0000000008000234                RCU_CTC_IRQHandler
                0x0000000008000234                TIMER7_BRK_IRQHandler
                0x0000000008000234                EXTI4_IRQHandler
                0x0000000008000234                USBD_HP_CAN0_TX_IRQHandler
                0x0000000008000234                CAN0_RX1_IRQHandler
                0x0000000008000234                DMA0_Channel5_IRQHandler
                0x0000000008000234                EXTI5_9_IRQHandler
                0x0000000008000234                TIMER0_Channel_IRQHandler
                0x0000000008000234                EXTI1_IRQHandler
                0x0000000008000234                SPI0_IRQHandler
                0x0000000008000234                DMA1_Channel3_4_IRQHandler
                0x0000000008000234                CAN0_EWMC_IRQHandler
                0x0000000008000234                DMA1_Channel2_IRQHandler
                0x0000000008000234                USBD_LP_CAN0_RX0_IRQHandler
                0x0000000008000234                BusFault_Handler
                0x0000000008000234                USART1_IRQHandler
                0x0000000008000234                UART3_IRQHandler
                0x0000000008000234                I2C1_ER_IRQHandler
                0x0000000008000234                FMC_IRQHandler
                0x0000000008000234                RTC_Alarm_IRQHandler
 .text.HardFault_Handler
                0x0000000008000236       0x16 build_gd32/hardfault_handler.o
                0x0000000008000236                HardFault_Handler
 .text.hardfault_handler
                0x000000000800024c      0x114 build_gd32/hardfault_handler.o
                0x000000000800024c                hardfault_handler
 .text._ZN9RDMDevice8SetLabelEPK18TRDMDeviceInfoData
                0x0000000008000360       0x7c build_gd32/firmware/main.o
                0x0000000008000360                RDMDevice::SetLabel(TRDMDeviceInfoData const*)
 .text.startup.main
                0x00000000080003dc      0x1b0 build_gd32/firmware/main.o
                0x00000000080003dc                main
 .text._itostr  0x000000000800058c       0x78 ../lib-c/lib_gd32/libc.a(printf.o)
 .text._xputch  0x0000000008000604       0x30 ../lib-c/lib_gd32/libc.a(printf.o)
 .text._format_int
                0x0000000008000634       0xbe ../lib-c/lib_gd32/libc.a(printf.o)
 .text._format_hex
                0x00000000080006f2       0xba ../lib-c/lib_gd32/libc.a(printf.o)
 .text._vprintf
                0x00000000080007ac      0x364 ../lib-c/lib_gd32/libc.a(printf.o)
 .text.printf   0x0000000008000b10       0x1e ../lib-c/lib_gd32/libc.a(printf.o)
                0x0000000008000b10                printf
 *fill*         0x0000000008000b2e        0x2 
 .text._ZN3Rdm7SendRawEmPKhm
                0x0000000008000b30       0x40 ../lib-widget/lib_gd32/libwidget.a(widget.o)
                0x0000000008000b30                Rdm::SendRaw(unsigned long, unsigned char const*, unsigned long)
 .text._ZN6WidgetC2Ev
                0x0000000008000b70       0x4c ../lib-widget/lib_gd32/libwidget.a(widget.o)
                0x0000000008000b70                Widget::Widget()
                0x0000000008000b70                Widget::Widget()
 .text._ZN6Widget14GetParamsReplyEv
                0x0000000008000bbc       0x64 ../lib-widget/lib_gd32/libwidget.a(widget.o)
                0x0000000008000bbc                Widget::GetParamsReply()
 .text._ZN6Widget9SetParamsEv
                0x0000000008000c20       0x60 ../lib-widget/lib_gd32/libwidget.a(widget.o)
                0x0000000008000c20                Widget::SetParams()
 .text._ZN6Widget17ReceivedDmxPacketEv
                0x0000000008000c80       0xa0 ../lib-widget/lib_gd32/libwidget.a(widget.o)
                0x0000000008000c80                Widget::ReceivedDmxPacket()
 .text._ZN6Widget30SendDmxPacketRequestOutputOnlyEt
                0x0000000008000d20       0x4c ../lib-widget/lib_gd32/libwidget.a(widget.o)
                0x0000000008000d20                Widget::SendDmxPacketRequestOutputOnly(unsigned short)
 .text._ZN6Widget20SendRdmPacketRequestEt
                0x0000000008000d6c       0x54 ../lib-widget/lib_gd32/libwidget.a(widget.o)
                0x0000000008000d6c                Widget::SendRdmPacketRequest(unsigned short)
 .text._ZN6Widget18ReceiveDmxOnChangeEv
                0x0000000008000dc0       0x50 ../lib-widget/lib_gd32/libwidget.a(widget.o)
                0x0000000008000dc0                Widget::ReceiveDmxOnChange()
 .text._ZN6Widget30ReceivedDmxChangeOfStatePacketEv
                0x0000000008000e10       0x4c ../lib-widget/lib_gd32/libwidget.a(widget.o)
                0x0000000008000e10                Widget::ReceivedDmxChangeOfStatePacket()
 .text._ZN6Widget10GetSnReplyEv
                0x0000000008000e5c       0x4c ../lib-widget/lib_gd32/libwidget.a(widget.o)
                0x0000000008000e5c                Widget::GetSnReply()
 .text._ZN6Widget23SendRdmDiscoveryRequestEt
                0x0000000008000ea8       0x48 ../lib-widget/lib_gd32/libwidget.a(widget.o)
                0x0000000008000ea8                Widget::SendRdmDiscoveryRequest(unsigned short)
 .text._ZN6Widget17RdmTimeOutMessageEv
                0x0000000008000ef0       0x3c ../lib-widget/lib_gd32/libwidget.a(widget.o)
                0x0000000008000ef0                Widget::RdmTimeOutMessage()
 .text._ZN6Widget17ReceivedRdmPacketEv
                0x0000000008000f2c       0xf0 ../lib-widget/lib_gd32/libwidget.a(widget.o)
                0x0000000008000f2c                Widget::ReceivedRdmPacket()
 .text._ZN6Widget10RdmTimeoutEv
                0x000000000800101c       0x30 ../lib-widget/lib_gd32/libwidget.a(widget.o)
                0x000000000800101c                Widget::RdmTimeout()
 .text._ZN6Widget20GetManufacturerReplyEv
                0x000000000800104c       0x80 ../lib-widget/lib_gd32/libwidget.a(widget.o)
                0x000000000800104c                Widget::GetManufacturerReply()
 .text._ZN6Widget12GetNameReplyEv
                0x00000000080010cc       0x6c ../lib-widget/lib_gd32/libwidget.a(widget.o)
                0x00000000080010cc                Widget::GetNameReply()
 .text._ZN6Widget19ReceiveDataFromHostEv
                0x0000000008001138      0x10c ../lib-widget/lib_gd32/libwidget.a(widget.o)
                0x0000000008001138                Widget::ReceiveDataFromHost()
 .text._ZN19WidgetConfiguration14SetRefreshRateEh
                0x0000000008001244       0x24 ../lib-widget/lib_gd32/libwidget.a(widgetconfiguration.o)
                0x0000000008001244                WidgetConfiguration::SetRefreshRate(unsigned char)
 .text._ZN19WidgetConfiguration12SetBreakTimeEh
                0x0000000008001268       0x30 ../lib-widget/lib_gd32/libwidget.a(widgetconfiguration.o)
                0x0000000008001268                WidgetConfiguration::SetBreakTime(unsigned char)
 .text._ZN19WidgetConfiguration10SetMabTimeEh
                0x0000000008001298       0x30 ../lib-widget/lib_gd32/libwidget.a(widgetconfiguration.o)
                0x0000000008001298                WidgetConfiguration::SetMabTime(unsigned char)
 .text._ZN19WidgetConfiguration7SetModeEN6widget4ModeE
                0x00000000080012c8       0x20 ../lib-widget/lib_gd32/libwidget.a(widgetconfiguration.o)
                0x00000000080012c8                WidgetConfiguration::SetMode(widget::Mode)
 .text._ZN19WidgetConfiguration11SetThrottleEh
                0x00000000080012e8       0x18 ../lib-widget/lib_gd32/libwidget.a(widgetconfiguration.o)
                0x00000000080012e8                WidgetConfiguration::SetThrottle(unsigned char)
 .text._ZN13WidgetMonitor4LineEiPKcz
                0x0000000008001300        0x6 ../lib-widget/lib_gd32/libwidget.a(widgetmonitor.o)
                0x0000000008001300                WidgetMonitor::Line(int, char const*, ...)
 *fill*         0x0000000008001306        0x2 
 .text._ZN12WidgetParamsC2Ev
                0x0000000008001308       0x10 ../lib-widget/lib_gd32/libwidget.a(widgetparams.o)
                0x0000000008001308                WidgetParams::WidgetParams()
                0x0000000008001308                WidgetParams::WidgetParams()
 .text._ZN12WidgetParams4LoadEv
                0x0000000008001318       0x3c ../lib-widget/lib_gd32/libwidget.a(widgetparams.o)
                0x0000000008001318                WidgetParams::Load()
 .text._ZN12WidgetParams16callbackFunctionEPKc
                0x0000000008001354       0xc0 ../lib-widget/lib_gd32/libwidget.a(widgetparams.o)
                0x0000000008001354                WidgetParams::callbackFunction(char const*)
 .text._ZN12WidgetParams22staticCallbackFunctionEPvPKc
                0x0000000008001414        0x4 ../lib-widget/lib_gd32/libwidget.a(widgetparams.o)
                0x0000000008001414                WidgetParams::staticCallbackFunction(void*, char const*)
 .text._ZN12WidgetParams3SetEv
                0x0000000008001418       0x46 ../lib-widget/lib_gd32/libwidget.a(widgetparams.o)
                0x0000000008001418                WidgetParams::Set()
 *fill*         0x000000000800145e        0x2 
 .text._Z6microsv
                0x0000000008001460       0x40 ../lib-widget/lib_gd32/libwidget.a(widgetsniffer.o)
                0x0000000008001460                micros()
 .text._ZN6Widget14UsbSendPackageEPKhtt
                0x00000000080014a0       0x8c ../lib-widget/lib_gd32/libwidget.a(widgetsniffer.o)
                0x00000000080014a0                Widget::UsbSendPackage(unsigned char const*, unsigned short, unsigned short)
 .text._ZN6Widget10UsbCanSendEv
                0x000000000800152c       0x34 ../lib-widget/lib_gd32/libwidget.a(widgetsniffer.o)
                0x000000000800152c                Widget::UsbCanSend()
 .text._ZN6Widget10SnifferDmxEv
                0x0000000008001560       0x4c ../lib-widget/lib_gd32/libwidget.a(widgetsniffer.o)
                0x0000000008001560                Widget::SnifferDmx()
 .text._ZN6Widget10SnifferRdmEv
                0x00000000080015ac       0xb4 ../lib-widget/lib_gd32/libwidget.a(widgetsniffer.o)
                0x00000000080015ac                Widget::SnifferRdm()
 .text._ZN6Widget25SnifferFillTransmitBufferEv
                0x0000000008001660       0x22 ../lib-widget/lib_gd32/libwidget.a(widgetsniffer.o)
                0x0000000008001660                Widget::SnifferFillTransmitBuffer()
 .text._ZN6Widget10SendHeaderEhm
                0x0000000008001682       0x24 ../lib-widget/lib_gd32/libwidget.a(widgetusb.o)
                0x0000000008001682                Widget::SendHeader(unsigned char, unsigned long)
 .text._ZN6Widget8SendDataEPKhm
                0x00000000080016a6       0x16 ../lib-widget/lib_gd32/libwidget.a(widgetusb.o)
                0x00000000080016a6                Widget::SendData(unsigned char const*, unsigned long)
 .text._ZN6Widget10SendFooterEv
                0x00000000080016bc        0x6 ../lib-widget/lib_gd32/libwidget.a(widgetusb.o)
                0x00000000080016bc                Widget::SendFooter()
 .text._ZN6Widget11SendMessageEhPKhm
                0x00000000080016c2       0x22 ../lib-widget/lib_gd32/libwidget.a(widgetusb.o)
                0x00000000080016c2                Widget::SendMessage(unsigned char, unsigned char const*, unsigned long)
 .text._ZN19WidgetConfiguration5StoreEPK20TWidgetConfiguration
                0x00000000080016e4      0x100 ../lib-widget/lib_gd32/libwidget.a(widgetconfiguration.o)
                0x00000000080016e4                WidgetConfiguration::Store(TWidgetConfiguration const*)
 .text._ZN13WidgetMonitor7RdmDataEitPKhb
                0x00000000080017e4        0x2 ../lib-widget/lib_gd32/libwidget.a(widgetmonitor.o)
                0x00000000080017e4                WidgetMonitor::RdmData(int, unsigned short, unsigned char const*, bool)
 .text._Z13usb_read_bytev
                0x00000000080017e6       0x12 ../lib-usb/lib_gd32/libusb.a(usb.o)
                0x00000000080017e6                usb_read_byte()
 .text._Z13usb_send_byteh
                0x00000000080017f8       0x16 ../lib-usb/lib_gd32/libusb.a(usb.o)
                0x00000000080017f8                usb_send_byte(unsigned char)
 *fill*         0x000000000800180e        0x2 
 .text._ZL20data_gpio_fsel_inputv
                0x0000000008001810       0x2c ../lib-usb/lib_gd32/libusb.a(ft245rl.o)
 .text._Z9gpio_fselmmm
                0x000000000800183c       0xac ../lib-usb/lib_gd32/libusb.a(ft245rl.o)
                0x000000000800183c                gpio_fsel(unsigned long, unsigned long, unsigned long)
 .text._Z14gd32_gpio_fselmm
                0x00000000080018e8       0x34 ../lib-usb/lib_gd32/libusb.a(ft245rl.o)
                0x00000000080018e8                gd32_gpio_fsel(unsigned long, unsigned long)
 .text._Z12FT245RL_initv
                0x000000000800191c       0x64 ../lib-usb/lib_gd32/libusb.a(ft245rl.o)
                0x000000000800191c                FT245RL_init()
 .text._Z18FT245RL_write_datah
                0x0000000008001980       0x90 ../lib-usb/lib_gd32/libusb.a(ft245rl.o)
                0x0000000008001980                FT245RL_write_data(unsigned char)
 .text._Z17FT245RL_read_datav
                0x0000000008001a10       0x74 ../lib-usb/lib_gd32/libusb.a(ft245rl.o)
                0x0000000008001a10                FT245RL_read_data()
 .text._Z22FT245RL_data_availablev
                0x0000000008001a84       0x18 ../lib-usb/lib_gd32/libusb.a(ft245rl.o)
                0x0000000008001a84                FT245RL_data_available()
 .text._Z17FT245RL_can_writev
                0x0000000008001a9c       0x18 ../lib-usb/lib_gd32/libusb.a(ft245rl.o)
                0x0000000008001a9c                FT245RL_can_write()
 .text._ZN9RDMDeviceC2Ev
                0x0000000008001ab4       0x94 ../lib-rdm/lib_gd32/librdm.a(rdmdevice.o)
                0x0000000008001ab4                RDMDevice::RDMDevice()
                0x0000000008001ab4                RDMDevice::RDMDevice()
 .text._ZN20RDMDeviceParamsStore4CopyEPN3rdm12deviceparams6ParamsE
                0x0000000008001b48       0x24 ../lib-rdm/lib_gd32/librdm.a(rdmdeviceparams.o)
                0x0000000008001b48                RDMDeviceParamsStore::Copy(rdm::deviceparams::Params*)
 .text._ZN15RDMDeviceParamsC2Ev
                0x0000000008001b6c       0x26 ../lib-rdm/lib_gd32/librdm.a(rdmdeviceparams.o)
                0x0000000008001b6c                RDMDeviceParams::RDMDeviceParams()
                0x0000000008001b6c                RDMDeviceParams::RDMDeviceParams()
 .text._ZN15RDMDeviceParams4LoadEv
                0x0000000008001b92        0x8 ../lib-rdm/lib_gd32/librdm.a(rdmdeviceparams.o)
                0x0000000008001b92                RDMDeviceParams::Load()
 *fill*         0x0000000008001b9a        0x2 
 .text._ZN15RDMDeviceParams3SetEP9RDMDevice
                0x0000000008001b9c       0xa0 ../lib-rdm/lib_gd32/librdm.a(rdmdeviceparams.o)
                0x0000000008001b9c                RDMDeviceParams::Set(RDMDevice*)
 .text.USART2_IRQHandler
                0x0000000008001c3c      0x1f0 ../lib-dmx/lib_gd32/libdmx.a(dmx.o)
                0x0000000008001c3c                USART2_IRQHandler
 .text.TIMER1_IRQHandler
                0x0000000008001e2c       0xc8 ../lib-dmx/lib_gd32/libdmx.a(dmx.o)
                0x0000000008001e2c                TIMER1_IRQHandler
 .text.TIMER4_IRQHandler
                0x0000000008001ef4        0x4 ../lib-dmx/lib_gd32/libdmx.a(dmx.o)
                0x0000000008001ef4                TIMER4_IRQHandler
 .text.TIMER2_IRQHandler
                0x0000000008001ef8       0x54 ../lib-dmx/lib_gd32/libdmx.a(dmx.o)
                0x0000000008001ef8                TIMER2_IRQHandler
 .text.TIMER3_IRQHandler
                0x0000000008001f4c       0x14 ../lib-dmx/lib_gd32/libdmx.a(dmx.o)
                0x0000000008001f4c                TIMER3_IRQHandler
 .text.TIMER6_IRQHandler
                0x0000000008001f60       0x2c ../lib-dmx/lib_gd32/libdmx.a(dmx.o)
                0x0000000008001f60                TIMER6_IRQHandler
 .text.DMA0_Channel1_IRQHandler
                0x0000000008001f8c       0x64 ../lib-dmx/lib_gd32/libdmx.a(dmx.o)
                0x0000000008001f8c                DMA0_Channel1_IRQHandler
 .text._ZN3DmxC2Ev
                0x0000000008001ff0      0x2c4 ../lib-dmx/lib_gd32/libdmx.a(dmx.o)
                0x0000000008001ff0                Dmx::Dmx()
                0x0000000008001ff0                Dmx::Dmx()
 .text._ZN3Dmx16SetPortDirectionEmN3dmx13PortDirectionEb
                0x00000000080022b4      0x1e8 ../lib-dmx/lib_gd32/libdmx.a(dmx.o)
                0x00000000080022b4                Dmx::SetPortDirection(unsigned long, dmx::PortDirection, bool)
 .text._ZN3Dmx9ClearDataEm
                0x000000000800249c       0x24 ../lib-dmx/lib_gd32/libdmx.a(dmx.o)
                0x000000000800249c                Dmx::ClearData(unsigned long)
 .text._ZN3Dmx15SetDmxBreakTimeEm
                0x00000000080024c0       0x74 ../lib-dmx/lib_gd32/libdmx.a(dmx.o)
                0x00000000080024c0                Dmx::SetDmxBreakTime(unsigned long)
 .text._ZN3Dmx13SetDmxMabTimeEm
                0x0000000008002534       0x70 ../lib-dmx/lib_gd32/libdmx.a(dmx.o)
                0x0000000008002534                Dmx::SetDmxMabTime(unsigned long)
 .text._ZN3Dmx16SetDmxPeriodTimeEm
                0x00000000080025a4       0x68 ../lib-dmx/lib_gd32/libdmx.a(dmx.o)
                0x00000000080025a4                Dmx::SetDmxPeriodTime(unsigned long)
 .text._ZN3Dmx14SetOutputStyleEmN3dmx11OutputStyleE
                0x000000000800260c       0x14 ../lib-dmx/lib_gd32/libdmx.a(dmx.o)
                0x000000000800260c                Dmx::SetOutputStyle(unsigned long, dmx::OutputStyle)
 .text._ZN3Dmx11SetSendDataEmPKhm
                0x0000000008002620       0x48 ../lib-dmx/lib_gd32/libdmx.a(dmx.o)
                0x0000000008002620                Dmx::SetSendData(unsigned long, unsigned char const*, unsigned long)
 .text._ZN3Dmx13GetDmxChangedEm
                0x0000000008002668      0x10c ../lib-dmx/lib_gd32/libdmx.a(dmx.o)
                0x0000000008002668                Dmx::GetDmxChanged(unsigned long)
 .text._ZN3Dmx15GetDmxAvailableEm
                0x0000000008002774       0x34 ../lib-dmx/lib_gd32/libdmx.a(dmx.o)
                0x0000000008002774                Dmx::GetDmxAvailable(unsigned long)
 .text._ZN3Dmx10RdmSendRawEmPKhm
                0x00000000080027a8       0x90 ../lib-dmx/lib_gd32/libdmx.a(dmx.o)
                0x00000000080027a8                Dmx::RdmSendRaw(unsigned long, unsigned char const*, unsigned long)
 .text._ZN3Dmx10RdmReceiveEm
                0x0000000008002838       0x24 ../lib-dmx/lib_gd32/libdmx.a(dmx.o)
                0x0000000008002838                Dmx::RdmReceive(unsigned long)
 .text._ZN7NetworkC2Ev
                0x000000000800285c       0x20 ../lib-network/lib_gd32/libnetwork.a(network.o)
                0x000000000800285c                Network::Network()
                0x000000000800285c                Network::Network()
 .text._ZN7Network16MacAddressCopyToEPh
                0x000000000800287c        0x6 ../lib-network/lib_gd32/libnetwork.a(network.o)
                0x000000000800287c                Network::MacAddressCopyTo(unsigned char*)
 *fill*         0x0000000008002882        0x2 
 .text._ZN11ConfigStoreC2Ev
                0x0000000008002884       0xbc ../lib-configstore/lib_gd32/libconfigstore.a(configstore.o)
                0x0000000008002884                ConfigStore::ConfigStore()
                0x0000000008002884                ConfigStore::ConfigStore()
 .text._ZN11ConfigStore14GetStoreOffsetEN11configstore5StoreE
                0x0000000008002940       0x1c ../lib-configstore/lib_gd32/libconfigstore.a(configstore.o)
                0x0000000008002940                ConfigStore::GetStoreOffset(configstore::Store)
 .text._ZN11ConfigStore6UpdateEN11configstore5StoreEmPKvmmm
                0x000000000800295c       0x4c ../lib-configstore/lib_gd32/libconfigstore.a(configstore.o)
                0x000000000800295c                ConfigStore::Update(configstore::Store, unsigned long, void const*, unsigned long, unsigned long, unsigned long)
 .text._ZN11ConfigStore4CopyEN11configstore5StoreEPvmmb
                0x00000000080029a8       0x60 ../lib-configstore/lib_gd32/libconfigstore.a(configstore.o)
                0x00000000080029a8                ConfigStore::Copy(configstore::Store, void*, unsigned long, unsigned long, bool)
 .text._ZN11ConfigStore5FlashEv
                0x0000000008002a08       0xac ../lib-configstore/lib_gd32/libconfigstore.a(configstore.o)
                0x0000000008002a08                ConfigStore::Flash()
 .text._ZN11StoreDeviceC2Ev
                0x0000000008002ab4       0x10 ../lib-configstore/lib_gd32/libconfigstore.a(storedevice.o)
                0x0000000008002ab4                StoreDevice::StoreDevice()
                0x0000000008002ab4                StoreDevice::StoreDevice()
 .text._ZNK11StoreDevice7GetSizeEv
                0x0000000008002ac4        0x4 ../lib-configstore/lib_gd32/libconfigstore.a(storedevice.o)
                0x0000000008002ac4                StoreDevice::GetSize() const
 .text._ZNK11StoreDevice13GetSectorSizeEv
                0x0000000008002ac8        0x4 ../lib-configstore/lib_gd32/libconfigstore.a(storedevice.o)
                0x0000000008002ac8                StoreDevice::GetSectorSize() const
 .text._ZN11StoreDevice4ReadEmmPhRN11storedevice6resultE
                0x0000000008002acc       0x14 ../lib-configstore/lib_gd32/libconfigstore.a(storedevice.o)
                0x0000000008002acc                StoreDevice::Read(unsigned long, unsigned long, unsigned char*, storedevice::result&)
 .text._ZN11StoreDevice5EraseEmmRN11storedevice6resultE
                0x0000000008002ae0       0x12 ../lib-configstore/lib_gd32/libconfigstore.a(storedevice.o)
                0x0000000008002ae0                StoreDevice::Erase(unsigned long, unsigned long, storedevice::result&)
 .text._ZN11StoreDevice5WriteEmmPKhRN11storedevice6resultE
                0x0000000008002af2       0x14 ../lib-configstore/lib_gd32/libconfigstore.a(storedevice.o)
                0x0000000008002af2                StoreDevice::Write(unsigned long, unsigned long, unsigned char const*, storedevice::result&)
 *fill*         0x0000000008002b06        0x2 
 .text._ZN9FlashCodeC2Ev
                0x0000000008002b08       0x34 ../lib-flashcode/lib_gd32/libflashcode.a(flashcode.o)
                0x0000000008002b08                FlashCode::FlashCode()
                0x0000000008002b08                FlashCode::FlashCode()
 .text._ZNK9FlashCode7GetSizeEv
                0x0000000008002b3c       0x10 ../lib-flashcode/lib_gd32/libflashcode.a(flashcode.o)
                0x0000000008002b3c                FlashCode::GetSize() const
 .text._ZNK9FlashCode13GetSectorSizeEv
                0x0000000008002b4c        0x6 ../lib-flashcode/lib_gd32/libflashcode.a(flashcode.o)
                0x0000000008002b4c                FlashCode::GetSectorSize() const
 .text._ZN9FlashCode4ReadEmmPhRN9flashcode6resultE
                0x0000000008002b52       0x1e ../lib-flashcode/lib_gd32/libflashcode.a(flashcode.o)
                0x0000000008002b52                FlashCode::Read(unsigned long, unsigned long, unsigned char*, flashcode::result&)
 .text._ZN9FlashCode5EraseEmmRN9flashcode6resultE
                0x0000000008002b70      0x140 ../lib-flashcode/lib_gd32/libflashcode.a(flashcode.o)
                0x0000000008002b70                FlashCode::Erase(unsigned long, unsigned long, flashcode::result&)
 .text._ZN9FlashCode5WriteEmmPKhRN9flashcode6resultE
                0x0000000008002cb0      0x14c ../lib-flashcode/lib_gd32/libflashcode.a(flashcode.o)
                0x0000000008002cb0                FlashCode::Write(unsigned long, unsigned long, unsigned char const*, flashcode::result&)
 .text._ZN14ReadConfigFileC2EPFvPvPKcES0_
                0x0000000008002dfc        0x6 ../lib-properties/lib_gd32/libproperties.a(readconfigfile.o)
                0x0000000008002dfc                ReadConfigFile::ReadConfigFile(void (*)(void*, char const*), void*)
                0x0000000008002dfc                ReadConfigFile::ReadConfigFile(void (*)(void*, char const*), void*)
 .text._ZN14ReadConfigFileD2Ev
                0x0000000008002e02        0x2 ../lib-properties/lib_gd32/libproperties.a(readconfigfile.o)
                0x0000000008002e02                ReadConfigFile::~ReadConfigFile()
                0x0000000008002e02                ReadConfigFile::~ReadConfigFile()
 .text._ZN5Sscan5Uint8EPKcS1_Rh
                0x0000000008002e04       0x36 ../lib-properties/lib_gd32/libproperties.a(sscanuint8.o)
                0x0000000008002e04                Sscan::Uint8(char const*, char const*, unsigned char&)
 .text._ZN5Sscan9checkNameEPKcS1_
                0x0000000008002e3a       0x2c ../lib-properties/lib_gd32/libproperties.a(sscan.o)
                0x0000000008002e3a                Sscan::checkName(char const*, char const*)
 *fill*         0x0000000008002e66        0x2 
 .text._ZN7Display9PrintInfoEv.isra.0
                0x0000000008002e68       0x14 ../lib-display/lib_gd32/libdisplay.a(display.o)
 .text._ZN7display7timeoutL9gpio_initEv
                0x0000000008002e7c       0x28 ../lib-display/lib_gd32/libdisplay.a(display.o)
 .text._ZN7Display6DetectEN7display4TypeE
                0x0000000008002ea4       0x56 ../lib-display/lib_gd32/libdisplay.a(display.o)
                0x0000000008002ea4                Display::Detect(display::Type)
 *fill*         0x0000000008002efa        0x2 
 .text._ZN7DisplayC2Ev
                0x0000000008002efc       0x50 ../lib-display/lib_gd32/libdisplay.a(display.o)
                0x0000000008002efc                Display::Display()
                0x0000000008002efc                Display::Display()
 .text._ZN7Ssd1306D2Ev
                0x0000000008002f4c        0x2 ../lib-display/lib_gd32/libdisplay.a(ssd1306.o)
                0x0000000008002f4c                Ssd1306::~Ssd1306()
                0x0000000008002f4c                Ssd1306::~Ssd1306()
 .text._ZN7Ssd13069SetCursorEm
                0x0000000008002f4e        0x2 ../lib-display/lib_gd32/libdisplay.a(ssd1306.o)
                0x0000000008002f4e                Ssd1306::SetCursor(unsigned long)
 .text._ZN7Ssd13069PrintInfoEv
                0x0000000008002f50       0x28 ../lib-display/lib_gd32/libdisplay.a(ssd1306.o)
                0x0000000008002f50                Ssd1306::PrintInfo()
 .text._ZN7Ssd1306D0Ev
                0x0000000008002f78        0xe ../lib-display/lib_gd32/libdisplay.a(ssd1306.o)
                0x0000000008002f78                Ssd1306::~Ssd1306()
 .text._ZN7HAL_I2C5SetupEv
                0x0000000008002f86       0x14 ../lib-display/lib_gd32/libdisplay.a(ssd1306.o)
                0x0000000008002f86                HAL_I2C::Setup()
 *fill*         0x0000000008002f9a        0x2 
 .text._ZN7Ssd13067PutCharEi
                0x0000000008002f9c       0x2c ../lib-display/lib_gd32/libdisplay.a(ssd1306.o)
                0x0000000008002f9c                Ssd1306::PutChar(int)
 .text._ZN7Ssd13069PutStringEPKc
                0x0000000008002fc8       0x34 ../lib-display/lib_gd32/libdisplay.a(ssd1306.o)
                0x0000000008002fc8                Ssd1306::PutString(char const*)
 .text._ZN7Ssd13064TextEPKcm
                0x0000000008002ffc       0x3e ../lib-display/lib_gd32/libdisplay.a(ssd1306.o)
                0x0000000008002ffc                Ssd1306::Text(char const*, unsigned long)
 .text._ZN7Ssd130611InitMembersEv
                0x000000000800303a       0x22 ../lib-display/lib_gd32/libdisplay.a(ssd1306.o)
                0x000000000800303a                Ssd1306::InitMembers()
 .text._ZN7Ssd1306C2E10TOledPanel
                0x000000000800305c       0x2c ../lib-display/lib_gd32/libdisplay.a(ssd1306.o)
                0x000000000800305c                Ssd1306::Ssd1306(TOledPanel)
                0x000000000800305c                Ssd1306::Ssd1306(TOledPanel)
 .text._ZN7Ssd130611SendCommandEh
                0x0000000008003088       0x20 ../lib-display/lib_gd32/libdisplay.a(ssd1306.o)
                0x0000000008003088                Ssd1306::SendCommand(unsigned char)
 .text._ZN7Ssd130612SetCursorPosEmm
                0x00000000080030a8       0x48 ../lib-display/lib_gd32/libdisplay.a(ssd1306.o)
                0x00000000080030a8                Ssd1306::SetCursorPos(unsigned long, unsigned long)
 .text._ZN7Ssd13068TextLineEmPKcm
                0x00000000080030f0       0x28 ../lib-display/lib_gd32/libdisplay.a(ssd1306.o)
                0x00000000080030f0                Ssd1306::TextLine(unsigned long, char const*, unsigned long)
 .text._ZN7Ssd13069ClearLineEm
                0x0000000008003118       0x3c ../lib-display/lib_gd32/libdisplay.a(ssd1306.o)
                0x0000000008003118                Ssd1306::ClearLine(unsigned long)
 .text._ZN7Ssd13068SetSleepEb
                0x0000000008003154        0xc ../lib-display/lib_gd32/libdisplay.a(ssd1306.o)
                0x0000000008003154                Ssd1306::SetSleep(bool)
 .text._ZN7Ssd130611SetContrastEh
                0x0000000008003160       0x18 ../lib-display/lib_gd32/libdisplay.a(ssd1306.o)
                0x0000000008003160                Ssd1306::SetContrast(unsigned char)
 .text._ZN7Ssd130617SetFlipVerticallyEb
                0x0000000008003178       0x22 ../lib-display/lib_gd32/libdisplay.a(ssd1306.o)
                0x0000000008003178                Ssd1306::SetFlipVertically(bool)
 *fill*         0x000000000800319a        0x2 
 .text._ZN7Ssd130611CheckSH1106Ev
                0x000000000800319c       0xa8 ../lib-display/lib_gd32/libdisplay.a(ssd1306.o)
                0x000000000800319c                Ssd1306::CheckSH1106()
 .text._ZN7Ssd13063ClsEv
                0x0000000008003244       0x6c ../lib-display/lib_gd32/libdisplay.a(ssd1306.o)
                0x0000000008003244                Ssd1306::Cls()
 .text._ZN7Ssd13065StartEv
                0x00000000080032b0       0xb0 ../lib-display/lib_gd32/libdisplay.a(ssd1306.o)
                0x00000000080032b0                Ssd1306::Start()
 .text.console_putc
                0x0000000008003360        0x4 ../lib-hal/lib_gd32/libhal.a(console.o)
                0x0000000008003360                console_putc
 .text.console_puts
                0x0000000008003364        0x4 ../lib-hal/lib_gd32/libhal.a(console.o)
                0x0000000008003364                console_puts
 .text._ZN8HardwareC2Ev
                0x0000000008003368       0xd0 ../lib-hal/lib_gd32/libhal.a(hardware.o)
                0x0000000008003368                Hardware::Hardware()
                0x0000000008003368                Hardware::Hardware()
 .text._ZN3hal9uuid_initEPh
                0x0000000008003438       0x38 ../lib-hal/lib_gd32/libhal.a(uuid.o)
                0x0000000008003438                hal::uuid_init(unsigned char*)
 .text._ZdlPvj  0x0000000008003470        0x4 ../lib-c++/lib_gd32/libc++.a(delete.o)
                0x0000000008003470                operator delete(void*, unsigned int)
 .text._Znwj    0x0000000008003474        0x4 ../lib-c++/lib_gd32/libc++.a(new.o)
                0x0000000008003474                operator new(unsigned int)
 .text.malloc   0x0000000008003478       0x58 ../lib-c/lib_gd32/libc.a(malloc.o)
                0x0000000008003478                malloc
 .text.free     0x00000000080034d0       0x34 ../lib-c/lib_gd32/libc.a(malloc.o)
                0x00000000080034d0                free
 .text.memmove  0x0000000008003504       0x2e ../lib-c/lib_gd32/libc.a(memmove.o)
                0x0000000008003504                memmove
 .text.memset   0x0000000008003532       0x44 ../lib-c/lib_gd32/libc.a(memset.o)
                0x0000000008003532                memset
 .text.puts     0x0000000008003576       0x10 ../lib-c/lib_gd32/libc.a(puts.o)
                0x0000000008003576                puts
 .text.isleapyear
                0x0000000008003586       0x2c ../lib-c/lib_gd32/libc.a(time.o)
 *fill*         0x00000000080035b2        0x2 
 .text.getdaysofmonth
                0x00000000080035b4       0x20 ../lib-c/lib_gd32/libc.a(time.o)
 .text.mktime   0x00000000080035d4       0x98 ../lib-c/lib_gd32/libc.a(time.o)
                0x00000000080035d4                mktime
 .text.settimeofday
                0x000000000800366c       0x24 ../lib-c/lib_gd32/libc.a(time.o)
                0x000000000800366c                settimeofday
 .text.SystemInit
                0x0000000008003690      0x134 ../lib-gd32/lib_gd32/libgd32.a(system_gd32f30x.o)
                0x0000000008003690                SystemInit
 .text.bkp_write_data
                0x00000000080037c4       0x2c ../lib-gd32/lib_gd32/libgd32.a(gd32f30x_bkp.o)
                0x00000000080037c4                bkp_write_data
 .text.dma_deinit
                0x00000000080037f0       0x38 ../lib-gd32/lib_gd32/libgd32.a(gd32f30x_dma.o)
                0x00000000080037f0                dma_deinit
 .text.dma_init
                0x0000000008003828       0x74 ../lib-gd32/lib_gd32/libgd32.a(gd32f30x_dma.o)
                0x0000000008003828                dma_init
 .text.dma_circulation_disable
                0x000000000800389c       0x20 ../lib-gd32/lib_gd32/libgd32.a(gd32f30x_dma.o)
                0x000000000800389c                dma_circulation_disable
 .text.dma_memory_to_memory_disable
                0x00000000080038bc       0x20 ../lib-gd32/lib_gd32/libgd32.a(gd32f30x_dma.o)
                0x00000000080038bc                dma_memory_to_memory_disable
 .text.dma_flag_clear
                0x00000000080038dc        0xc ../lib-gd32/lib_gd32/libgd32.a(gd32f30x_dma.o)
                0x00000000080038dc                dma_flag_clear
 .text.dma_interrupt_flag_get
                0x00000000080038e8       0x5c ../lib-gd32/lib_gd32/libgd32.a(gd32f30x_dma.o)
                0x00000000080038e8                dma_interrupt_flag_get
 .text.dma_interrupt_flag_clear
                0x0000000008003944        0x4 ../lib-gd32/lib_gd32/libgd32.a(gd32f30x_dma.o)
                0x0000000008003944                dma_interrupt_flag_clear
 .text.dma_interrupt_disable
                0x0000000008003948       0x20 ../lib-gd32/lib_gd32/libgd32.a(gd32f30x_dma.o)
                0x0000000008003948                dma_interrupt_disable
 .text.fmc_bank0_unlock
                0x0000000008003968       0x1c ../lib-gd32/lib_gd32/libgd32.a(gd32f30x_fmc.o)
                0x0000000008003968                fmc_bank0_unlock
 .text.fmc_bank1_unlock
                0x0000000008003984       0x1c ../lib-gd32/lib_gd32/libgd32.a(gd32f30x_fmc.o)
                0x0000000008003984                fmc_bank1_unlock
 .text.fmc_bank0_lock
                0x00000000080039a0       0x10 ../lib-gd32/lib_gd32/libgd32.a(gd32f30x_fmc.o)
                0x00000000080039a0                fmc_bank0_lock
 .text.fmc_bank1_lock
                0x00000000080039b0       0x10 ../lib-gd32/lib_gd32/libgd32.a(gd32f30x_fmc.o)
                0x00000000080039b0                fmc_bank1_lock
 .text.fmc_bank0_state_get
                0x00000000080039c0       0x24 ../lib-gd32/lib_gd32/libgd32.a(gd32f30x_fmc.o)
                0x00000000080039c0                fmc_bank0_state_get
 .text.fmc_bank1_state_get
                0x00000000080039e4       0x24 ../lib-gd32/lib_gd32/libgd32.a(gd32f30x_fmc.o)
                0x00000000080039e4                fmc_bank1_state_get
 .text.fwdgt_enable
                0x0000000008003a08       0x10 ../lib-gd32/lib_gd32/libgd32.a(gd32f30x_fwdgt.o)
                0x0000000008003a08                fwdgt_enable
 .text.fwdgt_counter_reload
                0x0000000008003a18       0x10 ../lib-gd32/lib_gd32/libgd32.a(gd32f30x_fwdgt.o)
                0x0000000008003a18                fwdgt_counter_reload
 .text.fwdgt_config
                0x0000000008003a28       0x54 ../lib-gd32/lib_gd32/libgd32.a(gd32f30x_fwdgt.o)
                0x0000000008003a28                fwdgt_config
 .text.gpio_init
                0x0000000008003a7c       0x9e ../lib-gd32/lib_gd32/libgd32.a(gd32f30x_gpio.o)
                0x0000000008003a7c                gpio_init
 .text.gpio_input_bit_get
                0x0000000008003b1a        0xc ../lib-gd32/lib_gd32/libgd32.a(gd32f30x_gpio.o)
                0x0000000008003b1a                gpio_input_bit_get
 *fill*         0x0000000008003b26        0x2 
 .text.gpio_pin_remap_config
                0x0000000008003b28       0x60 ../lib-gd32/lib_gd32/libgd32.a(gd32f30x_gpio.o)
                0x0000000008003b28                gpio_pin_remap_config
 .text.pmu_backup_write_enable
                0x0000000008003b88       0x10 ../lib-gd32/lib_gd32/libgd32.a(gd32f30x_pmu.o)
                0x0000000008003b88                pmu_backup_write_enable
 .text.rcu_periph_clock_enable
                0x0000000008003b98       0x1a ../lib-gd32/lib_gd32/libgd32.a(gd32f30x_rcu.o)
                0x0000000008003b98                rcu_periph_clock_enable
 .text.rcu_periph_clock_disable
                0x0000000008003bb2       0x1c ../lib-gd32/lib_gd32/libgd32.a(gd32f30x_rcu.o)
                0x0000000008003bb2                rcu_periph_clock_disable
 .text.rcu_periph_reset_enable
                0x0000000008003bce        0x4 ../lib-gd32/lib_gd32/libgd32.a(gd32f30x_rcu.o)
                0x0000000008003bce                rcu_periph_reset_enable
 .text.rcu_periph_reset_disable
                0x0000000008003bd2        0x4 ../lib-gd32/lib_gd32/libgd32.a(gd32f30x_rcu.o)
                0x0000000008003bd2                rcu_periph_reset_disable
 *fill*         0x0000000008003bd6        0x2 
 .text.rcu_adc_clock_config
                0x0000000008003bd8       0x5c ../lib-gd32/lib_gd32/libgd32.a(gd32f30x_rcu.o)
                0x0000000008003bd8                rcu_adc_clock_config
 .text.rcu_clock_freq_get
                0x0000000008003c34       0xf8 ../lib-gd32/lib_gd32/libgd32.a(gd32f30x_rcu.o)
                0x0000000008003c34                rcu_clock_freq_get
 .text.timer_deinit
                0x0000000008003d2c       0xc4 ../lib-gd32/lib_gd32/libgd32.a(gd32f30x_timer.o)
                0x0000000008003d2c                timer_deinit
 .text.timer_init
                0x0000000008003df0       0x7c ../lib-gd32/lib_gd32/libgd32.a(gd32f30x_timer.o)
                0x0000000008003df0                timer_init
 .text.timer_enable
                0x0000000008003e6c        0xa ../lib-gd32/lib_gd32/libgd32.a(gd32f30x_timer.o)
                0x0000000008003e6c                timer_enable
 .text.timer_interrupt_enable
                0x0000000008003e76        0x8 ../lib-gd32/lib_gd32/libgd32.a(gd32f30x_timer.o)
                0x0000000008003e76                timer_interrupt_enable
 .text.timer_interrupt_flag_clear
                0x0000000008003e7e        0x6 ../lib-gd32/lib_gd32/libgd32.a(gd32f30x_timer.o)
                0x0000000008003e7e                timer_interrupt_flag_clear
 .text.timer_flag_clear
                0x0000000008003e84        0x6 ../lib-gd32/lib_gd32/libgd32.a(gd32f30x_timer.o)
                0x0000000008003e84                timer_flag_clear
 .text.timer_channel_output_mode_config
                0x0000000008003e8a       0x4c ../lib-gd32/lib_gd32/libgd32.a(gd32f30x_timer.o)
                0x0000000008003e8a                timer_channel_output_mode_config
 .text.timer_channel_output_pulse_value_config
                0x0000000008003ed6       0x1c ../lib-gd32/lib_gd32/libgd32.a(gd32f30x_timer.o)
                0x0000000008003ed6                timer_channel_output_pulse_value_config
 *fill*         0x0000000008003ef2        0x2 
 .text.usart_deinit
                0x0000000008003ef4       0x80 ../lib-gd32/lib_gd32/libgd32.a(gd32f30x_usart.o)
                0x0000000008003ef4                usart_deinit
 .text.usart_baudrate_set
                0x0000000008003f74       0x50 ../lib-gd32/lib_gd32/libgd32.a(gd32f30x_usart.o)
                0x0000000008003f74                usart_baudrate_set
 .text.usart_parity_config
                0x0000000008003fc4       0x10 ../lib-gd32/lib_gd32/libgd32.a(gd32f30x_usart.o)
                0x0000000008003fc4                usart_parity_config
 .text.usart_word_length_set
                0x0000000008003fd4       0x10 ../lib-gd32/lib_gd32/libgd32.a(gd32f30x_usart.o)
                0x0000000008003fd4                usart_word_length_set
 .text.usart_stop_bit_set
                0x0000000008003fe4       0x10 ../lib-gd32/lib_gd32/libgd32.a(gd32f30x_usart.o)
                0x0000000008003fe4                usart_stop_bit_set
 .text.usart_transmit_config
                0x0000000008003ff4       0x14 ../lib-gd32/lib_gd32/libgd32.a(gd32f30x_usart.o)
                0x0000000008003ff4                usart_transmit_config
 .text.usart_receive_config
                0x0000000008004008       0x14 ../lib-gd32/lib_gd32/libgd32.a(gd32f30x_usart.o)
                0x0000000008004008                usart_receive_config
 .text.usart_hardware_flow_rts_config
                0x000000000800401c       0x14 ../lib-gd32/lib_gd32/libgd32.a(gd32f30x_usart.o)
                0x000000000800401c                usart_hardware_flow_rts_config
 .text.usart_hardware_flow_cts_config
                0x0000000008004030       0x14 ../lib-gd32/lib_gd32/libgd32.a(gd32f30x_usart.o)
                0x0000000008004030                usart_hardware_flow_cts_config
 .text.usart_dma_transmit_config
                0x0000000008004044       0x14 ../lib-gd32/lib_gd32/libgd32.a(gd32f30x_usart.o)
                0x0000000008004044                usart_dma_transmit_config
 .text.usart_flag_get
                0x0000000008004058       0x10 ../lib-gd32/lib_gd32/libgd32.a(gd32f30x_usart.o)
                0x0000000008004058                usart_flag_get
 .text.usart_flag_clear
                0x0000000008004068       0x10 ../lib-gd32/lib_gd32/libgd32.a(gd32f30x_usart.o)
                0x0000000008004068                usart_flag_clear
 .text.usart_interrupt_enable
                0x0000000008004078       0x14 ../lib-gd32/lib_gd32/libgd32.a(gd32f30x_usart.o)
                0x0000000008004078                usart_interrupt_enable
 .text.usart_interrupt_disable
                0x000000000800408c       0x16 ../lib-gd32/lib_gd32/libgd32.a(gd32f30x_usart.o)
                0x000000000800408c                usart_interrupt_disable
 .text.usart_interrupt_flag_clear
                0x00000000080040a2       0x10 ../lib-gd32/lib_gd32/libgd32.a(gd32f30x_usart.o)
                0x00000000080040a2                usart_interrupt_flag_clear
 *fill*         0x00000000080040b2        0x2 
 .text.gd32_uart_begin
                0x00000000080040b4      0x1cc ../lib-gd32/lib_gd32/libgd32.a(gd32_uart.o)
                0x00000000080040b4                gd32_uart_begin
 .text.uart0_puts
                0x0000000008004280       0x1e ../lib-gd32/lib_gd32/libgd32.a(gd32_uart0.o)
                0x0000000008004280                uart0_puts
 *fill*         0x000000000800429e        0x2 
 .text._Z15mac_address_getPh
                0x00000000080042a0       0x24 ../lib-gd32/lib_gd32/libgd32.a(mac_address.o)
                0x00000000080042a0                mac_address_get(unsigned char*)
 .text.systick_config
                0x00000000080042c4       0x3c ../lib-gd32/lib_gd32/libgd32.a(systick.o)
                0x00000000080042c4                systick_config
 .text.SysTick_Handler
                0x0000000008004300       0x10 ../lib-gd32/lib_gd32/libgd32.a(systick.o)
                0x0000000008004300                SysTick_Handler
 .text._Z11udelay_initv
                0x0000000008004310       0x28 ../lib-gd32/lib_gd32/libgd32.a(udelay.o)
                0x0000000008004310                udelay_init()
 .text._Z6udelaymm
                0x0000000008004338       0x30 ../lib-gd32/lib_gd32/libgd32.a(udelay.o)
                0x0000000008004338                udelay(unsigned long, unsigned long)
 .text._Z13gd32_adc_initv
                0x0000000008004368       0x90 ../lib-gd32/lib_gd32/libgd32.a(gd32_adc.o)
                0x0000000008004368                gd32_adc_init()
 .text._ZL9send_stopv.isra.0
                0x00000000080043f8       0x24 ../lib-gd32/lib_gd32/libgd32.a(gd32_i2c.o)
 .text.gd32_i2c_begin
                0x000000000800441c       0x6c ../lib-gd32/lib_gd32/libgd32.a(gd32_i2c.o)
                0x000000000800441c                gd32_i2c_begin
 .text.gd32_i2c_set_baudrate
                0x0000000008004488       0x10 ../lib-gd32/lib_gd32/libgd32.a(gd32_i2c.o)
                0x0000000008004488                gd32_i2c_set_baudrate
 .text.gd32_i2c_set_address
                0x0000000008004498        0xc ../lib-gd32/lib_gd32/libgd32.a(gd32_i2c.o)
                0x0000000008004498                gd32_i2c_set_address
 .text.gd32_i2c_write
                0x00000000080044a4       0xcc ../lib-gd32/lib_gd32/libgd32.a(gd32_i2c.o)
                0x00000000080044a4                gd32_i2c_write
 .text.gd32_i2c_read
                0x0000000008004570      0x14c ../lib-gd32/lib_gd32/libgd32.a(gd32_i2c.o)
                0x0000000008004570                gd32_i2c_read
 .text.uart0_init
                0x00000000080046bc       0x20 ../lib-gd32/lib_gd32/libgd32.a(gd32_uart0.o)
                0x00000000080046bc                uart0_init
 .text.uart0_putc
                0x00000000080046dc       0x40 ../lib-gd32/lib_gd32/libgd32.a(gd32_uart0.o)
                0x00000000080046dc                uart0_putc
 .text.adc_enable
                0x000000000800471c       0x10 ../lib-gd32/lib_gd32/libgd32.a(gd32f30x_adc.o)
                0x000000000800471c                adc_enable
 .text.adc_calibration_enable
                0x000000000800472c       0x22 ../lib-gd32/lib_gd32/libgd32.a(gd32f30x_adc.o)
                0x000000000800472c                adc_calibration_enable
 *fill*         0x000000000800474e        0x2 
 .text.adc_tempsensor_vrefint_enable
                0x0000000008004750       0x14 ../lib-gd32/lib_gd32/libgd32.a(gd32f30x_adc.o)
                0x0000000008004750                adc_tempsensor_vrefint_enable
 .text.adc_mode_config
                0x0000000008004764       0x20 ../lib-gd32/lib_gd32/libgd32.a(gd32f30x_adc.o)
                0x0000000008004764                adc_mode_config
 .text.adc_special_function_config
                0x0000000008004784       0x50 ../lib-gd32/lib_gd32/libgd32.a(gd32f30x_adc.o)
                0x0000000008004784                adc_special_function_config
 .text.adc_data_alignment_config
                0x00000000080047d4       0x12 ../lib-gd32/lib_gd32/libgd32.a(gd32f30x_adc.o)
                0x00000000080047d4                adc_data_alignment_config
 .text.adc_channel_length_config
                0x00000000080047e6       0x3a ../lib-gd32/lib_gd32/libgd32.a(gd32f30x_adc.o)
                0x00000000080047e6                adc_channel_length_config
 .text.adc_inserted_channel_config
                0x0000000008004820       0x5e ../lib-gd32/lib_gd32/libgd32.a(gd32f30x_adc.o)
                0x0000000008004820                adc_inserted_channel_config
 .text.adc_external_trigger_config
                0x000000000800487e       0x36 ../lib-gd32/lib_gd32/libgd32.a(gd32f30x_adc.o)
                0x000000000800487e                adc_external_trigger_config
 .text.adc_external_trigger_source_config
                0x00000000080048b4       0x22 ../lib-gd32/lib_gd32/libgd32.a(gd32f30x_adc.o)
                0x00000000080048b4                adc_external_trigger_source_config
 .text.adc_software_trigger_enable
                0x00000000080048d6       0x1a ../lib-gd32/lib_gd32/libgd32.a(gd32f30x_adc.o)
                0x00000000080048d6                adc_software_trigger_enable
 .text.i2c_clock_config
                0x00000000080048f0      0x108 ../lib-gd32/lib_gd32/libgd32.a(gd32f30x_i2c.o)
                0x00000000080048f0                i2c_clock_config
 .text.i2c_ack_config
                0x00000000080049f8        0xc ../lib-gd32/lib_gd32/libgd32.a(gd32f30x_i2c.o)
                0x00000000080049f8                i2c_ack_config
 .text.i2c_ackpos_config
                0x0000000008004a04        0xc ../lib-gd32/lib_gd32/libgd32.a(gd32f30x_i2c.o)
                0x0000000008004a04                i2c_ackpos_config
 .text.i2c_master_addressing
                0x0000000008004a10       0x10 ../lib-gd32/lib_gd32/libgd32.a(gd32f30x_i2c.o)
                0x0000000008004a10                i2c_master_addressing
 .text.i2c_enable
                0x0000000008004a20        0xa ../lib-gd32/lib_gd32/libgd32.a(gd32f30x_i2c.o)
                0x0000000008004a20                i2c_enable
 .text.i2c_start_on_bus
                0x0000000008004a2a        0xa ../lib-gd32/lib_gd32/libgd32.a(gd32f30x_i2c.o)
                0x0000000008004a2a                i2c_start_on_bus
 .text.i2c_stop_on_bus
                0x0000000008004a34        0xa ../lib-gd32/lib_gd32/libgd32.a(gd32f30x_i2c.o)
                0x0000000008004a34                i2c_stop_on_bus
 .text.i2c_data_transmit
                0x0000000008004a3e        0x4 ../lib-gd32/lib_gd32/libgd32.a(gd32f30x_i2c.o)
                0x0000000008004a3e                i2c_data_transmit
 .text.i2c_data_receive
                0x0000000008004a42        0x6 ../lib-gd32/lib_gd32/libgd32.a(gd32f30x_i2c.o)
                0x0000000008004a42                i2c_data_receive
 .text.i2c_flag_get
                0x0000000008004a48       0x10 ../lib-gd32/lib_gd32/libgd32.a(gd32f30x_i2c.o)
                0x0000000008004a48                i2c_flag_get
 .text.i2c_flag_clear
                0x0000000008004a58       0x24 ../lib-gd32/lib_gd32/libgd32.a(gd32f30x_i2c.o)
                0x0000000008004a58                i2c_flag_clear
 *(.glue_7)
 .glue_7        0x0000000008004a7c        0x0 linker stubs
 *(.glue_7t)
 .glue_7t       0x0000000008004a7c        0x0 linker stubs
 *(.eh_frame)
 *(.init)
 *(.fini)
                0x0000000008004a7c                . = ALIGN (0x4)
                0x0000000008004a7c                _etext = .
                0x0000000008004a80                . = ALIGN (0x8)
 *fill*         0x0000000008004a7c        0x4 
                [!provide]                        PROVIDE (__preinit_array_start = .)
 *(.preinit_array*)
                [!provide]                        PROVIDE (__preinit_array_end = .)
                [!provide]                        PROVIDE (__init_array_start = .)
 *(SORT_BY_NAME(.init_array.*))
 *(.init_array*)
                [!provide]                        PROVIDE (__init_array_end = .)
                [!provide]                        PROVIDE (__fini_array_start = .)
 *(.fini_array*)
 *(SORT_BY_NAME(.fini_array.*))
                [!provide]                        PROVIDE (__fini_array_end = .)

.vfp11_veneer   0x0000000008004a80        0x0
 .vfp11_veneer  0x0000000008004a80        0x0 linker stubs

.v4_bx          0x0000000008004a80        0x0
 .v4_bx         0x0000000008004a80        0x0 linker stubs

.iplt           0x0000000008004a80        0x0
 .iplt          0x0000000008004a80        0x0 build_gd32/startup_gd32f30x_hd.o

.rodata         0x0000000008004a80      0x8bc
                0x0000000008004a80                . = ALIGN (0x4)
 *(.rodata)
 .rodata        0x0000000008004a80       0x18 ../lib-gd32/lib_gd32/libgd32.a(gd32f30x_rcu.o)
 *(.rodata*)
 .rodata.hardfault_handler.str1.1
                0x0000000008004a98       0xe6 build_gd32/hardfault_handler.o
 .rodata.main.str1.1
                0x0000000008004b7e       0xd1 build_gd32/firmware/main.o
 .rodata.str1.1
                0x0000000008004c4f       0x17 build_gd32/firmware/main.o
 *fill*         0x0000000008004c66        0x2 
 .rodata._ZL11deviceLabel
                0x0000000008004c68        0x8 build_gd32/firmware/main.o
 .rodata._ZL17widget_mode_names
                0x0000000008004c70       0x30 build_gd32/firmware/main.o
 .rodata._ZL16SOFTWARE_VERSION
                0x0000000008004ca0        0x4 build_gd32/firmware/main.o
 .rodata._ZN6Widget14GetParamsReplyEv.str1.1
                0x0000000008004ca4       0x18 ../lib-widget/lib_gd32/libwidget.a(widget.o)
 .rodata._ZN6Widget9SetParamsEv.str1.1
                0x0000000008004cbc       0x12 ../lib-widget/lib_gd32/libwidget.a(widget.o)
 .rodata._ZN6Widget17ReceivedDmxPacketEv.str1.1
                0x0000000008004cce       0x2e ../lib-widget/lib_gd32/libwidget.a(widget.o)
 .rodata._ZN6Widget30SendDmxPacketRequestOutputOnlyEt.str1.1
                0x0000000008004cfc       0x24 ../lib-widget/lib_gd32/libwidget.a(widget.o)
 .rodata._ZN6Widget20SendRdmPacketRequestEt.str1.1
                0x0000000008004d20       0x18 ../lib-widget/lib_gd32/libwidget.a(widget.o)
 .rodata._ZN6Widget18ReceiveDmxOnChangeEv.str1.1
                0x0000000008004d38       0x16 ../lib-widget/lib_gd32/libwidget.a(widget.o)
 .rodata._ZN6Widget30ReceivedDmxChangeOfStatePacketEv.str1.1
                0x0000000008004d4e       0x34 ../lib-widget/lib_gd32/libwidget.a(widget.o)
 .rodata._ZN6Widget23SendRdmDiscoveryRequestEt.str1.1
                0x0000000008004d82       0x1b ../lib-widget/lib_gd32/libwidget.a(widget.o)
 .rodata._ZN6Widget17RdmTimeOutMessageEv.str1.1
                0x0000000008004d9d       0x28 ../lib-widget/lib_gd32/libwidget.a(widget.o)
 .rodata._ZN6Widget17ReceivedRdmPacketEv.str1.1
                0x0000000008004dc5       0x38 ../lib-widget/lib_gd32/libwidget.a(widget.o)
 .rodata._ZN6Widget20GetManufacturerReplyEv.str1.1
                0x0000000008004dfd       0x13 ../lib-widget/lib_gd32/libwidget.a(widget.o)
 .rodata._ZN6Widget12GetNameReplyEv.str1.1
                0x0000000008004e10       0x16 ../lib-widget/lib_gd32/libwidget.a(widget.o)
 .rodata._ZN6Widget19ReceiveDataFromHostEv.str1.1
                0x0000000008004e26        0xc ../lib-widget/lib_gd32/libwidget.a(widget.o)
 .rodata._ZN17WidgetParamsConst25DMX_SEND_TO_HOST_THROTTLEE
                0x0000000008004e32       0x1a ../lib-widget/lib_gd32/libwidget.a(widgetparamsconst.o)
                0x0000000008004e32                WidgetParamsConst::DMX_SEND_TO_HOST_THROTTLE
 .rodata._ZN17WidgetParamsConst11WIDGET_MODEE
                0x0000000008004e4c        0xc ../lib-widget/lib_gd32/libwidget.a(widgetparamsconst.o)
                0x0000000008004e4c                WidgetParamsConst::WIDGET_MODE
 .rodata._ZN17WidgetParamsConst22DMXUSBPRO_REFRESH_RATEE
                0x0000000008004e58       0x17 ../lib-widget/lib_gd32/libwidget.a(widgetparamsconst.o)
                0x0000000008004e58                WidgetParamsConst::DMXUSBPRO_REFRESH_RATE
 .rodata._ZN17WidgetParamsConst18DMXUSBPRO_MAB_TIMEE
                0x0000000008004e6f       0x13 ../lib-widget/lib_gd32/libwidget.a(widgetparamsconst.o)
                0x0000000008004e6f                WidgetParamsConst::DMXUSBPRO_MAB_TIME
 .rodata._ZN17WidgetParamsConst20DMXUSBPRO_BREAK_TIMEE
                0x0000000008004e82       0x15 ../lib-widget/lib_gd32/libwidget.a(widgetparamsconst.o)
                0x0000000008004e82                WidgetParamsConst::DMXUSBPRO_BREAK_TIME
 .rodata._ZN6Widget10UsbCanSendEv.str1.1
                0x0000000008004e97       0x1d ../lib-widget/lib_gd32/libwidget.a(widgetsniffer.o)
 .rodata._ZN6Widget10SnifferDmxEv.str1.1
                0x0000000008004eb4       0x1c ../lib-widget/lib_gd32/libwidget.a(widgetsniffer.o)
 .rodata._ZN6Widget10SnifferRdmEv.str1.1
                0x0000000008004ed0       0x16 ../lib-widget/lib_gd32/libwidget.a(widgetsniffer.o)
 .rodata._ZN8RDMConst15MANUFACTURER_IDE
                0x0000000008004ee6        0x2 ../lib-rdm/lib_gd32/librdm.a(rdmconst.o)
                0x0000000008004ee6                RDMConst::MANUFACTURER_ID
 .rodata._ZN8RDMConst17MANUFACTURER_NAMEE
                0x0000000008004ee8       0x1c ../lib-rdm/lib_gd32/librdm.a(rdmconst.o)
                0x0000000008004ee8                RDMConst::MANUFACTURER_NAME
 .rodata._ZL12DEVICE_LABEL
                0x0000000008004f04       0x16 ../lib-rdm/lib_gd32/librdm.a(rdmdevice.o)
 .rodata._ZN7NetworkC2Ev.str1.1
                0x0000000008004f1a        0x3 ../lib-network/lib_gd32/libnetwork.a(network.o)
 *fill*         0x0000000008004f1d        0x3 
 .rodata._ZL11s_aStorSize
                0x0000000008004f20       0x6c ../lib-configstore/lib_gd32/libconfigstore.a(configstore.o)
 .rodata._ZL12s_aSignature
                0x0000000008004f8c        0x4 ../lib-configstore/lib_gd32/libconfigstore.a(configstore.o)
 .rodata._ZN9FlashCodeC2Ev.str1.1
                0x0000000008004f90       0x2e ../lib-flashcode/lib_gd32/libflashcode.a(flashcode.o)
                                         0x39 (size before relaxing)
 .rodata._ZN7Display9PrintInfoEv.isra.0.str1.1
                0x0000000008004fbe       0x11 ../lib-display/lib_gd32/libdisplay.a(display.o)
 .rodata._ZN7Ssd13069PrintInfoEv.str1.1
                0x0000000008004fcf       0x1b ../lib-display/lib_gd32/libdisplay.a(ssd1306.o)
 .rodata._ZN7Ssd130611CheckSH1106Ev.str1.1
                0x0000000008004fea        0x6 ../lib-display/lib_gd32/libdisplay.a(ssd1306.o)
 .rodata._ZTV7Ssd1306
                0x0000000008004ff0       0x40 ../lib-display/lib_gd32/libdisplay.a(ssd1306.o)
                0x0000000008004ff0                vtable for Ssd1306
 .rodata._ZL16oled_128x32_init
                0x0000000008005030       0x18 ../lib-display/lib_gd32/libdisplay.a(ssd1306.o)
 .rodata._ZL16oled_128x64_init
                0x0000000008005048       0x18 ../lib-display/lib_gd32/libdisplay.a(ssd1306.o)
 .rodata._ZL12_OledFont8x6
                0x0000000008005060      0x2a0 ../lib-display/lib_gd32/libdisplay.a(ssd1306.o)
 .rodata.console_init.str1.1
                0x0000000008005300        0xc ../lib-hal/lib_gd32/libhal.a(console.o)
 .rodata.days_of_month
                0x000000000800530c       0x30 ../lib-c/lib_gd32/libc.a(time.o)
                0x000000000800533c                . = ALIGN (0x4)

.rel.dyn        0x000000000800533c        0x0
 .rel.iplt      0x000000000800533c        0x0 build_gd32/startup_gd32f30x_hd.o

.stack          0x0000000020000000     0x1000
                0x0000000020000000                . = ALIGN (0x4)
                [!provide]                        PROVIDE (stack_low = .)
                0x0000000000001000                . = __stack_size
 *fill*         0x0000000020000000     0x1000 
                0x0000000020001000                PROVIDE (_sp = .)
                0x0000000020001000                . = ALIGN (0x4)
                0x000000000800533c                _sidata = LOADADDR (.data)

.data           0x0000000020001000       0x78 load address 0x000000000800533c
                0x0000000020001000                . = ALIGN (0x4)
                0x0000000020001000                _sdata = .
 *(.data)
 *(.data*)
 .data._ZN19WidgetConfiguration14s_nRefreshRateE
                0x0000000020001000        0x1 ../lib-widget/lib_gd32/libwidget.a(widgetconfiguration.o)
                0x0000000020001000                WidgetConfiguration::s_nRefreshRate
 .data._ZN19WidgetConfiguration10s_nMabTimeE
                0x0000000020001001        0x1 ../lib-widget/lib_gd32/libwidget.a(widgetconfiguration.o)
                0x0000000020001001                WidgetConfiguration::s_nMabTime
 .data._ZN19WidgetConfiguration12s_nBreakTimeE
                0x0000000020001002        0x1 ../lib-widget/lib_gd32/libwidget.a(widgetconfiguration.o)
                0x0000000020001002                WidgetConfiguration::s_nBreakTime
 .data._ZN19WidgetConfiguration14s_nFirmwareMsbE
                0x0000000020001003        0x1 ../lib-widget/lib_gd32/libwidget.a(widgetconfiguration.o)
                0x0000000020001003                WidgetConfiguration::s_nFirmwareMsb
 .data._ZN19WidgetConfiguration14s_nFirmwareLsbE
                0x0000000020001004        0x1 ../lib-widget/lib_gd32/libwidget.a(widgetconfiguration.o)
                0x0000000020001004                WidgetConfiguration::s_nFirmwareLsb
 .data._ZN19WidgetConfiguration15s_aDeviceTypeIdE
                0x0000000020001005        0x2 ../lib-widget/lib_gd32/libwidget.a(widgetconfiguration.o)
                0x0000000020001005                WidgetConfiguration::s_aDeviceTypeId
 *fill*         0x0000000020001007        0x1 
 .data.s_block_bucket
                0x0000000020001008       0x68 ../lib-c/lib_gd32/libc.a(malloc.o)
 .data.next_block
                0x0000000020001070        0x4 ../lib-c/lib_gd32/libc.a(malloc.o)
 .data.SystemCoreClock
                0x0000000020001074        0x4 ../lib-gd32/lib_gd32/libgd32.a(system_gd32f30x.o)
                0x0000000020001074                SystemCoreClock
                0x0000000020001078                . = ALIGN (0x4)
                0x0000000020001078                _edata = .

.igot.plt       0x0000000020001078        0x0 load address 0x00000000080053b4
 .igot.plt      0x0000000020001078        0x0 build_gd32/startup_gd32f30x_hd.o
                0x0000000020001078                . = ALIGN (0x4)

.bss            0x0000000020001078     0x1738 load address 0x00000000080053b4
                0x0000000020001078                _sbss = .
                0x0000000020001078                __bss_start__ = _sbss
 *(.bss)
 *(.bss*)
 .bss.outptr    0x0000000020001078        0x4 ../lib-c/lib_gd32/libc.a(printf.o)
 .bss._ZN6Widget7s_pThisE
                0x000000002000107c        0x4 ../lib-widget/lib_gd32/libwidget.a(widget.o)
                0x000000002000107c                Widget::s_pThis
 .bss._ZZ6microsvE7nResult
                0x0000000020001080        0x4 ../lib-widget/lib_gd32/libwidget.a(widgetsniffer.o)
                0x0000000020001080                micros()::nResult
 .bss._ZZ6microsvE15nMicrosPrevious
                0x0000000020001084        0x4 ../lib-widget/lib_gd32/libwidget.a(widgetsniffer.o)
                0x0000000020001084                micros()::nMicrosPrevious
 .bss._ZN3Dmx7s_pThisE
                0x0000000020001088        0x4 ../lib-dmx/lib_gd32/libdmx.a(dmx.o)
                0x0000000020001088                Dmx::s_pThis
 .bss._ZL23s_nDmxTransmitInterTime
                0x000000002000108c        0x4 ../lib-dmx/lib_gd32/libdmx.a(dmx.o)
 .bss._ZL21s_nDmxTransmitMabTime
                0x0000000020001090        0x4 ../lib-dmx/lib_gd32/libdmx.a(dmx.o)
 .bss._ZL23s_nDmxTransmitBreakTime
                0x0000000020001094        0x4 ../lib-dmx/lib_gd32/libdmx.a(dmx.o)
 .bss._ZL10s_TxBuffer
                0x0000000020001098      0x20c ../lib-dmx/lib_gd32/libdmx.a(dmx.o)
 .bss._ZL10s_RxBuffer
                0x00000000200012a4      0x210 ../lib-dmx/lib_gd32/libdmx.a(dmx.o)
 .bss.gv_RdmDataReceiveEnd
                0x00000000200014b4        0x4 ../lib-dmx/lib_gd32/libdmx.a(dmx.o)
                0x00000000200014b4                gv_RdmDataReceiveEnd
 .bss._ZL16sv_nRxDmxPackets
                0x00000000200014b8       0x10 ../lib-dmx/lib_gd32/libdmx.a(dmx.o)
 .bss._ZL15s_RxDmxPrevious
                0x00000000200014c8      0x202 ../lib-dmx/lib_gd32/libdmx.a(dmx.o)
 *fill*         0x00000000200016ca        0x2 
 .bss._ZL12sv_PortState
                0x00000000200016cc        0x4 ../lib-dmx/lib_gd32/libdmx.a(dmx.o)
 .bss._ZN7Network7s_pThisE
                0x00000000200016d0        0x4 ../lib-network/lib_gd32/libnetwork.a(network.o)
                0x00000000200016d0                Network::s_pThis
 .bss._ZN11ConfigStore7s_pThisE
                0x00000000200016d4        0x4 ../lib-configstore/lib_gd32/libconfigstore.a(configstore.o)
                0x00000000200016d4                ConfigStore::s_pThis
 .bss._ZN11ConfigStore14s_SpiFlashDataE
                0x00000000200016d8     0x1000 ../lib-configstore/lib_gd32/libconfigstore.a(configstore.o)
                0x00000000200016d8                ConfigStore::s_SpiFlashData
 .bss._ZN11ConfigStore13s_nWaitMillisE
                0x00000000200026d8        0x4 ../lib-configstore/lib_gd32/libconfigstore.a(configstore.o)
                0x00000000200026d8                ConfigStore::s_nWaitMillis
 .bss._ZN11ConfigStore20s_nSpiFlashStoreSizeE
                0x00000000200026dc        0x4 ../lib-configstore/lib_gd32/libconfigstore.a(configstore.o)
                0x00000000200026dc                ConfigStore::s_nSpiFlashStoreSize
 .bss._ZN11ConfigStore15s_nStartAddressE
                0x00000000200026e0        0x4 ../lib-configstore/lib_gd32/libconfigstore.a(configstore.o)
                0x00000000200026e0                ConfigStore::s_nStartAddress
 .bss._ZN11ConfigStore7s_StateE
                0x00000000200026e4        0x4 ../lib-configstore/lib_gd32/libconfigstore.a(configstore.o)
                0x00000000200026e4                ConfigStore::s_State
 .bss._ZN11ConfigStore16s_bHaveFlashChipE
                0x00000000200026e8        0x1 ../lib-configstore/lib_gd32/libconfigstore.a(configstore.o)
                0x00000000200026e8                ConfigStore::s_bHaveFlashChip
 *fill*         0x00000000200026e9        0x3 
 .bss._ZN9FlashCode7s_pThisE
                0x00000000200026ec        0x4 ../lib-flashcode/lib_gd32/libflashcode.a(flashcode.o)
                0x00000000200026ec                FlashCode::s_pThis
 .bss._ZN9flashcodeL9s_isBank0E
                0x00000000200026f0        0x1 ../lib-flashcode/lib_gd32/libflashcode.a(flashcode.o)
 *fill*         0x00000000200026f1        0x3 
 .bss._ZN9flashcodeL7s_pDataE
                0x00000000200026f4        0x4 ../lib-flashcode/lib_gd32/libflashcode.a(flashcode.o)
 .bss._ZN9flashcodeL10s_nAddressE
                0x00000000200026f8        0x4 ../lib-flashcode/lib_gd32/libflashcode.a(flashcode.o)
 .bss._ZN9flashcodeL9s_nLengthE
                0x00000000200026fc        0x4 ../lib-flashcode/lib_gd32/libflashcode.a(flashcode.o)
 .bss._ZN9flashcodeL7s_nPageE
                0x0000000020002700        0x4 ../lib-flashcode/lib_gd32/libflashcode.a(flashcode.o)
 .bss._ZN9flashcodeL7s_StateE
                0x0000000020002704        0x4 ../lib-flashcode/lib_gd32/libflashcode.a(flashcode.o)
 .bss._ZN7Display7s_pThisE
                0x0000000020002708        0x4 ../lib-display/lib_gd32/libdisplay.a(display.o)
                0x0000000020002708                Display::s_pThis
 .bss._ZN7Ssd13067s_pThisE
                0x000000002000270c        0x4 ../lib-display/lib_gd32/libdisplay.a(ssd1306.o)
                0x000000002000270c                Ssd1306::s_pThis
 .bss._ZL12_ClearBuffer
                0x0000000020002710       0x86 ../lib-display/lib_gd32/libdisplay.a(ssd1306.o)
 *fill*         0x0000000020002796        0x2 
 .bss._ZN8Hardware7s_pThisE
                0x0000000020002798        0x4 ../lib-hal/lib_gd32/libhal.a(hardware.o)
                0x0000000020002798                Hardware::s_pThis
 .bss.s_tv      0x000000002000279c        0x8 ../lib-c/lib_gd32/libc.a(time.o)
 .bss.set_timer
                0x00000000200027a4        0x4 ../lib-c/lib_gd32/libc.a(time.o)
 .bss.s_nSysTickMillis
                0x00000000200027a8        0x4 ../lib-gd32/lib_gd32/libgd32.a(systick.o)
                0x00000000200027a8                s_nSysTickMillis
 .bss._ZL10s_nAddress
                0x00000000200027ac        0x1 ../lib-gd32/lib_gd32/libgd32.a(gd32_i2c.o)
 *(COMMON)
                0x00000000200027b0                . = ALIGN (0x4)
 *fill*         0x00000000200027ad        0x3 
                0x00000000200027b0                _ebss = .
                0x00000000200027b0                __bss_end__ = _ebss
                0x00000000200027b0                . = ALIGN (0x8)
                [!provide]                        PROVIDE (end = _ebss)
                [!provide]                        PROVIDE (_end = _ebss)

.heap           0x00000000200027b0     0x1000 load address 0x00000000080053b4
                0x00000000200027b0                . = ALIGN (0x4)
                0x00000000200027b0                heap_low = .
                0x00000000200037b0                . = (. + __heap_size)
 *fill*         0x00000000200027b0     0x1000 
                0x00000000200037b0                heap_top = .
                0x00000000200037b0                . = ALIGN (0x4)

/DISCARD/
 *(*.ARM.*)
 *(*.comment)
 *(*.debug*)
START GROUP
LOAD /Users/arjanvanvught/Library/xPacks/@xpack-dev-tools/arm-none-eabi-gcc/12.2.1-1.2.1/.content/bin/../lib/gcc/arm-none-eabi/12.2.1/thumb/v7e-m+fp/hard/libgcc.a
LOAD ../lib-c/lib_gd32/libc.a
END GROUP
LOAD ../lib-widget/lib_gd32/libwidget.a
LOAD ../lib-usb/lib_gd32/libusb.a
LOAD ../lib-rdm/lib_gd32/librdm.a
LOAD ../lib-dmx/lib_gd32/libdmx.a
LOAD ../lib-network/lib_gd32/libnetwork.a
LOAD ../lib-configstore/lib_gd32/libconfigstore.a
LOAD ../lib-flashcode/lib_gd32/libflashcode.a
LOAD ../lib-properties/lib_gd32/libproperties.a
LOAD ../lib-lightset/lib_gd32/liblightset.a
LOAD ../lib-display/lib_gd32/libdisplay.a
LOAD ../lib-hal/lib_gd32/libhal.a
LOAD ../lib-c++/lib_gd32/libc++.a
LOAD ../lib-c/lib_gd32/libc.a
LOAD ../lib-gd32/lib_gd32/libgd32.a
LOAD /Users/arjanvanvught/Library/xPacks/@xpack-dev-tools/arm-none-eabi-gcc/12.2.1-1.2.1/.content/bin/../lib/gcc/arm-none-eabi/12.2.1/thumb/v7e-m+fp/hard/libgcc.a
OUTPUT(build_gd32/main.elf elf32-littlearm)
LOAD linker stubs
