Archive member included to satisfy reference by file (symbol)

../lib-c/lib_gd32/libc.a(printf.o)
                              build_gd32/firmware/main.o (printf)
../lib-c/lib_gd32/libc.a(puts.o)
                              build_gd32/firmware/main.o (puts)
/Users/arjanvanvught/Library/xPacks/@xpack-dev-tools/arm-none-eabi-gcc/11.3.1-1.1.2/.content/bin/../lib/gcc/arm-none-eabi/11.3.1/thumb/v7e-m+fp/hard/libgcc.a(_arm_truncdfsf2.o)
                              ../lib-c/lib_gd32/libc.a(printf.o) (__aeabi_d2f)
/Users/arjanvanvught/Library/xPacks/@xpack-dev-tools/arm-none-eabi-gcc/11.3.1-1.1.2/.content/bin/../lib/gcc/arm-none-eabi/11.3.1/thumb/v7e-m+fp/hard/libgcc.a(_aeabi_uldivmod.o)
                              ../lib-c/lib_gd32/libc.a(printf.o) (__aeabi_uldivmod)
/Users/arjanvanvught/Library/xPacks/@xpack-dev-tools/arm-none-eabi-gcc/11.3.1-1.1.2/.content/bin/../lib/gcc/arm-none-eabi/11.3.1/thumb/v7e-m+fp/hard/libgcc.a(_udivmoddi4.o)
                              /Users/arjanvanvught/Library/xPacks/@xpack-dev-tools/arm-none-eabi-gcc/11.3.1-1.1.2/.content/bin/../lib/gcc/arm-none-eabi/11.3.1/thumb/v7e-m+fp/hard/libgcc.a(_aeabi_uldivmod.o) (__udivmoddi4)
/Users/arjanvanvught/Library/xPacks/@xpack-dev-tools/arm-none-eabi-gcc/11.3.1-1.1.2/.content/bin/../lib/gcc/arm-none-eabi/11.3.1/thumb/v7e-m+fp/hard/libgcc.a(_dvmd_tls.o)
                              /Users/arjanvanvught/Library/xPacks/@xpack-dev-tools/arm-none-eabi-gcc/11.3.1-1.1.2/.content/bin/../lib/gcc/arm-none-eabi/11.3.1/thumb/v7e-m+fp/hard/libgcc.a(_aeabi_uldivmod.o) (__aeabi_ldiv0)
../lib-rdmresponder/lib_gd32/librdmresponder.a(rdmresponder.o)
                              build_gd32/firmware/main.o (RDMResponder::Run())
../lib-rdmsensor/lib_gd32/librdmsensor.a(rdmsensors.o)
                              build_gd32/firmware/main.o (RDMSensors::~RDMSensors())
../lib-rdmsensor/lib_gd32/librdmsensor.a(rdmsensorsconst.o)
                              ../lib-rdmsensor/lib_gd32/librdmsensor.a(rdmsensors.o) (RDMSensorsConst::TYPE)
../lib-rdmsensor/lib_gd32/librdmsensor.a(rdmsensorsparams.o)
                              build_gd32/firmware/main.o (RDMSensorsParams::RDMSensorsParams(RDMSensorsParamsStore*))
../lib-rdmsensor/lib_gd32/librdmsensor.a(rdmsensor.o)
                              ../lib-rdmsensor/lib_gd32/librdmsensor.a(rdmsensors.o) (RDMSensor::RDMSensor(unsigned char))
../lib-device/lib_gd32/libdevice.a(bh1750.o)
                              ../lib-rdmsensor/lib_gd32/librdmsensor.a(rdmsensorsparams.o) (sensor::BH170::BH170(unsigned char))
../lib-device/lib_gd32/libdevice.a(htu21d.o)
                              ../lib-rdmsensor/lib_gd32/librdmsensor.a(rdmsensorsparams.o) (sensor::HTU21D::HTU21D(unsigned char))
../lib-device/lib_gd32/libdevice.a(ina219.o)
                              ../lib-rdmsensor/lib_gd32/librdmsensor.a(rdmsensorsparams.o) (sensor::INA219::INA219(unsigned char))
../lib-device/lib_gd32/libdevice.a(mcp3424.o)
                              ../lib-rdmsensor/lib_gd32/librdmsensor.a(rdmsensorsparams.o) (MCP3424::MCP3424(unsigned char))
../lib-device/lib_gd32/libdevice.a(mcp9808.o)
                              ../lib-rdmsensor/lib_gd32/librdmsensor.a(rdmsensorsparams.o) (sensor::MCP9808::MCP9808(unsigned char))
../lib-device/lib_gd32/libdevice.a(si7021.o)
                              ../lib-rdmsensor/lib_gd32/librdmsensor.a(rdmsensorsparams.o) (sensor::SI7021::SI7021(unsigned char))
../lib-rdmsubdevice/lib_gd32/librdmsubdevice.a(rdmsubdevices.o)
                              build_gd32/firmware/main.o (RDMSubDevices::~RDMSubDevices())
../lib-rdmsubdevice/lib_gd32/librdmsubdevice.a(rdmsubdevicesconst.o)
                              ../lib-rdmsubdevice/lib_gd32/librdmsubdevice.a(rdmsubdevices.o) (RDMSubDevicesConst::TYPE)
../lib-rdmsubdevice/lib_gd32/librdmsubdevice.a(rdmsubdevice.o)
                              ../lib-rdmsubdevice/lib_gd32/librdmsubdevice.a(rdmsubdevices.o) (RDMSubDevice::SetDmxStartAddress(unsigned short))
../lib-dmxreceiver/lib_gd32/libdmxreceiver.a(dmxreceiver.o)
                              build_gd32/firmware/main.o (DMXReceiver::s_bDisableOutput)
../lib-dmx/lib_gd32/libdmx.a(rdm.o)
                              ../lib-rdmresponder/lib_gd32/librdmresponder.a(rdmresponder.o) (Rdm::Receive(unsigned long))
../lib-dmx/lib_gd32/libdmx.a(dmx.o)
                              build_gd32/firmware/main.o (Dmx::Dmx())
../lib-dmx/lib_gd32/libdmx.a(rdm.o)
                              ../lib-rdmresponder/lib_gd32/librdmresponder.a(rdmresponder.o) (Rdm::SendRawRespondMessage(unsigned long, unsigned char const*, unsigned long))
../lib-rdm/lib_gd32/librdm.a(rdmdeviceparams.o)
                              build_gd32/firmware/main.o (RDMDeviceParams::RDMDeviceParams(RDMDeviceParamsStore*))
../lib-rdm/lib_gd32/librdm.a(rdmdeviceparamsconst.o)
                              ../lib-rdm/lib_gd32/librdm.a(rdmdeviceparams.o) (RDMDeviceParamsConst::PRODUCT_DETAIL)
../lib-rdm/lib_gd32/librdm.a(rdmdeviceresponder.o)
[...]
Memory Configuration

Name             Origin             Length             Attributes
FLASH            0x0000000008000000 0x0000000000040000 xr
RAM              0x0000000020000000 0x000000000000c000 xrw
*default*        0x0000000000000000 0xffffffffffffffff

Linker script and memory map

LOAD build_gd32/startup_gd32f30x_hd.o
LOAD build_gd32/firmware/main.o
LOAD build_gd32/lib/display.o
LOAD build_gd32/lib/dmxstartaddressupdate.o
LOAD build_gd32/lib/factorydefaults.o
LOAD build_gd32/lib/personalityupdate.o
LOAD build_gd32/lib/rdm_selftest.o
LOAD build_gd32/lib/rdmidentify.o
LOAD build_gd32/lib/rdmslotinfo.o
LOAD build_gd32/lib/rdmsoftwareversion.o
                0x0000000000001000                __heap_size = DEFINED (__heap_size)?__heap_size:0x1000
                0x0000000000001000                __stack_size = DEFINED (__stack_size)?__stack_size:0x1000

.vectors        0x0000000008000000      0x130
                0x0000000008000000                . = ALIGN (0x4)
 *(.vectors)
 .vectors       0x0000000008000000      0x130 build_gd32/startup_gd32f30x_hd.o
                0x0000000008000000                __gVectors
                0x0000000008000130                . = ALIGN (0x4)
                0x0000000008000130                __Vectors_End = .
                0x0000000008000130                __Vectors_Size = (__Vectors_End - __gVectors)

.text           0x0000000008000130     0x9f58
                0x0000000008000130                . = ALIGN (0x4)
 *(.text.unlikely*)
 .text.unlikely.console_init
                0x0000000008000130       0x20 ../lib-hal/lib_gd32/libhal.a(console.o)
                0x0000000008000130                console_init
 *(.text.hot*)
 *(.text)
 .text          0x0000000008000150       0xa0 /Users/arjanvanvught/Library/xPacks/@xpack-dev-tools/arm-none-eabi-gcc/11.3.1-1.1.2/.content/bin/../lib/gcc/arm-none-eabi/11.3.1/thumb/v7e-m+fp/hard/libgcc.a(_arm_truncdfsf2.o)
                0x0000000008000150                __aeabi_d2f
                0x0000000008000150                __truncdfsf2
 .text          0x00000000080001f0       0x30 /Users/arjanvanvught/Library/xPacks/@xpack-dev-tools/arm-none-eabi-gcc/11.3.1-1.1.2/.content/bin/../lib/gcc/arm-none-eabi/11.3.1/thumb/v7e-m+fp/hard/libgcc.a(_aeabi_uldivmod.o)
                0x00000000080001f0                __aeabi_uldivmod
 .text          0x0000000008000220        0x4 /Users/arjanvanvught/Library/xPacks/@xpack-dev-tools/arm-none-eabi-gcc/11.3.1-1.1.2/.content/bin/../lib/gcc/arm-none-eabi/11.3.1/thumb/v7e-m+fp/hard/libgcc.a(_dvmd_tls.o)
                0x0000000008000220                __aeabi_ldiv0
                0x0000000008000220                __aeabi_idiv0
 .text          0x0000000008000224      0x378 /Users/arjanvanvught/Library/xPacks/@xpack-dev-tools/arm-none-eabi-gcc/11.3.1-1.1.2/.content/bin/../lib/gcc/arm-none-eabi/11.3.1/thumb/v7e-m+fp/hard/libgcc.a(_arm_addsubdf3.o)
                0x0000000008000224                __aeabi_drsub
                0x000000000800022c                __subdf3
                0x000000000800022c                __aeabi_dsub
                0x0000000008000230                __aeabi_dadd
                0x0000000008000230                __adddf3
                0x00000000080004a8                __aeabi_ui2d
                0x00000000080004a8                __floatunsidf
                0x00000000080004c8                __floatsidf
                0x00000000080004c8                __aeabi_i2d
                0x00000000080004ec                __extendsfdf2
                0x00000000080004ec                __aeabi_f2d
                0x0000000008000530                __aeabi_ul2d
                0x0000000008000530                __floatundidf
                0x0000000008000540                __aeabi_l2d
                0x0000000008000540                __floatdidf
 .text          0x000000000800059c      0x424 /Users/arjanvanvught/Library/xPacks/@xpack-dev-tools/arm-none-eabi-gcc/11.3.1-1.1.2/.content/bin/../lib/gcc/arm-none-eabi/11.3.1/thumb/v7e-m+fp/hard/libgcc.a(_arm_muldivdf3.o)
                0x000000000800059c                __aeabi_dmul
                0x000000000800059c                __muldf3
                0x00000000080007f0                __aeabi_ddiv
                0x00000000080007f0                __divdf3
 .text          0x00000000080009c0       0x50 /Users/arjanvanvught/Library/xPacks/@xpack-dev-tools/arm-none-eabi-gcc/11.3.1-1.1.2/.content/bin/../lib/gcc/arm-none-eabi/11.3.1/thumb/v7e-m+fp/hard/libgcc.a(_arm_fixdfsi.o)
                0x00000000080009c0                __fixdfsi
                0x00000000080009c0                __aeabi_d2iz
 *(.text*)
 .text.Reset_Handler
                0x0000000008000a10       0x44 build_gd32/startup_gd32f30x_hd.o
                0x0000000008000a10                Reset_Handler
 .text.Default_Handler
                0x0000000008000a54        0x2 build_gd32/startup_gd32f30x_hd.o
                0x0000000008000a54                DMA0_Channel4_IRQHandler
                0x0000000008000a54                EXTI2_IRQHandler
                0x0000000008000a54                TIMER5_IRQHandler
                0x0000000008000a54                DebugMon_Handler
                0x0000000008000a54                LVD_IRQHandler
                0x0000000008000a54                TIMER0_BRK_IRQHandler
                0x0000000008000a54                HardFault_Handler
                0x0000000008000a54                ADC0_1_IRQHandler
                0x0000000008000a54                TIMER0_UP_IRQHandler
                0x0000000008000a54                SDIO_IRQHandler
                0x0000000008000a54                PendSV_Handler
                0x0000000008000a54                NMI_Handler
                0x0000000008000a54                EXTI3_IRQHandler
                0x0000000008000a54                DMA0_Channel6_IRQHandler
                0x0000000008000a54                I2C0_EV_IRQHandler
                0x0000000008000a54                EXTI0_IRQHandler
                0x0000000008000a54                UsageFault_Handler
                0x0000000008000a54                SPI1_IRQHandler
                0x0000000008000a54                DMA0_Channel0_IRQHandler
                0x0000000008000a54                TAMPER_IRQHandler
                0x0000000008000a54                DMA1_Channel0_IRQHandler
                0x0000000008000a54                DMA0_Channel3_IRQHandler
                0x0000000008000a54                I2C0_ER_IRQHandler
                0x0000000008000a54                RTC_IRQHandler
                0x0000000008000a54                TIMER7_UP_IRQHandler
                0x0000000008000a54                DMA0_Channel2_IRQHandler
                0x0000000008000a54                TIMER7_TRG_CMT_IRQHandler
                0x0000000008000a54                TIMER0_TRG_CMT_IRQHandler
                0x0000000008000a54                I2C1_EV_IRQHandler
                0x0000000008000a54                UART4_IRQHandler
                0x0000000008000a54                EXTI10_15_IRQHandler
                0x0000000008000a54                DMA1_Channel1_IRQHandler
                0x0000000008000a54                Default_Handler
                0x0000000008000a54                TIMER7_Channel_IRQHandler
                0x0000000008000a54                WWDGT_IRQHandler
                0x0000000008000a54                EXMC_IRQHandler
                0x0000000008000a54                ADC2_IRQHandler
                0x0000000008000a54                SPI2_IRQHandler
                0x0000000008000a54                MemManage_Handler
                0x0000000008000a54                USBD_WKUP_IRQHandler
                0x0000000008000a54                SVC_Handler
                0x0000000008000a54                RCU_CTC_IRQHandler
                0x0000000008000a54                TIMER7_BRK_IRQHandler
                0x0000000008000a54                EXTI4_IRQHandler
                0x0000000008000a54                USBD_HP_CAN0_TX_IRQHandler
                0x0000000008000a54                CAN0_RX1_IRQHandler
                0x0000000008000a54                DMA0_Channel5_IRQHandler
                0x0000000008000a54                EXTI5_9_IRQHandler
                0x0000000008000a54                TIMER0_Channel_IRQHandler
                0x0000000008000a54                EXTI1_IRQHandler
                0x0000000008000a54                SPI0_IRQHandler
                0x0000000008000a54                DMA1_Channel3_4_IRQHandler
                0x0000000008000a54                CAN0_EWMC_IRQHandler
                0x0000000008000a54                DMA1_Channel2_IRQHandler
                0x0000000008000a54                USBD_LP_CAN0_RX0_IRQHandler
                0x0000000008000a54                BusFault_Handler
                0x0000000008000a54                USART1_IRQHandler
                0x0000000008000a54                UART3_IRQHandler
                0x0000000008000a54                I2C1_ER_IRQHandler
                0x0000000008000a54                FMC_IRQHandler
                0x0000000008000a54                RTC_Alarm_IRQHandler
 .text._ZN17PixelDmxStartStopD2Ev
                0x0000000008000a56        0x2 build_gd32/firmware/main.o
                0x0000000008000a56                PixelDmxStartStop::~PixelDmxStartStop()
                0x0000000008000a56                PixelDmxStartStop::~PixelDmxStartStop()
 .text._ZN17PixelDmxStartStop5StartEv
                0x0000000008000a58        0xc build_gd32/firmware/main.o
                0x0000000008000a58                PixelDmxStartStop::Start()
 .text._ZN17PixelDmxStartStop4StopEv
                0x0000000008000a64        0xc build_gd32/firmware/main.o
                0x0000000008000a64                PixelDmxStartStop::Stop()
 .text._ZN17PixelDmxStartStopD0Ev
                0x0000000008000a70        0xc build_gd32/firmware/main.o
                0x0000000008000a70                PixelDmxStartStop::~PixelDmxStartStop()
 .text._ZN12RDMResponder17PersonalityUpdateEP8LightSet
                0x0000000008000a7c       0x34 build_gd32/firmware/main.o
                0x0000000008000a7c                RDMResponder::PersonalityUpdate(LightSet*)
 .text._ZN12RDMResponder21DmxStartAddressUpdateEv
                0x0000000008000ab0       0x16 build_gd32/firmware/main.o
                0x0000000008000ab0                RDMResponder::DmxStartAddressUpdate()
 .text._ZN7Display9ClearLineEm.isra.0
                0x0000000008000ac6        0xa build_gd32/firmware/main.o
 .text._ZN12RDMResponderD2Ev
                0x0000000008000ad0       0x48 build_gd32/firmware/main.o
                0x0000000008000ad0                RDMResponder::~RDMResponder()
                0x0000000008000ad0                RDMResponder::~RDMResponder()
 .text._ZN12RDMResponderD0Ev
                0x0000000008000b18       0x12 build_gd32/firmware/main.o
                0x0000000008000b18                RDMResponder::~RDMResponder()
 .text._ZN7Display6PrintfEmPKcz
                0x0000000008000b2a       0x38 build_gd32/firmware/main.o
                0x0000000008000b2a                Display::Printf(unsigned long, char const*, ...)
 *fill*         0x0000000008000b62        0x2 
 .text._ZN7Display8SetSleepEb
                0x0000000008000b64       0x20 build_gd32/firmware/main.o
                0x0000000008000b64                Display::SetSleep(bool)
 .text._ZN14RDMPersonalityC2EPKcP8LightSet
                0x0000000008000b84       0x46 build_gd32/firmware/main.o
                0x0000000008000b84                RDMPersonality::RDMPersonality(char const*, LightSet*)
                0x0000000008000b84                RDMPersonality::RDMPersonality(char const*, LightSet*)
 *fill*         0x0000000008000bca        0x2 
 .text._ZN7display7timeout9gpio_initEv
                0x0000000008000bcc       0x20 build_gd32/firmware/main.o
                0x0000000008000bcc                display::timeout::gpio_init()
 .text._ZN7display7timeout10gpio_renewEv
                0x0000000008000bec       0x14 build_gd32/firmware/main.o
                0x0000000008000bec                display::timeout::gpio_renew()
 .text._Z14is_config_modev
                0x0000000008000c00       0x2c build_gd32/firmware/main.o
                0x0000000008000c00                is_config_mode()
 .text._ZN8Hardware13RebootHandlerEv
                0x0000000008000c2c        0xc build_gd32/firmware/main.o
                0x0000000008000c2c                Hardware::RebootHandler()
 .text.startup.main
                0x0000000008000c38      0x508 build_gd32/firmware/main.o
                0x0000000008000c38                main
 .text._ZN7Display9ClearLineEm.isra.0
                0x0000000008001140        0xa build_gd32/lib/display.o
 .text._ZN7Display10TextStatusEPKc
                0x000000000800114a       0x74 build_gd32/lib/display.o
                0x000000000800114a                Display::TextStatus(char const*)
 *fill*         0x00000000080011be        0x2 
 .text._ZN17PixelDmxParamsRdm7DisplayEPKh
                0x00000000080011c0       0x98 build_gd32/lib/display.o
                0x00000000080011c0                PixelDmxParamsRdm::Display(unsigned char const*)
 .text._ZN12RDMResponder21DmxStartAddressUpdateEt
                0x0000000008001258        0xc build_gd32/lib/dmxstartaddressupdate.o
                0x0000000008001258                RDMResponder::DmxStartAddressUpdate(unsigned short)
 .text._ZN3rdm6device9responder15factorydefaultsEv
                0x0000000008001264       0x10 build_gd32/lib/factorydefaults.o
                0x0000000008001264                rdm::device::responder::factorydefaults()
 .text._ZN7Display9ClearLineEm.isra.0
                0x0000000008001274        0xa build_gd32/lib/personalityupdate.o
 *fill*         0x000000000800127e        0x2 
 .text._ZN12RDMResponder17PersonalityUpdateEm
                0x0000000008001280       0xe0 build_gd32/lib/personalityupdate.o
                0x0000000008001280                RDMResponder::PersonalityUpdate(unsigned long)
 .text._ZN16PixelTestPattern10SetPatternEN13pixelpatterns7PatternE
                0x0000000008001360       0xd4 build_gd32/lib/rdm_selftest.o
                0x0000000008001360                PixelTestPattern::SetPattern(pixelpatterns::Pattern)
 .text._ZN3rdm8selftest3GetEv
                0x0000000008001434        0xc build_gd32/lib/rdm_selftest.o
                0x0000000008001434                rdm::selftest::Get()
 .text._ZN3rdm8selftest3SetEh
                0x0000000008001440       0x68 build_gd32/lib/rdm_selftest.o
                0x0000000008001440                rdm::selftest::Set(unsigned char)
 .text._ZN3rdm8selftest14GetDescriptionEhRm
                0x00000000080014a8       0x20 build_gd32/lib/rdm_selftest.o
                0x00000000080014a8                rdm::selftest::GetDescription(unsigned char, unsigned long&)
 .text._ZN16PixelTestPattern10SetPatternEN13pixelpatterns7PatternE.isra.0
                0x00000000080014c8       0xd8 build_gd32/lib/rdmidentify.o
 .text._ZN11RDMIdentify2OnEN3rdm8identify4ModeE
                0x00000000080015a0       0x3c build_gd32/lib/rdmidentify.o
                0x00000000080015a0                RDMIdentify::On(rdm::identify::Mode)
 .text._ZN11RDMIdentify3OffEN3rdm8identify4ModeE
                0x00000000080015dc       0x38 build_gd32/lib/rdmidentify.o
                0x00000000080015dc                RDMIdentify::Off(rdm::identify::Mode)
 .text._ZN11RDMSlotInfo24GetCategoryTextUndefinedEtRm
                0x0000000008001614       0x58 build_gd32/lib/rdmslotinfo.o
                0x0000000008001614                RDMSlotInfo::GetCategoryTextUndefined(unsigned short, unsigned long&)
 .text._ZN18RDMSoftwareVersion10GetVersionEv
                0x000000000800166c        0x8 build_gd32/lib/rdmsoftwareversion.o
                0x000000000800166c                RDMSoftwareVersion::GetVersion()
 .text._ZN18RDMSoftwareVersion16GetVersionLengthEv
                0x0000000008001674        0x4 build_gd32/lib/rdmsoftwareversion.o
                0x0000000008001674                RDMSoftwareVersion::GetVersionLength()
 .text._ZN18RDMSoftwareVersion12GetVersionIdEv
                0x0000000008001678        0x8 build_gd32/lib/rdmsoftwareversion.o
                0x0000000008001678                RDMSoftwareVersion::GetVersionId()
 .text._itostr  0x0000000008001680       0x74 ../lib-c/lib_gd32/libc.a(printf.o)
 .text._xputch  0x00000000080016f4       0x30 ../lib-c/lib_gd32/libc.a(printf.o)
 .text._format_int
                0x0000000008001724       0xd4 ../lib-c/lib_gd32/libc.a(printf.o)
 .text._format_hex
                0x00000000080017f8       0xba ../lib-c/lib_gd32/libc.a(printf.o)
 *fill*         0x00000000080018b2        0x2 
 .text._vprintf
                0x00000000080018b4      0x3b8 ../lib-c/lib_gd32/libc.a(printf.o)
 .text.printf   0x0000000008001c6c       0x1e ../lib-c/lib_gd32/libc.a(printf.o)
                0x0000000008001c6c                printf
 *fill*         0x0000000008001c8a        0x2 
 .text.snprintf
                0x0000000008001c8c       0x30 ../lib-c/lib_gd32/libc.a(printf.o)
                0x0000000008001c8c                snprintf
 .text.vsnprintf
                0x0000000008001cbc       0x20 ../lib-c/lib_gd32/libc.a(printf.o)
                0x0000000008001cbc                vsnprintf
 .text.puts     0x0000000008001cdc       0x10 ../lib-c/lib_gd32/libc.a(puts.o)
                0x0000000008001cdc                puts
 .text.__udivmoddi4
                0x0000000008001cec      0x2c8 /Users/arjanvanvught/Library/xPacks/@xpack-dev-tools/arm-none-eabi-gcc/11.3.1-1.1.2/.content/bin/../lib/gcc/arm-none-eabi/11.3.1/thumb/v7e-m+fp/hard/libgcc.a(_udivmoddi4.o)
                0x0000000008001cec                __udivmoddi4
 .text._ZN11DMXReceiver3RunERs
                0x0000000008001fb4       0xa4 ../lib-rdmresponder/lib_gd32/librdmresponder.a(rdmresponder.o)
                0x0000000008001fb4                DMXReceiver::Run(short&)
 .text._ZN12RDMResponder14HandleResponseEPh
                0x0000000008002058       0x32 ../lib-rdmresponder/lib_gd32/librdmresponder.a(rdmresponder.o)
                0x0000000008002058                RDMResponder::HandleResponse(unsigned char*)
 *fill*         0x000000000800208a        0x2 
 .text._ZN12RDMResponder3RunEv
                0x000000000800208c       0x98 ../lib-rdmresponder/lib_gd32/librdmresponder.a(rdmresponder.o)
                0x000000000800208c                RDMResponder::Run()
 .text._ZN14CpuTemperature10InitializeEv
                0x0000000008002124        0x4 ../lib-rdmsensor/lib_gd32/librdmsensor.a(rdmsensors.o)
                0x0000000008002124                CpuTemperature::Initialize()
 .text._ZN14CpuTemperatureD2Ev
                0x0000000008002128        0x2 ../lib-rdmsensor/lib_gd32/librdmsensor.a(rdmsensors.o)
                0x0000000008002128                CpuTemperature::~CpuTemperature()
                0x0000000008002128                CpuTemperature::~CpuTemperature()
 .text._ZN14CpuTemperature8GetValueEv
                0x000000000800212a       0x12 ../lib-rdmsensor/lib_gd32/librdmsensor.a(rdmsensors.o)
                0x000000000800212a                CpuTemperature::GetValue()
 .text._ZN14CpuTemperatureD0Ev
                0x000000000800213c        0xc ../lib-rdmsensor/lib_gd32/librdmsensor.a(rdmsensors.o)
                0x000000000800213c                CpuTemperature::~CpuTemperature()
 .text._ZN10RDMSensorsD2Ev
                0x0000000008002148       0x30 ../lib-rdmsensor/lib_gd32/librdmsensor.a(rdmsensors.o)
                0x0000000008002148                RDMSensors::~RDMSensors()
                0x0000000008002148                RDMSensors::~RDMSensors()
 .text._ZN10RDMSensors12GetDefintionEh
                0x0000000008002178        0xa ../lib-rdmsensor/lib_gd32/librdmsensor.a(rdmsensors.o)
                0x0000000008002178                RDMSensors::GetDefintion(unsigned char)
 .text._ZN10RDMSensors9GetValuesEh
                0x0000000008002182        0xa ../lib-rdmsensor/lib_gd32/librdmsensor.a(rdmsensors.o)
                0x0000000008002182                RDMSensors::GetValues(unsigned char)
 .text._ZN10RDMSensors9SetValuesEh
                0x000000000800218c       0x2e ../lib-rdmsensor/lib_gd32/librdmsensor.a(rdmsensors.o)
                0x000000000800218c                RDMSensors::SetValues(unsigned char)
 .text._ZN10RDMSensors9SetRecordEh
                0x00000000080021ba       0x2e ../lib-rdmsensor/lib_gd32/librdmsensor.a(rdmsensors.o)
                0x00000000080021ba                RDMSensors::SetRecord(unsigned char)
 .text._ZN10RDMSensors3AddEP9RDMSensor
                0x00000000080021e8       0x1c ../lib-rdmsensor/lib_gd32/librdmsensor.a(rdmsensors.o)
                0x00000000080021e8                RDMSensors::Add(RDMSensor*)
 .text._ZN10RDMSensorsC2Ev
                0x0000000008002204       0x5c ../lib-rdmsensor/lib_gd32/librdmsensor.a(rdmsensors.o)
                0x0000000008002204                RDMSensors::RDMSensors()
                0x0000000008002204                RDMSensors::RDMSensors()
 .text._ZN14RDMSensorBH17010InitializeEv
                0x0000000008002260        0x6 ../lib-rdmsensor/lib_gd32/librdmsensor.a(rdmsensorsparams.o)
                0x0000000008002260                RDMSensorBH170::Initialize()
 .text._ZN16RDMSensorMCP980810InitializeEv
                0x0000000008002266        0x6 ../lib-rdmsensor/lib_gd32/librdmsensor.a(rdmsensorsparams.o)
                0x0000000008002266                RDMSensorMCP9808::Initialize()
 .text._ZN23RDMSensorHTU21DHumidity10InitializeEv
                0x000000000800226c        0x6 ../lib-rdmsensor/lib_gd32/librdmsensor.a(rdmsensorsparams.o)
                0x000000000800226c                RDMSensorHTU21DHumidity::Initialize()
 .text._ZN26RDMSensorHTU21DTemperature10InitializeEv
                0x0000000008002272        0x6 ../lib-rdmsensor/lib_gd32/librdmsensor.a(rdmsensorsparams.o)
                0x0000000008002272                RDMSensorHTU21DTemperature::Initialize()
 .text._ZN22RDMSensorINA219Current10InitializeEv
                0x0000000008002278        0x6 ../lib-rdmsensor/lib_gd32/librdmsensor.a(rdmsensorsparams.o)
                0x0000000008002278                RDMSensorINA219Current::Initialize()
 .text._ZN20RDMSensorINA219Power10InitializeEv
                0x000000000800227e        0x6 ../lib-rdmsensor/lib_gd32/librdmsensor.a(rdmsensorsparams.o)
                0x000000000800227e                RDMSensorINA219Power::Initialize()
 .text._ZN22RDMSensorINA219Voltage10InitializeEv
                0x0000000008002284        0x6 ../lib-rdmsensor/lib_gd32/librdmsensor.a(rdmsensorsparams.o)
                0x0000000008002284                RDMSensorINA219Voltage::Initialize()
 .text._ZN23RDMSensorSI7021Humidity10InitializeEv
                0x000000000800228a        0x6 ../lib-rdmsensor/lib_gd32/librdmsensor.a(rdmsensorsparams.o)
                0x000000000800228a                RDMSensorSI7021Humidity::Initialize()
 .text._ZN26RDMSensorSI7021Temperature10InitializeEv
                0x0000000008002290        0x6 ../lib-rdmsensor/lib_gd32/librdmsensor.a(rdmsensorsparams.o)
                0x0000000008002290                RDMSensorSI7021Temperature::Initialize()
 .text._ZN19RDMSensorThermistor10InitializeEv
                0x0000000008002296        0x6 ../lib-rdmsensor/lib_gd32/librdmsensor.a(rdmsensorsparams.o)
                0x0000000008002296                RDMSensorThermistor::Initialize()
 *fill*         0x000000000800229c        0x4 
 .text._ZN19RDMSensorThermistor8GetValueEv
                0x00000000080022a0       0xb4 ../lib-rdmsensor/lib_gd32/librdmsensor.a(rdmsensorsparams.o)
                0x00000000080022a0                RDMSensorThermistor::GetValue()
 .text._ZN26RDMSensorSI7021Temperature8GetValueEv
                0x0000000008002354       0x14 ../lib-rdmsensor/lib_gd32/librdmsensor.a(rdmsensorsparams.o)
                0x0000000008002354                RDMSensorSI7021Temperature::GetValue()
 .text._ZN23RDMSensorSI7021Humidity8GetValueEv
                0x0000000008002368       0x14 ../lib-rdmsensor/lib_gd32/librdmsensor.a(rdmsensorsparams.o)
                0x0000000008002368                RDMSensorSI7021Humidity::GetValue()
 .text._ZN22RDMSensorINA219Voltage8GetValueEv
                0x000000000800237c       0x20 ../lib-rdmsensor/lib_gd32/librdmsensor.a(rdmsensorsparams.o)
                0x000000000800237c                RDMSensorINA219Voltage::GetValue()
 .text._ZN20RDMSensorINA219Power8GetValueEv
                0x000000000800239c       0x14 ../lib-rdmsensor/lib_gd32/librdmsensor.a(rdmsensorsparams.o)
                0x000000000800239c                RDMSensorINA219Power::GetValue()
 .text._ZN22RDMSensorINA219Current8GetValueEv
                0x00000000080023b0       0x20 ../lib-rdmsensor/lib_gd32/librdmsensor.a(rdmsensorsparams.o)
                0x00000000080023b0                RDMSensorINA219Current::GetValue()
 .text._ZN26RDMSensorHTU21DTemperature8GetValueEv
                0x00000000080023d0       0x14 ../lib-rdmsensor/lib_gd32/librdmsensor.a(rdmsensorsparams.o)
                0x00000000080023d0                RDMSensorHTU21DTemperature::GetValue()
 .text._ZN23RDMSensorHTU21DHumidity8GetValueEv
                0x00000000080023e4       0x14 ../lib-rdmsensor/lib_gd32/librdmsensor.a(rdmsensorsparams.o)
                0x00000000080023e4                RDMSensorHTU21DHumidity::GetValue()
 .text._ZN16RDMSensorMCP98088GetValueEv
                0x00000000080023f8       0x14 ../lib-rdmsensor/lib_gd32/librdmsensor.a(rdmsensorsparams.o)
                0x00000000080023f8                RDMSensorMCP9808::GetValue()
 .text._ZN14RDMSensorBH1708GetValueEv
                0x000000000800240c        0xe ../lib-rdmsensor/lib_gd32/librdmsensor.a(rdmsensorsparams.o)
                0x000000000800240c                RDMSensorBH170::GetValue()
 .text._ZN19RDMSensorThermistorD2Ev
                0x000000000800241a        0x2 ../lib-rdmsensor/lib_gd32/librdmsensor.a(rdmsensorsparams.o)
                0x000000000800241a                RDMSensorThermistor::~RDMSensorThermistor()
                0x000000000800241a                RDMSensorThermistor::~RDMSensorThermistor()
 .text._ZN19RDMSensorThermistorD0Ev
                0x000000000800241c        0xc ../lib-rdmsensor/lib_gd32/librdmsensor.a(rdmsensorsparams.o)
                0x000000000800241c                RDMSensorThermistor::~RDMSensorThermistor()
 .text._ZN26RDMSensorSI7021TemperatureD2Ev
                0x0000000008002428        0x2 ../lib-rdmsensor/lib_gd32/librdmsensor.a(rdmsensorsparams.o)
                0x0000000008002428                RDMSensorSI7021Temperature::~RDMSensorSI7021Temperature()
                0x0000000008002428                RDMSensorSI7021Temperature::~RDMSensorSI7021Temperature()
 .text._ZN26RDMSensorSI7021TemperatureD0Ev
                0x000000000800242a        0xc ../lib-rdmsensor/lib_gd32/librdmsensor.a(rdmsensorsparams.o)
                0x000000000800242a                RDMSensorSI7021Temperature::~RDMSensorSI7021Temperature()
 .text._ZN23RDMSensorSI7021HumidityD2Ev
                0x0000000008002436        0x2 ../lib-rdmsensor/lib_gd32/librdmsensor.a(rdmsensorsparams.o)
                0x0000000008002436                RDMSensorSI7021Humidity::~RDMSensorSI7021Humidity()
                0x0000000008002436                RDMSensorSI7021Humidity::~RDMSensorSI7021Humidity()
 .text._ZN23RDMSensorSI7021HumidityD0Ev
                0x0000000008002438        0xc ../lib-rdmsensor/lib_gd32/librdmsensor.a(rdmsensorsparams.o)
                0x0000000008002438                RDMSensorSI7021Humidity::~RDMSensorSI7021Humidity()
 .text._ZN22RDMSensorINA219VoltageD2Ev
                0x0000000008002444        0x2 ../lib-rdmsensor/lib_gd32/librdmsensor.a(rdmsensorsparams.o)
                0x0000000008002444                RDMSensorINA219Voltage::~RDMSensorINA219Voltage()
                0x0000000008002444                RDMSensorINA219Voltage::~RDMSensorINA219Voltage()
 .text._ZN22RDMSensorINA219VoltageD0Ev
                0x0000000008002446        0xc ../lib-rdmsensor/lib_gd32/librdmsensor.a(rdmsensorsparams.o)
                0x0000000008002446                RDMSensorINA219Voltage::~RDMSensorINA219Voltage()
 .text._ZN20RDMSensorINA219PowerD2Ev
                0x0000000008002452        0x2 ../lib-rdmsensor/lib_gd32/librdmsensor.a(rdmsensorsparams.o)
                0x0000000008002452                RDMSensorINA219Power::~RDMSensorINA219Power()
                0x0000000008002452                RDMSensorINA219Power::~RDMSensorINA219Power()
 .text._ZN20RDMSensorINA219PowerD0Ev
                0x0000000008002454        0xc ../lib-rdmsensor/lib_gd32/librdmsensor.a(rdmsensorsparams.o)
                0x0000000008002454                RDMSensorINA219Power::~RDMSensorINA219Power()
 .text._ZN22RDMSensorINA219CurrentD2Ev
                0x0000000008002460        0x2 ../lib-rdmsensor/lib_gd32/librdmsensor.a(rdmsensorsparams.o)
                0x0000000008002460                RDMSensorINA219Current::~RDMSensorINA219Current()
                0x0000000008002460                RDMSensorINA219Current::~RDMSensorINA219Current()
 .text._ZN22RDMSensorINA219CurrentD0Ev
                0x0000000008002462        0xc ../lib-rdmsensor/lib_gd32/librdmsensor.a(rdmsensorsparams.o)
                0x0000000008002462                RDMSensorINA219Current::~RDMSensorINA219Current()
 .text._ZN26RDMSensorHTU21DTemperatureD2Ev
                0x000000000800246e        0x2 ../lib-rdmsensor/lib_gd32/librdmsensor.a(rdmsensorsparams.o)
                0x000000000800246e                RDMSensorHTU21DTemperature::~RDMSensorHTU21DTemperature()
                0x000000000800246e                RDMSensorHTU21DTemperature::~RDMSensorHTU21DTemperature()
 .text._ZN26RDMSensorHTU21DTemperatureD0Ev
                0x0000000008002470        0xc ../lib-rdmsensor/lib_gd32/librdmsensor.a(rdmsensorsparams.o)
                0x0000000008002470                RDMSensorHTU21DTemperature::~RDMSensorHTU21DTemperature()
 .text._ZN23RDMSensorHTU21DHumidityD2Ev
                0x000000000800247c        0x2 ../lib-rdmsensor/lib_gd32/librdmsensor.a(rdmsensorsparams.o)
                0x000000000800247c                RDMSensorHTU21DHumidity::~RDMSensorHTU21DHumidity()
                0x000000000800247c                RDMSensorHTU21DHumidity::~RDMSensorHTU21DHumidity()
 .text._ZN23RDMSensorHTU21DHumidityD0Ev
                0x000000000800247e        0xc ../lib-rdmsensor/lib_gd32/librdmsensor.a(rdmsensorsparams.o)
                0x000000000800247e                RDMSensorHTU21DHumidity::~RDMSensorHTU21DHumidity()
 .text._ZN16RDMSensorMCP9808D2Ev
                0x000000000800248a        0x2 ../lib-rdmsensor/lib_gd32/librdmsensor.a(rdmsensorsparams.o)
                0x000000000800248a                RDMSensorMCP9808::~RDMSensorMCP9808()
                0x000000000800248a                RDMSensorMCP9808::~RDMSensorMCP9808()
 .text._ZN16RDMSensorMCP9808D0Ev
                0x000000000800248c        0xc ../lib-rdmsensor/lib_gd32/librdmsensor.a(rdmsensorsparams.o)
                0x000000000800248c                RDMSensorMCP9808::~RDMSensorMCP9808()
 .text._ZN14RDMSensorBH170D2Ev
                0x0000000008002498        0x2 ../lib-rdmsensor/lib_gd32/librdmsensor.a(rdmsensorsparams.o)
                0x0000000008002498                RDMSensorBH170::~RDMSensorBH170()
                0x0000000008002498                RDMSensorBH170::~RDMSensorBH170()
 .text._ZN14RDMSensorBH170D0Ev
                0x000000000800249a        0xc ../lib-rdmsensor/lib_gd32/librdmsensor.a(rdmsensorsparams.o)
                0x000000000800249a                RDMSensorBH170::~RDMSensorBH170()
 *fill*         0x00000000080024a6        0x2 
 .text._ZN19RDMSensorThermistorC2EhhhlP14RDMSensorStore
                0x00000000080024a8       0x50 ../lib-rdmsensor/lib_gd32/librdmsensor.a(rdmsensorsparams.o)
                0x00000000080024a8                RDMSensorThermistor::RDMSensorThermistor(unsigned char, unsigned char, unsigned char, long, RDMSensorStore*)
                0x00000000080024a8                RDMSensorThermistor::RDMSensorThermistor(unsigned char, unsigned char, unsigned char, long, RDMSensorStore*)
 .text._ZN16RDMSensorsParamsC2EP21RDMSensorsParamsStore
                0x00000000080024f8       0x14 ../lib-rdmsensor/lib_gd32/librdmsensor.a(rdmsensorsparams.o)
                0x00000000080024f8                RDMSensorsParams::RDMSensorsParams(RDMSensorsParamsStore*)
                0x00000000080024f8                RDMSensorsParams::RDMSensorsParams(RDMSensorsParamsStore*)
 .text._ZN16RDMSensorsParams4LoadEv
                0x000000000800250c       0x2c ../lib-rdmsensor/lib_gd32/librdmsensor.a(rdmsensorsparams.o)
                0x000000000800250c                RDMSensorsParams::Load()
 .text._ZN16RDMSensorsParams4DumpEv
                0x0000000008002538        0x2 ../lib-rdmsensor/lib_gd32/librdmsensor.a(rdmsensorsparams.o)
                0x0000000008002538                RDMSensorsParams::Dump()
 *fill*         0x000000000800253a        0x2 
 .text._ZN16RDMSensorsParams3AddEP9RDMSensor
                0x000000000800253c       0x2c ../lib-rdmsensor/lib_gd32/librdmsensor.a(rdmsensorsparams.o)
                0x000000000800253c                RDMSensorsParams::Add(RDMSensor*)
 .text._ZN16RDMSensorsParams3SetEP14RDMSensorStore
                0x0000000008002568      0x3bc ../lib-rdmsensor/lib_gd32/librdmsensor.a(rdmsensorsparams.o)
                0x0000000008002568                RDMSensorsParams::Set(RDMSensorStore*)
 .text._ZN9RDMSensorC2Eh
                0x0000000008002924       0x24 ../lib-rdmsensor/lib_gd32/librdmsensor.a(rdmsensor.o)
                0x0000000008002924                RDMSensor::RDMSensor(unsigned char)
                0x0000000008002924                RDMSensor::RDMSensor(unsigned char)
 .text._ZN9RDMSensor14SetDescriptionEPKc
                0x0000000008002948       0x1c ../lib-rdmsensor/lib_gd32/librdmsensor.a(rdmsensor.o)
                0x0000000008002948                RDMSensor::SetDescription(char const*)
 .text._ZN9RDMSensor9GetValuesEv
                0x0000000008002964       0x2a ../lib-rdmsensor/lib_gd32/librdmsensor.a(rdmsensor.o)
                0x0000000008002964                RDMSensor::GetValues()
 .text._ZN9RDMSensor9SetValuesEv
                0x000000000800298e       0x14 ../lib-rdmsensor/lib_gd32/librdmsensor.a(rdmsensor.o)
                0x000000000800298e                RDMSensor::SetValues()
 .text._ZN9RDMSensor6RecordEv
                0x00000000080029a2       0x28 ../lib-rdmsensor/lib_gd32/librdmsensor.a(rdmsensor.o)
                0x00000000080029a2                RDMSensor::Record()
 .text._ZN7HAL_I2C5WriteEh
                0x00000000080029ca       0x22 ../lib-device/lib_gd32/libdevice.a(bh1750.o)
                0x00000000080029ca                HAL_I2C::Write(unsigned char)
 .text._ZN6sensor5BH170C2Eh
                0x00000000080029ec       0x68 ../lib-device/lib_gd32/libdevice.a(bh1750.o)
                0x00000000080029ec                sensor::BH170::BH170(unsigned char)
                0x00000000080029ec                sensor::BH170::BH170(unsigned char)
 .text._ZN6sensor5BH1703GetEv
                0x0000000008002a54       0x48 ../lib-device/lib_gd32/libdevice.a(bh1750.o)
                0x0000000008002a54                sensor::BH170::Get()
 .text._ZN6sensor6HTU21DC2Eh
                0x0000000008002a9c       0x54 ../lib-device/lib_gd32/libdevice.a(htu21d.o)
                0x0000000008002a9c                sensor::HTU21D::HTU21D(unsigned char)
                0x0000000008002a9c                sensor::HTU21D::HTU21D(unsigned char)
 .text._ZN6sensor6HTU21D7ReadRawEh
                0x0000000008002af0       0x70 ../lib-device/lib_gd32/libdevice.a(htu21d.o)
                0x0000000008002af0                sensor::HTU21D::ReadRaw(unsigned char)
 .text._ZN6sensor6HTU21D14GetTemperatureEv
                0x0000000008002b60       0x28 ../lib-device/lib_gd32/libdevice.a(htu21d.o)
                0x0000000008002b60                sensor::HTU21D::GetTemperature()
 .text._ZN6sensor6HTU21D11GetHumidityEv
                0x0000000008002b88       0x24 ../lib-device/lib_gd32/libdevice.a(htu21d.o)
                0x0000000008002b88                sensor::HTU21D::GetHumidity()
 .text._ZN7HAL_I2C13WriteRegisterEht
                0x0000000008002bac       0x2a ../lib-device/lib_gd32/libdevice.a(ina219.o)
                0x0000000008002bac                HAL_I2C::WriteRegister(unsigned char, unsigned short)
 .text._ZN7HAL_I2C21ReadRegister16DelayUsEhm
                0x0000000008002bd6       0x40 ../lib-device/lib_gd32/libdevice.a(ina219.o)
                0x0000000008002bd6                HAL_I2C::ReadRegister16DelayUs(unsigned char, unsigned long)
 *fill*         0x0000000008002c16        0x2 
 .text._ZN6sensor6INA2199ConfigureERNS_6ina2196ConfigE
                0x0000000008002c18       0x6c ../lib-device/lib_gd32/libdevice.a(ina219.o)
                0x0000000008002c18                sensor::INA219::Configure(sensor::ina219::Config&)
 .text._ZN6sensor6INA2199CalibrateEff
                0x0000000008002c84       0x98 ../lib-device/lib_gd32/libdevice.a(ina219.o)
                0x0000000008002c84                sensor::INA219::Calibrate(float, float)
 .text._ZN6sensor6INA219C2Eh
                0x0000000008002d1c       0x84 ../lib-device/lib_gd32/libdevice.a(ina219.o)
                0x0000000008002d1c                sensor::INA219::INA219(unsigned char)
                0x0000000008002d1c                sensor::INA219::INA219(unsigned char)
 .text._ZN6sensor6INA21915GetShuntCurrentEv
                0x0000000008002da0       0x20 ../lib-device/lib_gd32/libdevice.a(ina219.o)
                0x0000000008002da0                sensor::INA219::GetShuntCurrent()
 .text._ZN6sensor6INA21916GetBusVoltageRawEv
                0x0000000008002dc0       0x16 ../lib-device/lib_gd32/libdevice.a(ina219.o)
                0x0000000008002dc0                sensor::INA219::GetBusVoltageRaw()
 *fill*         0x0000000008002dd6        0x2 
 .text._ZN6sensor6INA21913GetBusVoltageEv
                0x0000000008002dd8       0x1c ../lib-device/lib_gd32/libdevice.a(ina219.o)
                0x0000000008002dd8                sensor::INA219::GetBusVoltage()
 .text._ZN6sensor6INA21911GetBusPowerEv
                0x0000000008002df4       0x20 ../lib-device/lib_gd32/libdevice.a(ina219.o)
                0x0000000008002df4                sensor::INA219::GetBusPower()
 *fill*         0x0000000008002e14        0x4 
 .text._ZN7MCP342413SetResolutionEN3adc7mcp342410ResolutionE
                0x0000000008002e18       0x68 ../lib-device/lib_gd32/libdevice.a(mcp3424.o)
                0x0000000008002e18                MCP3424::SetResolution(adc::mcp3424::Resolution)
 .text._ZN7MCP3424C2Eh
                0x0000000008002e80       0x74 ../lib-device/lib_gd32/libdevice.a(mcp3424.o)
                0x0000000008002e80                MCP3424::MCP3424(unsigned char)
                0x0000000008002e80                MCP3424::MCP3424(unsigned char)
 .text._ZN7MCP34246GetRawEm
                0x0000000008002ef4       0xb8 ../lib-device/lib_gd32/libdevice.a(mcp3424.o)
                0x0000000008002ef4                MCP3424::GetRaw(unsigned long)
 .text._ZN7MCP342410GetVoltageEm
                0x0000000008002fac       0x22 ../lib-device/lib_gd32/libdevice.a(mcp3424.o)
                0x0000000008002fac                MCP3424::GetVoltage(unsigned long)
 .text._ZN7HAL_I2C14ReadRegister16Eh
                0x0000000008002fce       0x42 ../lib-device/lib_gd32/libdevice.a(mcp9808.o)
                0x0000000008002fce                HAL_I2C::ReadRegister16(unsigned char)
 .text._ZN6sensor7MCP9808C2Eh
                0x0000000008003010       0x7c ../lib-device/lib_gd32/libdevice.a(mcp9808.o)
                0x0000000008003010                sensor::MCP9808::MCP9808(unsigned char)
                0x0000000008003010                sensor::MCP9808::MCP9808(unsigned char)
 .text._ZN6sensor7MCP98083GetEv
                0x000000000800308c       0x28 ../lib-device/lib_gd32/libdevice.a(mcp9808.o)
                0x000000000800308c                sensor::MCP9808::Get()
 .text._ZN6sensor6SI7021C2Eh
                0x00000000080030b4       0x54 ../lib-device/lib_gd32/libdevice.a(si7021.o)
                0x00000000080030b4                sensor::SI7021::SI7021(unsigned char)
                0x00000000080030b4                sensor::SI7021::SI7021(unsigned char)
 .text._ZN6sensor6SI70217ReadRawEh
                0x0000000008003108       0x70 ../lib-device/lib_gd32/libdevice.a(si7021.o)
                0x0000000008003108                sensor::SI7021::ReadRaw(unsigned char)
 .text._ZN6sensor6SI702114GetTemperatureEv
                0x0000000008003178       0x28 ../lib-device/lib_gd32/libdevice.a(si7021.o)
                0x0000000008003178                sensor::SI7021::GetTemperature()
 .text._ZN6sensor6SI702111GetHumidityEv
                0x00000000080031a0       0x24 ../lib-device/lib_gd32/libdevice.a(si7021.o)
                0x00000000080031a0                sensor::SI7021::GetHumidity()
 .text._ZN13RDMSubDevicesC2Ev
                0x00000000080031c4       0x10 ../lib-rdmsubdevice/lib_gd32/librdmsubdevice.a(rdmsubdevices.o)
                0x00000000080031c4                RDMSubDevices::RDMSubDevices()
                0x00000000080031c4                RDMSubDevices::RDMSubDevices()
 .text._ZN13RDMSubDevicesD2Ev
                0x00000000080031d4       0x30 ../lib-rdmsubdevice/lib_gd32/librdmsubdevice.a(rdmsubdevices.o)
                0x00000000080031d4                RDMSubDevices::~RDMSubDevices()
                0x00000000080031d4                RDMSubDevices::~RDMSubDevices()
 .text._ZN13RDMSubDevices7GetInfoEt
                0x0000000008003204       0x10 ../lib-rdmsubdevice/lib_gd32/librdmsubdevice.a(rdmsubdevices.o)
                0x0000000008003204                RDMSubDevices::GetInfo(unsigned short)
 .text._ZN13RDMSubDevices8GetLabelEtP18TRDMDeviceInfoData
                0x0000000008003214       0x12 ../lib-rdmsubdevice/lib_gd32/librdmsubdevice.a(rdmsubdevices.o)
                0x0000000008003214                RDMSubDevices::GetLabel(unsigned short, TRDMDeviceInfoData*)
 .text._ZN13RDMSubDevices8SetLabelEtPKch
                0x0000000008003226       0x1c ../lib-rdmsubdevice/lib_gd32/librdmsubdevice.a(rdmsubdevices.o)
                0x0000000008003226                RDMSubDevices::SetLabel(unsigned short, char const*, unsigned char)
 .text._ZN13RDMSubDevices18GetDmxStartAddressEt
                0x0000000008003242       0x10 ../lib-rdmsubdevice/lib_gd32/librdmsubdevice.a(rdmsubdevices.o)
                0x0000000008003242                RDMSubDevices::GetDmxStartAddress(unsigned short)
 .text._ZN13RDMSubDevices18SetDmxStartAddressEtt
                0x0000000008003252       0x12 ../lib-rdmsubdevice/lib_gd32/librdmsubdevice.a(rdmsubdevices.o)
                0x0000000008003252                RDMSubDevices::SetDmxStartAddress(unsigned short, unsigned short)
 .text._ZN13RDMSubDevices15GetDmxFootPrintEt
                0x0000000008003264       0x10 ../lib-rdmsubdevice/lib_gd32/librdmsubdevice.a(rdmsubdevices.o)
                0x0000000008003264                RDMSubDevices::GetDmxFootPrint(unsigned short)
 .text._ZN13RDMSubDevices21GetPersonalityCurrentEt
                0x0000000008003274       0x10 ../lib-rdmsubdevice/lib_gd32/librdmsubdevice.a(rdmsubdevices.o)
                0x0000000008003274                RDMSubDevices::GetPersonalityCurrent(unsigned short)
 .text._ZN13RDMSubDevices21SetPersonalityCurrentEth
                0x0000000008003284       0x12 ../lib-rdmsubdevice/lib_gd32/librdmsubdevice.a(rdmsubdevices.o)
                0x0000000008003284                RDMSubDevices::SetPersonalityCurrent(unsigned short, unsigned char)
 .text._ZN13RDMSubDevices19GetPersonalityCountEt
                0x0000000008003296       0x10 ../lib-rdmsubdevice/lib_gd32/librdmsubdevice.a(rdmsubdevices.o)
                0x0000000008003296                RDMSubDevices::GetPersonalityCount(unsigned short)
 .text._ZN13RDMSubDevices14GetPersonalityEth
                0x00000000080032a6       0x12 ../lib-rdmsubdevice/lib_gd32/librdmsubdevice.a(rdmsubdevices.o)
                0x00000000080032a6                RDMSubDevices::GetPersonality(unsigned short, unsigned char)
 .text._ZN13RDMSubDevices5StartEv
                0x00000000080032b8       0x20 ../lib-rdmsubdevice/lib_gd32/librdmsubdevice.a(rdmsubdevices.o)
                0x00000000080032b8                RDMSubDevices::Start()
 .text._ZN13RDMSubDevices4StopEv
                0x00000000080032d8       0x20 ../lib-rdmsubdevice/lib_gd32/librdmsubdevice.a(rdmsubdevices.o)
                0x00000000080032d8                RDMSubDevices::Stop()
 .text._ZN13RDMSubDevices7SetDataEPKhm
                0x00000000080032f8       0x36 ../lib-rdmsubdevice/lib_gd32/librdmsubdevice.a(rdmsubdevices.o)
                0x00000000080032f8                RDMSubDevices::SetData(unsigned char const*, unsigned long)
 .text._ZN13RDMSubDevices18GetFactoryDefaultsEv
                0x000000000800332e       0x26 ../lib-rdmsubdevice/lib_gd32/librdmsubdevice.a(rdmsubdevices.o)
                0x000000000800332e                RDMSubDevices::GetFactoryDefaults()
 .text._ZN13RDMSubDevices18SetFactoryDefaultsEv
                0x0000000008003354       0x1e ../lib-rdmsubdevice/lib_gd32/librdmsubdevice.a(rdmsubdevices.o)
                0x0000000008003354                RDMSubDevices::SetFactoryDefaults()
 .text._ZN12RDMSubDevice18SetDmxStartAddressEt
                0x0000000008003372        0xa ../lib-rdmsubdevice/lib_gd32/librdmsubdevice.a(rdmsubdevice.o)
                0x0000000008003372                RDMSubDevice::SetDmxStartAddress(unsigned short)
 .text._ZN12RDMSubDevice14GetPersonalityEh
                0x000000000800337c        0xe ../lib-rdmsubdevice/lib_gd32/librdmsubdevice.a(rdmsubdevice.o)
                0x000000000800337c                RDMSubDevice::GetPersonality(unsigned char)
 .text._ZN12RDMSubDevice8GetLabelEP18TRDMDeviceInfoData
                0x000000000800338a        0xe ../lib-rdmsubdevice/lib_gd32/librdmsubdevice.a(rdmsubdevice.o)
                0x000000000800338a                RDMSubDevice::GetLabel(TRDMDeviceInfoData*)
 .text._ZN12RDMSubDevice8SetLabelEPKc
                0x0000000008003398       0x1c ../lib-rdmsubdevice/lib_gd32/librdmsubdevice.a(rdmsubdevice.o)
                0x0000000008003398                RDMSubDevice::SetLabel(char const*)
 .text._ZN12RDMSubDevice8SetLabelEPKch
                0x00000000080033b4       0x1e ../lib-rdmsubdevice/lib_gd32/librdmsubdevice.a(rdmsubdevice.o)
                0x00000000080033b4                RDMSubDevice::SetLabel(char const*, unsigned char)
 .text._ZN12RDMSubDevice21SetPersonalityCurrentEh
                0x00000000080033d2        0x4 ../lib-rdmsubdevice/lib_gd32/librdmsubdevice.a(rdmsubdevice.o)
                0x00000000080033d2                RDMSubDevice::SetPersonalityCurrent(unsigned char)
 .text._ZN12RDMSubDevice18SetFactoryDefaultsEv
                0x00000000080033d6       0x1c ../lib-rdmsubdevice/lib_gd32/librdmsubdevice.a(rdmsubdevice.o)
                0x00000000080033d6                RDMSubDevice::SetFactoryDefaults()
 .text._ZN12RDMSubDevice17CalculateChecksumEv
                0x00000000080033f2       0x30 ../lib-rdmsubdevice/lib_gd32/librdmsubdevice.a(rdmsubdevice.o)
                0x00000000080033f2                RDMSubDevice::CalculateChecksum()
 .text._ZN12RDMSubDevice18GetFactoryDefaultsEv
                0x0000000008003422       0x1a ../lib-rdmsubdevice/lib_gd32/librdmsubdevice.a(rdmsubdevice.o)
                0x0000000008003422                RDMSubDevice::GetFactoryDefaults()
 .text._ZN3Rdm7ReceiveEm
                0x000000000800343c       0x10 ../lib-dmx/lib_gd32/libdmx.a(rdm.o)
                0x000000000800343c                Rdm::Receive(unsigned long)
 .text._ZN3Rdm7SendRawEmPKhm
                0x000000000800344c       0x40 ../lib-dmx/lib_gd32/libdmx.a(rdm.o)
                0x000000000800344c                Rdm::SendRaw(unsigned long, unsigned char const*, unsigned long)
 .text.USART2_IRQHandler
                0x000000000800348c      0x1ec ../lib-dmx/lib_gd32/libdmx.a(dmx.o)
                0x000000000800348c                USART2_IRQHandler
 .text.TIMER1_IRQHandler
                0x0000000008003678       0xcc ../lib-dmx/lib_gd32/libdmx.a(dmx.o)
                0x0000000008003678                TIMER1_IRQHandler
 .text.TIMER4_IRQHandler
                0x0000000008003744        0x4 ../lib-dmx/lib_gd32/libdmx.a(dmx.o)
                0x0000000008003744                TIMER4_IRQHandler
 .text.TIMER2_IRQHandler
                0x0000000008003748       0x54 ../lib-dmx/lib_gd32/libdmx.a(dmx.o)
                0x0000000008003748                TIMER2_IRQHandler
 .text.TIMER3_IRQHandler
                0x000000000800379c       0x14 ../lib-dmx/lib_gd32/libdmx.a(dmx.o)
                0x000000000800379c                TIMER3_IRQHandler
 .text.TIMER6_IRQHandler
                0x00000000080037b0       0x24 ../lib-dmx/lib_gd32/libdmx.a(dmx.o)
                0x00000000080037b0                TIMER6_IRQHandler
 .text.DMA0_Channel1_IRQHandler
                0x00000000080037d4       0x64 ../lib-dmx/lib_gd32/libdmx.a(dmx.o)
                0x00000000080037d4                DMA0_Channel1_IRQHandler
 .text._ZN3DmxC2Ev
                0x0000000008003838      0x2ac ../lib-dmx/lib_gd32/libdmx.a(dmx.o)
                0x0000000008003838                Dmx::Dmx()
                0x0000000008003838                Dmx::Dmx()
 .text._ZN3Dmx16SetPortDirectionEmN3dmx13PortDirectionEb
                0x0000000008003ae4      0x1e8 ../lib-dmx/lib_gd32/libdmx.a(dmx.o)
                0x0000000008003ae4                Dmx::SetPortDirection(unsigned long, dmx::PortDirection, bool)
 .text._ZN3Dmx15GetDmxAvailableEm
                0x0000000008003ccc       0x34 ../lib-dmx/lib_gd32/libdmx.a(dmx.o)
                0x0000000008003ccc                Dmx::GetDmxAvailable(unsigned long)
 .text._ZN3Dmx22GetDmxUpdatesPerSecondEm
                0x0000000008003d00        0xc ../lib-dmx/lib_gd32/libdmx.a(dmx.o)
                0x0000000008003d00                Dmx::GetDmxUpdatesPerSecond(unsigned long)
 .text._ZN3Dmx10RdmSendRawEmPKhm
                0x0000000008003d0c       0x90 ../lib-dmx/lib_gd32/libdmx.a(dmx.o)
                0x0000000008003d0c                Dmx::RdmSendRaw(unsigned long, unsigned char const*, unsigned long)
 .text._ZN3Dmx10RdmReceiveEm
                0x0000000008003d9c       0x24 ../lib-dmx/lib_gd32/libdmx.a(dmx.o)
                0x0000000008003d9c                Dmx::RdmReceive(unsigned long)
 .text._ZN3Rdm21SendRawRespondMessageEmPKhm
                0x0000000008003dc0       0x28 ../lib-dmx/lib_gd32/libdmx.a(rdm.o)
                0x0000000008003dc0                Rdm::SendRawRespondMessage(unsigned long, unsigned char const*, unsigned long)
 .text._ZN3Rdm27SendDiscoveryRespondMessageEmPKhm
                0x0000000008003de8       0x84 ../lib-dmx/lib_gd32/libdmx.a(rdm.o)
                0x0000000008003de8                Rdm::SendDiscoveryRespondMessage(unsigned long, unsigned char const*, unsigned long)
 .text._ZN15RDMDeviceParamsC2EP20RDMDeviceParamsStore
                0x0000000008003e6c       0x2a ../lib-rdm/lib_gd32/librdm.a(rdmdeviceparams.o)
                0x0000000008003e6c                RDMDeviceParams::RDMDeviceParams(RDMDeviceParamsStore*)
                0x0000000008003e6c                RDMDeviceParams::RDMDeviceParams(RDMDeviceParamsStore*)
 .text._ZN15RDMDeviceParams4LoadEv
                0x0000000008003e96       0x16 ../lib-rdm/lib_gd32/librdm.a(rdmdeviceparams.o)
                0x0000000008003e96                RDMDeviceParams::Load()
 .text._ZN15RDMDeviceParams3SetEP9RDMDevice
                0x0000000008003eac       0x6a ../lib-rdm/lib_gd32/librdm.a(rdmdeviceparams.o)
                0x0000000008003eac                RDMDeviceParams::Set(RDMDevice*)
 .text._ZN15RDMDeviceParams4DumpEv
                0x0000000008003f16        0x2 ../lib-rdm/lib_gd32/librdm.a(rdmdeviceparams.o)
                0x0000000008003f16                RDMDeviceParams::Dump()
 .text._ZN18RDMDeviceResponder17PersonalityUpdateEP8LightSet
                0x0000000008003f18        0x2 ../lib-rdm/lib_gd32/librdm.a(rdmdeviceresponder.o)
                0x0000000008003f18                RDMDeviceResponder::PersonalityUpdate(LightSet*)
 .text._ZN18RDMDeviceResponder21DmxStartAddressUpdateEv
                0x0000000008003f1a        0x2 ../lib-rdm/lib_gd32/librdm.a(rdmdeviceresponder.o)
                0x0000000008003f1a                RDMDeviceResponder::DmxStartAddressUpdate()
 .text._ZN18RDMDeviceResponderD2Ev
                0x0000000008003f1c       0x20 ../lib-rdm/lib_gd32/librdm.a(rdmdeviceresponder.o)
                0x0000000008003f1c                RDMDeviceResponder::~RDMDeviceResponder()
                0x0000000008003f1c                RDMDeviceResponder::~RDMDeviceResponder()
 .text._ZN18RDMDeviceResponderD0Ev
                0x0000000008003f3c       0x12 ../lib-rdm/lib_gd32/librdm.a(rdmdeviceresponder.o)
                0x0000000008003f3c                RDMDeviceResponder::~RDMDeviceResponder()
 *fill*         0x0000000008003f4e        0x2 
 .text._ZN18RDMDeviceResponderC2EPP14RDMPersonalitym
                0x0000000008003f50       0x98 ../lib-rdm/lib_gd32/librdm.a(rdmdeviceresponder.o)
                0x0000000008003f50                RDMDeviceResponder::RDMDeviceResponder(RDMPersonality**, unsigned long)
                0x0000000008003f50                RDMDeviceResponder::RDMDeviceResponder(RDMPersonality**, unsigned long)
 .text._ZN18RDMDeviceResponder4InitEv
                0x0000000008003fe8      0x126 ../lib-rdm/lib_gd32/librdm.a(rdmdeviceresponder.o)
                0x0000000008003fe8                RDMDeviceResponder::Init()
 *fill*         0x000000000800410e        0x2 
 .text._ZN18RDMDeviceResponder5PrintEv
                0x0000000008004110       0x9c ../lib-rdm/lib_gd32/librdm.a(rdmdeviceresponder.o)
                0x0000000008004110                RDMDeviceResponder::Print()
 .text._ZN18RDMDeviceResponder11GetSlotInfoEttRN8lightset8SlotInfoE.part.0
                0x00000000080041ac       0x18 ../lib-rdm/lib_gd32/librdm.a(rdmhandler.o)
 .text.memcpy.isra.0
                0x00000000080041c4       0x14 ../lib-rdm/lib_gd32/librdm.a(rdmhandler.o)
 .text.memcmp   0x00000000080041d8       0x20 ../lib-rdm/lib_gd32/librdm.a(rdmhandler.o)
                0x00000000080041d8                memcmp
 .text._ZN9RDMDevice8SetLabelEPK18TRDMDeviceInfoData
                0x00000000080041f8       0x44 ../lib-rdm/lib_gd32/librdm.a(rdmhandler.o)
                0x00000000080041f8                RDMDevice::SetLabel(TRDMDeviceInfoData const*)
 .text._ZN18RDMDeviceResponder18SetDmxStartAddressEtt
                0x000000000800423c       0x52 ../lib-rdm/lib_gd32/librdm.a(rdmhandler.o)
                0x000000000800423c                RDMDeviceResponder::SetDmxStartAddress(unsigned short, unsigned short)
 .text._ZN18RDMDeviceResponder14GetPersonalityEth
                0x000000000800428e       0x16 ../lib-rdm/lib_gd32/librdm.a(rdmhandler.o)
                0x000000000800428e                RDMDeviceResponder::GetPersonality(unsigned short, unsigned char)
 .text._ZN18RDMDeviceResponder19GetPersonalityCountEt
                0x00000000080042a4        0xe ../lib-rdm/lib_gd32/librdm.a(rdmhandler.o)
                0x00000000080042a4                RDMDeviceResponder::GetPersonalityCount(unsigned short)
 .text._ZN18RDMDeviceResponder21SetPersonalityCurrentEth
                0x00000000080042b2       0x68 ../lib-rdm/lib_gd32/librdm.a(rdmhandler.o)
                0x00000000080042b2                RDMDeviceResponder::SetPersonalityCurrent(unsigned short, unsigned char)
 .text._ZN10RDMHandlerC2Eb
                0x000000000800431a        0xc ../lib-rdm/lib_gd32/librdm.a(rdmhandler.o)
                0x000000000800431a                RDMHandler::RDMHandler(bool)
                0x000000000800431a                RDMHandler::RDMHandler(bool)
 .text._ZN10RDMHandler12HandleStringEPKcm
                0x0000000008004326       0x18 ../lib-rdm/lib_gd32/librdm.a(rdmhandler.o)
                0x0000000008004326                RDMHandler::HandleString(char const*, unsigned long)
 *fill*         0x000000000800433e        0x2 
 .text._ZN10RDMHandler20CreateRespondMessageEht
                0x0000000008004340       0x98 ../lib-rdm/lib_gd32/librdm.a(rdmhandler.o)
                0x0000000008004340                RDMHandler::CreateRespondMessage(unsigned char, unsigned short)
 .text._ZN10RDMHandler17RespondMessageAckEv
                0x00000000080043d8       0x12 ../lib-rdm/lib_gd32/librdm.a(rdmhandler.o)
                0x00000000080043d8                RDMHandler::RespondMessageAck()
 *fill*         0x00000000080043ea        0x2 
 .text._ZN10RDMHandler22GetSupportedParametersEt
                0x00000000080043ec       0x60 ../lib-rdm/lib_gd32/librdm.a(rdmhandler.o)
                0x00000000080043ec                RDMHandler::GetSupportedParameters(unsigned short)
 .text._ZN10RDMHandler13GetDeviceInfoEt
                0x000000000800444c       0x68 ../lib-rdm/lib_gd32/librdm.a(rdmhandler.o)
                0x000000000800444c                RDMHandler::GetDeviceInfo(unsigned short)
 .text._ZN10RDMHandler18GetFactoryDefaultsEt
                0x00000000080044b4       0x80 ../lib-rdm/lib_gd32/librdm.a(rdmhandler.o)
                0x00000000080044b4                RDMHandler::GetFactoryDefaults(unsigned short)
 .text._ZN10RDMHandler22GetProductDetailIdListEt
                0x0000000008004534       0x1c ../lib-rdm/lib_gd32/librdm.a(rdmhandler.o)
                0x0000000008004534                RDMHandler::GetProductDetailIdList(unsigned short)
 .text._ZN10RDMHandler25GetDeviceModelDescriptionEt
                0x0000000008004550       0x1c ../lib-rdm/lib_gd32/librdm.a(rdmhandler.o)
                0x0000000008004550                RDMHandler::GetDeviceModelDescription(unsigned short)
 .text._ZN10RDMHandler14GetDeviceLabelEt
                0x000000000800456c       0x3c ../lib-rdm/lib_gd32/librdm.a(rdmhandler.o)
                0x000000000800456c                RDMHandler::GetDeviceLabel(unsigned short)
 .text._ZN10RDMHandler23GetSoftwareVersionLabelEt
                0x00000000080045a8       0x20 ../lib-rdm/lib_gd32/librdm.a(rdmhandler.o)
                0x00000000080045a8                RDMHandler::GetSoftwareVersionLabel(unsigned short)
 .text._ZN10RDMHandler17GetIdentifyDeviceEt
                0x00000000080045c8       0x14 ../lib-rdm/lib_gd32/librdm.a(rdmhandler.o)
                0x00000000080045c8                RDMHandler::GetIdentifyDevice(unsigned short)
 .text._ZN10RDMHandler11GetLanguageEt
                0x00000000080045dc       0x20 ../lib-rdm/lib_gd32/librdm.a(rdmhandler.o)
                0x00000000080045dc                RDMHandler::GetLanguage(unsigned short)
 .text._ZN10RDMHandler14GetPersonalityEt
                0x00000000080045fc       0x3c ../lib-rdm/lib_gd32/librdm.a(rdmhandler.o)
                0x00000000080045fc                RDMHandler::GetPersonality(unsigned short)
 .text._ZN10RDMHandler18GetDmxStartAddressEt
                0x0000000008004638       0x3c ../lib-rdm/lib_gd32/librdm.a(rdmhandler.o)
                0x0000000008004638                RDMHandler::GetDmxStartAddress(unsigned short)
 .text._ZN10RDMHandler14GetDeviceHoursEt
                0x0000000008004674       0x28 ../lib-rdm/lib_gd32/librdm.a(rdmhandler.o)
                0x0000000008004674                RDMHandler::GetDeviceHours(unsigned short)
 .text._ZN10RDMHandler16GetDisplayInvertEt
                0x000000000800469c       0x18 ../lib-rdm/lib_gd32/librdm.a(rdmhandler.o)
                0x000000000800469c                RDMHandler::GetDisplayInvert(unsigned short)
 .text._ZN10RDMHandler15GetDisplayLevelEt
                0x00000000080046b4       0x18 ../lib-rdm/lib_gd32/librdm.a(rdmhandler.o)
                0x00000000080046b4                RDMHandler::GetDisplayLevel(unsigned short)
 .text._ZN10RDMHandler16GetRealTimeClockEt
                0x00000000080046cc       0x48 ../lib-rdm/lib_gd32/librdm.a(rdmhandler.o)
                0x00000000080046cc                RDMHandler::GetRealTimeClock(unsigned short)
 .text._ZN10RDMHandler13GetPowerStateEt
                0x0000000008004714        0xe ../lib-rdm/lib_gd32/librdm.a(rdmhandler.o)
                0x0000000008004714                RDMHandler::GetPowerState(unsigned short)
 .text._ZN10RDMHandler18GetPerformSelfTestEt
                0x0000000008004722       0x20 ../lib-rdm/lib_gd32/librdm.a(rdmhandler.o)
                0x0000000008004722                RDMHandler::GetPerformSelfTest(unsigned short)
 *fill*         0x0000000008004742        0x2 
 .text._ZN10RDMHandler20GetManufacturerLabelEt
                0x0000000008004744       0x30 ../lib-rdm/lib_gd32/librdm.a(rdmhandler.o)
                0x0000000008004744                RDMHandler::GetManufacturerLabel(unsigned short)
 .text._ZN10RDMHandler27GetBootSoftwareVersionLabelEt
                0x0000000008004774       0x1c ../lib-rdm/lib_gd32/librdm.a(rdmhandler.o)
                0x0000000008004774                RDMHandler::GetBootSoftwareVersionLabel(unsigned short)
 .text._ZN10RDMHandler11GetSlotInfoEt
                0x0000000008004790       0x90 ../lib-rdm/lib_gd32/librdm.a(rdmhandler.o)
                0x0000000008004790                RDMHandler::GetSlotInfo(unsigned short)
 .text._ZN10RDMHandler18RespondMessageNackEt
                0x0000000008004820        0x8 ../lib-rdm/lib_gd32/librdm.a(rdmhandler.o)
                0x0000000008004820                RDMHandler::RespondMessageNack(unsigned short)
 .text._ZN10RDMHandler14SetResetDeviceEbt
                0x0000000008004828       0x48 ../lib-rdm/lib_gd32/librdm.a(rdmhandler.o)
                0x0000000008004828                RDMHandler::SetResetDevice(bool, unsigned short)
 .text._ZN10RDMHandler17SetIdentifyDeviceEbt
                0x0000000008004870       0x7c ../lib-rdm/lib_gd32/librdm.a(rdmhandler.o)
                0x0000000008004870                RDMHandler::SetIdentifyDevice(bool, unsigned short)
 .text._ZN10RDMHandler11SetLanguageEbt
                0x00000000080048ec       0x48 ../lib-rdm/lib_gd32/librdm.a(rdmhandler.o)
                0x00000000080048ec                RDMHandler::SetLanguage(bool, unsigned short)
 .text._ZN10RDMHandler24GetBootSoftwareVersionIdEt
                0x0000000008004934       0x1e ../lib-rdm/lib_gd32/librdm.a(rdmhandler.o)
                0x0000000008004934                RDMHandler::GetBootSoftwareVersionId(unsigned short)
 *fill*         0x0000000008004952        0x2 
 .text._ZN10RDMHandler14SetPersonalityEbt
                0x0000000008004954       0x54 ../lib-rdm/lib_gd32/librdm.a(rdmhandler.o)
                0x0000000008004954                RDMHandler::SetPersonality(bool, unsigned short)
 .text._ZN10RDMHandler25GetPersonalityDescriptionEt
                0x00000000080049a8       0x84 ../lib-rdm/lib_gd32/librdm.a(rdmhandler.o)
                0x00000000080049a8                RDMHandler::GetPersonalityDescription(unsigned short)
 .text._ZN10RDMHandler18SetDmxStartAddressEbt
                0x0000000008004a2c       0x50 ../lib-rdm/lib_gd32/librdm.a(rdmhandler.o)
                0x0000000008004a2c                RDMHandler::SetDmxStartAddress(bool, unsigned short)
 .text._ZN10RDMHandler19GetSensorDefinitionEt
                0x0000000008004a7c       0xa8 ../lib-rdm/lib_gd32/librdm.a(rdmhandler.o)
                0x0000000008004a7c                RDMHandler::GetSensorDefinition(unsigned short)
 .text._ZN10RDMHandler14GetSensorValueEt
                0x0000000008004b24       0x80 ../lib-rdm/lib_gd32/librdm.a(rdmhandler.o)
                0x0000000008004b24                RDMHandler::GetSensorValue(unsigned short)
 .text._ZN10RDMHandler14SetSensorValueEbt
                0x0000000008004ba4       0xb4 ../lib-rdm/lib_gd32/librdm.a(rdmhandler.o)
                0x0000000008004ba4                RDMHandler::SetSensorValue(bool, unsigned short)
 .text._ZN10RDMHandler16SetRecordSensorsEbt
                0x0000000008004c58       0x4c ../lib-rdm/lib_gd32/librdm.a(rdmhandler.o)
                0x0000000008004c58                RDMHandler::SetRecordSensors(bool, unsigned short)
 .text._ZN10RDMHandler14SetDeviceHoursEbt
                0x0000000008004ca4        0x6 ../lib-rdm/lib_gd32/librdm.a(rdmhandler.o)
                0x0000000008004ca4                RDMHandler::SetDeviceHours(bool, unsigned short)
 *fill*         0x0000000008004caa        0x2 
 .text._ZN10RDMHandler16SetDisplayInvertEbt
                0x0000000008004cac       0x4c ../lib-rdm/lib_gd32/librdm.a(rdmhandler.o)
                0x0000000008004cac                RDMHandler::SetDisplayInvert(bool, unsigned short)
 .text._ZN10RDMHandler15SetDisplayLevelEbt
                0x0000000008004cf8       0x48 ../lib-rdm/lib_gd32/librdm.a(rdmhandler.o)
                0x0000000008004cf8                RDMHandler::SetDisplayLevel(bool, unsigned short)
 .text._ZN10RDMHandler16SetRealTimeClockEbt
                0x0000000008004d40       0x68 ../lib-rdm/lib_gd32/librdm.a(rdmhandler.o)
                0x0000000008004d40                RDMHandler::SetRealTimeClock(bool, unsigned short)
 .text._ZN10RDMHandler13SetPowerStateEbt
                0x0000000008004da8       0x2e ../lib-rdm/lib_gd32/librdm.a(rdmhandler.o)
                0x0000000008004da8                RDMHandler::SetPowerState(bool, unsigned short)
 .text._ZN10RDMHandler18SetPerformSelfTestEbt
                0x0000000008004dd6       0x34 ../lib-rdm/lib_gd32/librdm.a(rdmhandler.o)
                0x0000000008004dd6                RDMHandler::SetPerformSelfTest(bool, unsigned short)
 .text._ZN10RDMHandler22GetSelfTestDescriptionEt
                0x0000000008004e0a       0x4e ../lib-rdm/lib_gd32/librdm.a(rdmhandler.o)
                0x0000000008004e0a                RDMHandler::GetSelfTestDescription(unsigned short)
 .text._ZN10RDMHandler18GetSlotDescriptionEt
                0x0000000008004e58       0x78 ../lib-rdm/lib_gd32/librdm.a(rdmhandler.o)
                0x0000000008004e58                RDMHandler::GetSlotDescription(unsigned short)
 .text._ZN10RDMHandler18SetFactoryDefaultsEbt
                0x0000000008004ed0       0xb4 ../lib-rdm/lib_gd32/librdm.a(rdmhandler.o)
                0x0000000008004ed0                RDMHandler::SetFactoryDefaults(bool, unsigned short)
 .text._ZN10RDMHandler14SetDeviceLabelEbt
                0x0000000008004f84       0x58 ../lib-rdm/lib_gd32/librdm.a(rdmhandler.o)
                0x0000000008004f84                RDMHandler::SetDeviceLabel(bool, unsigned short)
 .text._ZN10RDMHandler8HandlersEbhtht
                0x0000000008004fdc       0xc8 ../lib-rdm/lib_gd32/librdm.a(rdmhandler.o)
                0x0000000008004fdc                RDMHandler::Handlers(bool, unsigned char, unsigned short, unsigned char, unsigned short)
 .text._ZN10RDMHandler10HandleDataEPKhPh
                0x00000000080050a4      0x1bc ../lib-rdm/lib_gd32/librdm.a(rdmhandler.o)
                0x00000000080050a4                RDMHandler::HandleData(unsigned char const*, unsigned char*)
 .text._ZN10RDMHandler15GetIdentifyModeEt
                0x0000000008005260       0x14 ../lib-rdm/lib_gd32/librdm.a(rdmhandlere1371.o)
                0x0000000008005260                RDMHandler::GetIdentifyMode(unsigned short)
 .text._ZN10RDMHandler15SetIdentifyModeEbt
                0x0000000008005274       0x60 ../lib-rdm/lib_gd32/librdm.a(rdmhandlere1371.o)
                0x0000000008005274                RDMHandler::SetIdentifyMode(bool, unsigned short)
 .text._ZN11RDMIdentifyC2Ev
                0x00000000080052d4        0xc ../lib-rdm/lib_gd32/librdm.a(rdmidentify.o)
                0x00000000080052d4                RDMIdentify::RDMIdentify()
                0x00000000080052d4                RDMIdentify::RDMIdentify()
 .text.strlen   0x00000000080052e0       0x10 ../lib-rdm/lib_gd32/librdm.a(rdmslotinfo.o)
                0x00000000080052e0                strlen
 .text._ZN11RDMSlotInfo7bsearchEt
                0x00000000080052f0       0x30 ../lib-rdm/lib_gd32/librdm.a(rdmslotinfo.o)
                0x00000000080052f0                RDMSlotInfo::bsearch(unsigned short)
 .text._ZN11RDMSlotInfo15GetCategoryTextEttRm
                0x0000000008005320       0x40 ../lib-rdm/lib_gd32/librdm.a(rdmslotinfo.o)
                0x0000000008005320                RDMSlotInfo::GetCategoryText(unsigned short, unsigned short, unsigned long&)
 .text._ZN9RDMDeviceC2Ev
                0x0000000008005360       0x90 ../lib-rdm/lib_gd32/librdm.a(rdmdevice.o)
                0x0000000008005360                RDMDevice::RDMDevice()
                0x0000000008005360                RDMDevice::RDMDevice()
 .text._ZN9RDMDevice5PrintEv
                0x00000000080053f0       0xa4 ../lib-rdm/lib_gd32/librdm.a(rdmdevice.o)
                0x00000000080053f0                RDMDevice::Print()
 .text._ZN21PixelDmxConfiguration8ValidateEmRmRN21pixeldmxconfiguration8PortInfoE
                0x0000000008005494       0x8a ../lib-ws28xxdmx/lib_gd32/libws28xxdmx.a(pixeldmxconfiguration.o)
                0x0000000008005494                PixelDmxConfiguration::Validate(unsigned long, unsigned long&, pixeldmxconfiguration::PortInfo&)
 *fill*         0x000000000800551e        0x2 
 .text._ZN21PixelDmxConfiguration5PrintEv
                0x0000000008005520       0x30 ../lib-ws28xxdmx/lib_gd32/libws28xxdmx.a(pixeldmxconfiguration.o)
                0x0000000008005520                PixelDmxConfiguration::Print()
 .text._ZN9WS28xxDmx4SyncEm
                0x0000000008005550        0x4 ../lib-ws28xxdmx/lib_gd32/libws28xxdmx.a(ws28xxdmx.o)
                0x0000000008005550                WS28xxDmx::Sync(unsigned long)
 .text._ZN9WS28xxDmx18GetDmxStartAddressEv
                0x0000000008005554        0x8 ../lib-ws28xxdmx/lib_gd32/libws28xxdmx.a(ws28xxdmx.o)
                0x0000000008005554                WS28xxDmx::GetDmxStartAddress()
 .text._ZN9WS28xxDmx15GetDmxFootprintEv
                0x000000000800555c        0x8 ../lib-ws28xxdmx/lib_gd32/libws28xxdmx.a(ws28xxdmx.o)
                0x000000000800555c                WS28xxDmx::GetDmxFootprint()
 .text._ZN9WS28xxDmxD2Ev
                0x0000000008005564       0x20 ../lib-ws28xxdmx/lib_gd32/libws28xxdmx.a(ws28xxdmx.o)
                0x0000000008005564                WS28xxDmx::~WS28xxDmx()
                0x0000000008005564                WS28xxDmx::~WS28xxDmx()
 .text._ZN9WS28xxDmx4SyncEb
                0x0000000008005584        0xc ../lib-ws28xxdmx/lib_gd32/libws28xxdmx.a(ws28xxdmx.o)
                0x0000000008005584                WS28xxDmx::Sync(bool)
 .text._ZN9WS28xxDmx8BlackoutEb
                0x0000000008005590       0x28 ../lib-ws28xxdmx/lib_gd32/libws28xxdmx.a(ws28xxdmx.o)
                0x0000000008005590                WS28xxDmx::Blackout(bool)
 .text._ZN9WS28xxDmx7SetDataEmPKhmb
                0x00000000080055b8      0x6e8 ../lib-ws28xxdmx/lib_gd32/libws28xxdmx.a(ws28xxdmx.o)
                0x00000000080055b8                WS28xxDmx::SetData(unsigned long, unsigned char const*, unsigned long, bool)
 .text._ZN9WS28xxDmx6FullOnEv
                0x0000000008005ca0       0x18 ../lib-ws28xxdmx/lib_gd32/libws28xxdmx.a(ws28xxdmx.o)
                0x0000000008005ca0                WS28xxDmx::FullOn()
 .text._ZN9WS28xxDmx5PrintEv
                0x0000000008005cb8        0x8 ../lib-ws28xxdmx/lib_gd32/libws28xxdmx.a(ws28xxdmx.o)
                0x0000000008005cb8                WS28xxDmx::Print()
 .text._ZN9WS28xxDmx5StartEm
                0x0000000008005cc0       0x1c ../lib-ws28xxdmx/lib_gd32/libws28xxdmx.a(ws28xxdmx.o)
                0x0000000008005cc0                WS28xxDmx::Start(unsigned long)
 .text._ZN9WS28xxDmx4StopEm
                0x0000000008005cdc       0x1c ../lib-ws28xxdmx/lib_gd32/libws28xxdmx.a(ws28xxdmx.o)
                0x0000000008005cdc                WS28xxDmx::Stop(unsigned long)
 .text._ZN9WS28xxDmx18SetDmxStartAddressEt
                0x0000000008005cf8       0x3c ../lib-ws28xxdmx/lib_gd32/libws28xxdmx.a(ws28xxdmx.o)
                0x0000000008005cf8                WS28xxDmx::SetDmxStartAddress(unsigned short)
 .text._ZN9WS28xxDmx11GetSlotInfoEtRN8lightset8SlotInfoE
                0x0000000008005d34       0x50 ../lib-ws28xxdmx/lib_gd32/libws28xxdmx.a(ws28xxdmx.o)
                0x0000000008005d34                WS28xxDmx::GetSlotInfo(unsigned short, lightset::SlotInfo&)
 .text._ZN9WS28xxDmxD0Ev
                0x0000000008005d84       0x28 ../lib-ws28xxdmx/lib_gd32/libws28xxdmx.a(ws28xxdmx.o)
                0x0000000008005d84                WS28xxDmx::~WS28xxDmx()
 .text._ZN9WS28xxDmxC2ER21PixelDmxConfiguration
                0x0000000008005dac       0x7c ../lib-ws28xxdmx/lib_gd32/libws28xxdmx.a(ws28xxdmx.o)
                0x0000000008005dac                WS28xxDmx::WS28xxDmx(PixelDmxConfiguration&)
                0x0000000008005dac                WS28xxDmx::WS28xxDmx(PixelDmxConfiguration&)
 .text._ZN14PixelDmxParamsC2EP19PixelDmxParamsStore
                0x0000000008005e28       0x2c ../lib-ws28xxdmx/lib_gd32/libws28xxdmx.a(pixeldmxparams.o)
                0x0000000008005e28                PixelDmxParams::PixelDmxParams(PixelDmxParamsStore*)
                0x0000000008005e28                PixelDmxParams::PixelDmxParams(PixelDmxParamsStore*)
 .text._ZN14PixelDmxParams4LoadEv
                0x0000000008005e54       0x18 ../lib-ws28xxdmx/lib_gd32/libws28xxdmx.a(pixeldmxparams.o)
                0x0000000008005e54                PixelDmxParams::Load()
 .text._ZN14PixelDmxParams3SetEP21PixelDmxConfiguration
                0x0000000008005e6c       0x7a ../lib-ws28xxdmx/lib_gd32/libws28xxdmx.a(pixeldmxparams.o)
                0x0000000008005e6c                PixelDmxParams::Set(PixelDmxConfiguration*)
 .text._ZN14PixelDmxParams4DumpEv
                0x0000000008005ee6        0x2 ../lib-ws28xxdmx/lib_gd32/libws28xxdmx.a(pixeldmxparamsdump.o)
                0x0000000008005ee6                PixelDmxParams::Dump()
 .text._ZN8LightSet8BlackoutEb
                0x0000000008005ee8        0x2 ../lib-ws28xxdmx/lib_gd32/libws28xxdmx.a(pixeldmxparamsrdm.o)
                0x0000000008005ee8                LightSet::Blackout(bool)
 .text._ZN8LightSet6FullOnEv
                0x0000000008005eea        0x2 ../lib-ws28xxdmx/lib_gd32/libws28xxdmx.a(pixeldmxparamsrdm.o)
                0x0000000008005eea                LightSet::FullOn()
 .text._ZN8LightSet5PrintEv
                0x0000000008005eec        0x2 ../lib-ws28xxdmx/lib_gd32/libws28xxdmx.a(pixeldmxparamsrdm.o)
                0x0000000008005eec                LightSet::Print()
 .text._ZN17PixelDmxParamsRdm4SyncEm
                0x0000000008005eee        0x2 ../lib-ws28xxdmx/lib_gd32/libws28xxdmx.a(pixeldmxparamsrdm.o)
                0x0000000008005eee                PixelDmxParamsRdm::Sync(unsigned long)
 .text._ZN17PixelDmxParamsRdm4SyncEb
                0x0000000008005ef0        0x2 ../lib-ws28xxdmx/lib_gd32/libws28xxdmx.a(pixeldmxparamsrdm.o)
                0x0000000008005ef0                PixelDmxParamsRdm::Sync(bool)
 .text._ZN17PixelDmxParamsRdm18SetDmxStartAddressEt
                0x0000000008005ef2        0x4 ../lib-ws28xxdmx/lib_gd32/libws28xxdmx.a(pixeldmxparamsrdm.o)
                0x0000000008005ef2                PixelDmxParamsRdm::SetDmxStartAddress(unsigned short)
 .text._ZN17PixelDmxParamsRdm18GetDmxStartAddressEv
                0x0000000008005ef6        0x4 ../lib-ws28xxdmx/lib_gd32/libws28xxdmx.a(pixeldmxparamsrdm.o)
                0x0000000008005ef6                PixelDmxParamsRdm::GetDmxStartAddress()
 .text._ZN17PixelDmxParamsRdm15GetDmxFootprintEv
                0x0000000008005efa        0x4 ../lib-ws28xxdmx/lib_gd32/libws28xxdmx.a(pixeldmxparamsrdm.o)
                0x0000000008005efa                PixelDmxParamsRdm::GetDmxFootprint()
 .text._ZN17PixelDmxParamsRdm5StartEm
                0x0000000008005efe        0x2 ../lib-ws28xxdmx/lib_gd32/libws28xxdmx.a(pixeldmxparamsrdm.o)
                0x0000000008005efe                PixelDmxParamsRdm::Start(unsigned long)
                0x0000000008005efe                PixelDmxParamsRdm::Stop(unsigned long)
 .text._ZN17PixelDmxParamsRdm11GetSlotInfoEtRN8lightset8SlotInfoE
                0x0000000008005f00       0x14 ../lib-ws28xxdmx/lib_gd32/libws28xxdmx.a(pixeldmxparamsrdm.o)
                0x0000000008005f00                PixelDmxParamsRdm::GetSlotInfo(unsigned short, lightset::SlotInfo&)
 .text._ZN17PixelDmxParamsRdmD2Ev
                0x0000000008005f14        0x2 ../lib-ws28xxdmx/lib_gd32/libws28xxdmx.a(pixeldmxparamsrdm.o)
                0x0000000008005f14                PixelDmxParamsRdm::~PixelDmxParamsRdm()
                0x0000000008005f14                PixelDmxParamsRdm::~PixelDmxParamsRdm()
 .text._ZN17PixelDmxParamsRdmD0Ev
                0x0000000008005f16        0xc ../lib-ws28xxdmx/lib_gd32/libws28xxdmx.a(pixeldmxparamsrdm.o)
                0x0000000008005f16                PixelDmxParamsRdm::~PixelDmxParamsRdm()
 *fill*         0x0000000008005f22        0x2 
 .text._ZN17PixelDmxParamsRdmC2EP13PixelDmxStore
                0x0000000008005f24       0x14 ../lib-ws28xxdmx/lib_gd32/libws28xxdmx.a(pixeldmxparamsrdm.o)
                0x0000000008005f24                PixelDmxParamsRdm::PixelDmxParamsRdm(PixelDmxStore*)
                0x0000000008005f24                PixelDmxParamsRdm::PixelDmxParamsRdm(PixelDmxStore*)
 .text._ZN17PixelDmxParamsRdm7SetDataEmPKhmb
                0x0000000008005f38       0x80 ../lib-ws28xxdmx/lib_gd32/libws28xxdmx.a(pixeldmxparamsrdm.o)
                0x0000000008005f38                PixelDmxParamsRdm::SetData(unsigned long, unsigned char const*, unsigned long, bool)
 .text._ZN18PixelConfiguration6GetTxHEN5pixel4TypeERhS2_
                0x0000000008005fb8       0x1a ../lib-ws28xx/lib_gd32/libws28xx.a(pixelconfiguration.o)
                0x0000000008005fb8                PixelConfiguration::GetTxH(pixel::Type, unsigned char&, unsigned char&)
 *fill*         0x0000000008005fd2        0x2 
 .text._ZN18PixelConfiguration8ValidateERm
                0x0000000008005fd4      0x12c ../lib-ws28xx/lib_gd32/libws28xx.a(pixelconfiguration.o)
                0x0000000008005fd4                PixelConfiguration::Validate(unsigned long&)
 .text._ZN18PixelConfiguration5PrintEv
                0x0000000008006100       0xd0 ../lib-ws28xx/lib_gd32/libws28xx.a(pixelconfiguration.o)
                0x0000000008006100                PixelConfiguration::Print()
 .text._ZN9PixelType7GetTypeEN5pixel4TypeE
                0x00000000080061d0       0x18 ../lib-ws28xx/lib_gd32/libws28xx.a(pixeltype.o)
                0x00000000080061d0                PixelType::GetType(pixel::Type)
 .text._ZN9PixelType6GetMapEN5pixel3MapE
                0x00000000080061e8       0x18 ../lib-ws28xx/lib_gd32/libws28xx.a(pixeltype.o)
                0x00000000080061e8                PixelType::GetMap(pixel::Map)
 .text._ZN9PixelType6GetMapEN5pixel4TypeE
                0x0000000008006200       0x14 ../lib-ws28xx/lib_gd32/libws28xx.a(pixeltype.o)
                0x0000000008006200                PixelType::GetMap(pixel::Type)
 .text._ZN9PixelType10ConvertTxHEh
                0x0000000008006214       0x5c ../lib-ws28xx/lib_gd32/libws28xx.a(pixeltype.o)
                0x0000000008006214                PixelType::ConvertTxH(unsigned char)
 .text._ZN13PixelPatterns14SetPixelColourEmmm.isra.0
                0x0000000008006270       0x4c ../lib-ws28xx/lib_gd32/libws28xx.a(pixelpatterns.o)
 .text._ZN13PixelPatterns5ClearEm.isra.0
                0x00000000080062bc       0x20 ../lib-ws28xx/lib_gd32/libws28xx.a(pixelpatterns.o)
 .text._ZN13PixelPatternsC2Em
                0x00000000080062dc       0x40 ../lib-ws28xx/lib_gd32/libws28xx.a(pixelpatterns.o)
                0x00000000080062dc                PixelPatterns::PixelPatterns(unsigned long)
                0x00000000080062dc                PixelPatterns::PixelPatterns(unsigned long)
 .text._ZN13PixelPatterns7GetNameEN13pixelpatterns7PatternE
                0x000000000800631c       0x18 ../lib-ws28xx/lib_gd32/libws28xx.a(pixelpatterns.o)
                0x000000000800631c                PixelPatterns::GetName(pixelpatterns::Pattern)
 .text._ZN13PixelPatterns12RainbowCycleEmmN13pixelpatterns9DirectionE
                0x0000000008006334       0x28 ../lib-ws28xx/lib_gd32/libws28xx.a(pixelpatterns.o)
                0x0000000008006334                PixelPatterns::RainbowCycle(unsigned long, unsigned long, pixelpatterns::Direction)
 .text._ZN13PixelPatterns12TheaterChaseEmmmmN13pixelpatterns9DirectionE
                0x000000000800635c       0x38 ../lib-ws28xx/lib_gd32/libws28xx.a(pixelpatterns.o)
                0x000000000800635c                PixelPatterns::TheaterChase(unsigned long, unsigned long, unsigned long, unsigned long, pixelpatterns::Direction)
 .text._ZN13PixelPatterns10ColourWipeEmmmN13pixelpatterns9DirectionE
                0x0000000008006394       0x34 ../lib-ws28xx/lib_gd32/libws28xx.a(pixelpatterns.o)
                0x0000000008006394                PixelPatterns::ColourWipe(unsigned long, unsigned long, unsigned long, pixelpatterns::Direction)
 .text._ZN13PixelPatterns7ScannerEmmm
                0x00000000080063c8       0x64 ../lib-ws28xx/lib_gd32/libws28xx.a(pixelpatterns.o)
                0x00000000080063c8                PixelPatterns::Scanner(unsigned long, unsigned long, unsigned long)
 .text._ZN13PixelPatterns4FadeEmmmmmN13pixelpatterns9DirectionE
                0x000000000800642c       0x30 ../lib-ws28xx/lib_gd32/libws28xx.a(pixelpatterns.o)
                0x000000000800642c                PixelPatterns::Fade(unsigned long, unsigned long, unsigned long, unsigned long, unsigned long, pixelpatterns::Direction)
 .text._ZN13PixelPatterns5WheelEh
                0x000000000800645c       0x46 ../lib-ws28xx/lib_gd32/libws28xx.a(pixelpatterns.o)
                0x000000000800645c                PixelPatterns::Wheel(unsigned char)
 *fill*         0x00000000080064a2        0x2 
 .text._ZN13PixelPatterns9IncrementEm
                0x00000000080064a4       0x3c ../lib-ws28xx/lib_gd32/libws28xx.a(pixelpatterns.o)
                0x00000000080064a4                PixelPatterns::Increment(unsigned long)
 .text._ZN13PixelPatterns18RainbowCycleUpdateEm
                0x00000000080064e0       0x4c ../lib-ws28xx/lib_gd32/libws28xx.a(pixelpatterns.o)
                0x00000000080064e0                PixelPatterns::RainbowCycleUpdate(unsigned long)
 .text._ZN13PixelPatterns18TheaterChaseUpdateEm
                0x000000000800652c       0x58 ../lib-ws28xx/lib_gd32/libws28xx.a(pixelpatterns.o)
                0x000000000800652c                PixelPatterns::TheaterChaseUpdate(unsigned long)
 .text._ZN13PixelPatterns16ColourWipeUpdateEm
                0x0000000008006584       0x24 ../lib-ws28xx/lib_gd32/libws28xx.a(pixelpatterns.o)
                0x0000000008006584                PixelPatterns::ColourWipeUpdate(unsigned long)
 .text._ZN13PixelPatterns13ScannerUpdateEm
                0x00000000080065a8       0xb8 ../lib-ws28xx/lib_gd32/libws28xx.a(pixelpatterns.o)
                0x00000000080065a8                PixelPatterns::ScannerUpdate(unsigned long)
 .text._ZN13PixelPatterns10FadeUpdateEm
                0x0000000008006660       0x90 ../lib-ws28xx/lib_gd32/libws28xx.a(pixelpatterns.o)
                0x0000000008006660                PixelPatterns::FadeUpdate(unsigned long)
 .text._ZN13PixelPatterns10PortUpdateEmm
                0x00000000080066f0       0x50 ../lib-ws28xx/lib_gd32/libws28xx.a(pixelpatterns.o)
                0x00000000080066f0                PixelPatterns::PortUpdate(unsigned long, unsigned long)
 .text._ZN13PixelPatterns3RunEv
                0x0000000008006740       0x50 ../lib-ws28xx/lib_gd32/libws28xx.a(pixelpatterns.o)
                0x0000000008006740                PixelPatterns::Run()
 .text._ZN6WS28xx8SetPixelEmhhh
                0x0000000008006790      0x234 ../lib-ws28xx/lib_gd32/libws28xx.a(ws28xx.o)
                0x0000000008006790                WS28xx::SetPixel(unsigned long, unsigned char, unsigned char, unsigned char)
 .text._ZN6WS28xx8SetPixelEmhhhh
                0x00000000080069c4      0x218 ../lib-ws28xx/lib_gd32/libws28xx.a(ws28xx.o)
                0x00000000080069c4                WS28xx::SetPixel(unsigned long, unsigned char, unsigned char, unsigned char, unsigned char)
 .text._ZN6WS28xxD2Ev
                0x0000000008006bdc        0xc ../lib-ws28xx/lib_gd32/libws28xx.a(ws28xx.o)
                0x0000000008006bdc                WS28xx::~WS28xx()
                0x0000000008006bdc                WS28xx::~WS28xx()
 .text._ZN6WS28xx12SetupBuffersEv
                0x0000000008006be8       0x30 ../lib-ws28xx/lib_gd32/libws28xx.a(ws28xx.o)
                0x0000000008006be8                WS28xx::SetupBuffers()
 .text._ZN6WS28xxC2ER18PixelConfiguration
                0x0000000008006c18       0x88 ../lib-ws28xx/lib_gd32/libws28xx.a(ws28xx.o)
                0x0000000008006c18                WS28xx::WS28xx(PixelConfiguration&)
                0x0000000008006c18                WS28xx::WS28xx(PixelConfiguration&)
 .text._ZN6WS28xx6UpdateEv
                0x0000000008006ca0       0x38 ../lib-ws28xx/lib_gd32/libws28xx.a(ws28xx.o)
                0x0000000008006ca0                WS28xx::Update()
 .text._ZN6WS28xx8BlackoutEv
                0x0000000008006cd8       0x8e ../lib-ws28xx/lib_gd32/libws28xx.a(ws28xx.o)
                0x0000000008006cd8                WS28xx::Blackout()
 .text._ZN6WS28xx6FullOnEv
                0x0000000008006d66       0x94 ../lib-ws28xx/lib_gd32/libws28xx.a(ws28xx.o)
                0x0000000008006d66                WS28xx::FullOn()
 *fill*         0x0000000008006dfa        0x2 
 .text._ZN7NetworkC2Ev
                0x0000000008006dfc       0x20 ../lib-network/lib_gd32/libnetwork.a(network.o)
                0x0000000008006dfc                Network::Network()
                0x0000000008006dfc                Network::Network()
 .text._ZN7Network16MacAddressCopyToEPh
                0x0000000008006e1c        0x6 ../lib-network/lib_gd32/libnetwork.a(network.o)
                0x0000000008006e1c                Network::MacAddressCopyTo(unsigned char*)
 .text._ZN7Display5WriteEmPKc.isra.0
                0x0000000008006e22       0x22 ../lib-displayudf/lib_gd32/libdisplayudf.a(displayudf.o)
 .text._ZN10DisplayUdfC2Ev
                0x0000000008006e44       0x24 ../lib-displayudf/lib_gd32/libdisplayudf.a(displayudf.o)
                0x0000000008006e44                DisplayUdf::DisplayUdf()
                0x0000000008006e44                DisplayUdf::DisplayUdf()
 .text._ZN10DisplayUdf8SetTitleEPKcz
                0x0000000008006e68       0x28 ../lib-displayudf/lib_gd32/libdisplayudf.a(displayudf.o)
                0x0000000008006e68                DisplayUdf::SetTitle(char const*, ...)
 .text._ZN10DisplayUdf3SetEmN10displayudf6LabelsE
                0x0000000008006e90       0x34 ../lib-displayudf/lib_gd32/libdisplayudf.a(displayudf.o)
                0x0000000008006e90                DisplayUdf::Set(unsigned long, displayudf::Labels)
 .text._ZN10DisplayUdf4ShowEv
                0x0000000008006ec4       0xa4 ../lib-displayudf/lib_gd32/libdisplayudf.a(displayudf.o)
                0x0000000008006ec4                DisplayUdf::Show()
 .text._ZN16DisplayUdfParamsC2EP21DisplayUdfParamsStore
                0x0000000008006f68       0x1a ../lib-displayudf/lib_gd32/libdisplayudf.a(displayudfparams.o)
                0x0000000008006f68                DisplayUdfParams::DisplayUdfParams(DisplayUdfParamsStore*)
                0x0000000008006f68                DisplayUdfParams::DisplayUdfParams(DisplayUdfParamsStore*)
 .text._ZN16DisplayUdfParams4LoadEv
                0x0000000008006f82       0x18 ../lib-displayudf/lib_gd32/libdisplayudf.a(displayudfparams.o)
                0x0000000008006f82                DisplayUdfParams::Load()
 .text._ZN16DisplayUdfParams3SetEP10DisplayUdf
                0x0000000008006f9a       0x6a ../lib-displayudf/lib_gd32/libdisplayudf.a(displayudfparams.o)
                0x0000000008006f9a                DisplayUdfParams::Set(DisplayUdf*)
 .text._ZN16DisplayUdfParams4DumpEv
                0x0000000008007004        0x2 ../lib-displayudf/lib_gd32/libdisplayudf.a(displayudfparams.o)
                0x0000000008007004                DisplayUdfParams::Dump()
 *fill*         0x0000000008007006        0x2 
 .text._ZN11configstore5delayEv
                0x0000000008007008        0xc ../lib-configstore/lib_gd32/libconfigstore.a(config_delay.o)
                0x0000000008007008                configstore::delay()
 .text._ZN11ConfigStoreC2Ev
                0x0000000008007014       0xb8 ../lib-configstore/lib_gd32/libconfigstore.a(configstore.o)
                0x0000000008007014                ConfigStore::ConfigStore()
                0x0000000008007014                ConfigStore::ConfigStore()
 .text._ZN11ConfigStore14GetStoreOffsetEN11configstore5StoreE
                0x00000000080070cc       0x1c ../lib-configstore/lib_gd32/libconfigstore.a(configstore.o)
                0x00000000080070cc                ConfigStore::GetStoreOffset(configstore::Store)
 .text._ZN11ConfigStore12ResetSetListEN11configstore5StoreE
                0x00000000080070e8       0x24 ../lib-configstore/lib_gd32/libconfigstore.a(configstore.o)
                0x00000000080070e8                ConfigStore::ResetSetList(configstore::Store)
 .text._ZN11ConfigStore6UpdateEN11configstore5StoreEmPKvmmm
                0x000000000800710c       0x5c ../lib-configstore/lib_gd32/libconfigstore.a(configstore.o)
                0x000000000800710c                ConfigStore::Update(configstore::Store, unsigned long, void const*, unsigned long, unsigned long, unsigned long)
 .text._ZN11ConfigStore4CopyEN11configstore5StoreEPvmm
                0x0000000008007168       0x58 ../lib-configstore/lib_gd32/libconfigstore.a(configstore.o)
                0x0000000008007168                ConfigStore::Copy(configstore::Store, void*, unsigned long, unsigned long)
 .text._ZN11ConfigStore5DelayEv
                0x00000000080071c0       0x10 ../lib-configstore/lib_gd32/libconfigstore.a(configstore.o)
                0x00000000080071c0                ConfigStore::Delay()
 .text._ZN11ConfigStore5FlashEv
                0x00000000080071d0       0xac ../lib-configstore/lib_gd32/libconfigstore.a(configstore.o)
                0x00000000080071d0                ConfigStore::Flash()
 .text._ZN15StoreDisplayUdfD2Ev
                0x000000000800727c        0x2 ../lib-configstore/lib_gd32/libconfigstore.a(storedisplayudf.o)
                0x000000000800727c                StoreDisplayUdf::~StoreDisplayUdf()
                0x000000000800727c                StoreDisplayUdf::~StoreDisplayUdf()
 *fill*         0x000000000800727e        0x2 
 .text._ZN15StoreDisplayUdf4CopyEPN16displayudfparams6ParamsE
                0x0000000008007280       0x20 ../lib-configstore/lib_gd32/libconfigstore.a(storedisplayudf.o)
                0x0000000008007280                StoreDisplayUdf::Copy(displayudfparams::Params*)
 .text._ZN15StoreDisplayUdf6UpdateEPKN16displayudfparams6ParamsE
                0x00000000080072a0       0x24 ../lib-configstore/lib_gd32/libconfigstore.a(storedisplayudf.o)
                0x00000000080072a0                StoreDisplayUdf::Update(displayudfparams::Params const*)
 .text._ZN15StoreDisplayUdfD0Ev
                0x00000000080072c4        0xc ../lib-configstore/lib_gd32/libconfigstore.a(storedisplayudf.o)
                0x00000000080072c4                StoreDisplayUdf::~StoreDisplayUdf()
 .text._ZN15StoreDisplayUdfC2Ev
                0x00000000080072d0       0x14 ../lib-configstore/lib_gd32/libconfigstore.a(storedisplayudf.o)
                0x00000000080072d0                StoreDisplayUdf::StoreDisplayUdf()
                0x00000000080072d0                StoreDisplayUdf::StoreDisplayUdf()
 .text._ZN11StoreDeviceC2Ev
                0x00000000080072e4       0x10 ../lib-configstore/lib_gd32/libconfigstore.a(storedevice.o)
                0x00000000080072e4                StoreDevice::StoreDevice()
                0x00000000080072e4                StoreDevice::StoreDevice()
 .text._ZNK11StoreDevice7GetSizeEv
                0x00000000080072f4        0x4 ../lib-configstore/lib_gd32/libconfigstore.a(storedevice.o)
                0x00000000080072f4                StoreDevice::GetSize() const
 .text._ZNK11StoreDevice13GetSectorSizeEv
                0x00000000080072f8        0x4 ../lib-configstore/lib_gd32/libconfigstore.a(storedevice.o)
                0x00000000080072f8                StoreDevice::GetSectorSize() const
 .text._ZN11StoreDevice4ReadEmmPhRN11storedevice6resultE
                0x00000000080072fc       0x14 ../lib-configstore/lib_gd32/libconfigstore.a(storedevice.o)
                0x00000000080072fc                StoreDevice::Read(unsigned long, unsigned long, unsigned char*, storedevice::result&)
 .text._ZN11StoreDevice5EraseEmmRN11storedevice6resultE
                0x0000000008007310       0x12 ../lib-configstore/lib_gd32/libconfigstore.a(storedevice.o)
                0x0000000008007310                StoreDevice::Erase(unsigned long, unsigned long, storedevice::result&)
 .text._ZN11StoreDevice5WriteEmmPKhRN11storedevice6resultE
                0x0000000008007322       0x14 ../lib-configstore/lib_gd32/libconfigstore.a(storedevice.o)
                0x0000000008007322                StoreDevice::Write(unsigned long, unsigned long, unsigned char const*, storedevice::result&)
 .text._ZN13StorePixelDmxD2Ev
                0x0000000008007336        0x6 ../lib-configstore/lib_gd32/libconfigstore.a(storepixeldmx.o)
                0x0000000008007336                StorePixelDmx::~StorePixelDmx()
                0x0000000008007336                StorePixelDmx::~StorePixelDmx()
                0x0000000008007338                non-virtual thunk to StorePixelDmx::~StorePixelDmx()
 .text._ZN13StorePixelDmx6UpdateEPKN14pixeldmxparams6ParamsE
                0x000000000800733c       0x24 ../lib-configstore/lib_gd32/libconfigstore.a(storepixeldmx.o)
                0x000000000800733c                StorePixelDmx::Update(pixeldmxparams::Params const*)
 .text._ZN13StorePixelDmx19SaveDmxStartAddressEt
                0x0000000008007360       0x34 ../lib-configstore/lib_gd32/libconfigstore.a(storepixeldmx.o)